Archive member included because of file (symbol)

/usr/local/xenon/usr/lib/libxenon.a(startup_from_xell.o)
                              (_start)
/usr/local/xenon/usr/lib/libxenon.a(console.o)
                              VL.o (console_color)
/usr/local/xenon/usr/lib/libxenon.a(newlib.o)
                              /usr/local/xenon/usr/lib/libxenon.a(console.o) (stdout_hook)
/usr/local/xenon/usr/lib/libxenon.a(xenon_syscalls.o)
                              /usr/local/xenon/usr/lib/libxenon.a(newlib.o) (__syscalls)
/usr/local/xenon/usr/lib/libxenon.a(atomic.o)
                              /usr/local/xenon/usr/lib/libxenon.a(startup_from_xell.o) (atomic_clearset)
/usr/local/xenon/usr/lib/libxenon.a(cache.o)
                              /usr/local/xenon/usr/lib/libxenon.a(console.o) (memdcbst)
/usr/local/xenon/usr/lib/libxenon.a(except.o)
                              (exc_base)
/usr/local/xenon/usr/lib/libxenon.a(c_except.o)
                              /usr/local/xenon/usr/lib/libxenon.a(except.o) (crashdump)
/usr/local/xenon/usr/lib/libxenon.a(vm.o)
                              /usr/local/xenon/usr/lib/libxenon.a(except.o) (vm_segfault_handler)
/usr/local/xenon/usr/lib/libxenon.a(usbmain.o)
                              /usr/local/xenon/usr/lib/libxenon.a(xenon_syscalls.o) (usb_shutdown)
/usr/local/xenon/usr/lib/libxenon.a(tinyehci.o)
                              /usr/local/xenon/usr/lib/libxenon.a(usbmain.o) (USBStorage_Init)
/usr/local/xenon/usr/lib/libxenon.a(xenon_smc.o)
                              /usr/local/xenon/usr/lib/libxenon.a(xenon_syscalls.o) (xenon_smc_send_message)
/usr/local/xenon/usr/lib/libxenon.a(xenon_power.o)
                              main.o (xenon_run_thread_task)
/usr/local/xenon/usr/lib/libxenon.a(xenon_uart.o)
                              /usr/local/xenon/usr/lib/libxenon.a(newlib.o) (putch)
/usr/local/xenon/usr/lib/libxenon.a(xenon_sfcx.o)
                              VL.o (sfcx_init)
/usr/local/xenon/usr/lib/libxenon.a(xenon_config.o)
                              VL.o (xenon_config_init)
/usr/local/xenon/usr/lib/libxenon.a(xenos.o)
                              VL.o (xenos_init)
/usr/local/xenon/usr/lib/libxenon.a(xenos_edid.o)
                              /usr/local/xenon/usr/lib/libxenon.a(xenos.o) (xenos_get_edid)
/usr/local/xenon/usr/lib/libxenon.a(enet.o)
                              /usr/local/xenon/usr/lib/libxenon.a(xenon_syscalls.o) (enet_quiesce)
/usr/local/xenon/usr/lib/libxenon.a(network.o)
                              VL.o (network_init_sys)
/usr/local/xenon/usr/lib/libxenon.a(threads.o)
                              /usr/local/xenon/usr/lib/libxenon.a(except.o) (common_interrupt_handler)
/usr/local/xenon/usr/lib/libxenon.a(c_threads.o)
                              /usr/local/xenon/usr/lib/libxenon.a(except.o) (external_interrupt_handler)
/usr/local/xenon/usr/lib/libxenon.a(c_debug.o)
                              /usr/local/xenon/usr/lib/libxenon.a(except.o) (segfault_handler)
/usr/local/xenon/usr/lib/libxenon.a(mutex.o)
                              /usr/local/xenon/usr/lib/libxenon.a(xenon_syscalls.o) (mutex_create)
/usr/local/xenon/usr/lib/libxenon.a(lib_malloc.o)
                              /usr/local/xenon/usr/lib/libxenon.a(usbmain.o) (kmem_init)
/usr/local/xenon/usr/lib/libxenon.a(io.o)
                              /usr/local/xenon/usr/lib/libxenon.a(usbmain.o) (read32)
/usr/local/xenon/usr/lib/libxenon.a(interrupt.o)
                              /usr/local/xenon/usr/lib/libxenon.a(c_threads.o) (pci_irq_init)
/usr/local/xenon/usr/lib/libxenon.a(time.o)
                              /usr/local/xenon/usr/lib/libxenon.a(xenon_uart.o) (stall_execution)
/usr/local/xenon/usr/lib/libxenon.a(ohci.o)
                              /usr/local/xenon/usr/lib/libxenon.a(usbmain.o) (ohci_driver)
/usr/local/xenon/usr/lib/libxenon.a(usbd.o)
                              /usr/local/xenon/usr/lib/libxenon.a(usbmain.o) (usb_poll)
/usr/local/xenon/usr/lib/libxenon.a(usbdevs.o)
                              /usr/local/xenon/usr/lib/libxenon.a(usbd.o) (usb_find_driver)
/usr/local/xenon/usr/lib/libxenon.a(usbhid.o)
                              /usr/local/xenon/usr/lib/libxenon.a(usbdevs.o) (usbhid_driver)
/usr/local/xenon/usr/lib/libxenon.a(usbhub.o)
                              /usr/local/xenon/usr/lib/libxenon.a(usbd.o) (usb_scan)
/usr/local/xenon/usr/lib/libxenon.a(usb_os.o)
                              /usr/local/xenon/usr/lib/libxenon.a(tinyehci.o) (ehci_maligned)
/usr/local/xenon/usr/lib/libxenon.a(xenon_gpio.o)
                              /usr/local/xenon/usr/lib/libxenon.a(enet.o) (xenon_gpio_control)
/usr/local/xenon/usr/lib/libxenon.a(cpusleep.o)
                              /usr/local/xenon/usr/lib/libxenon.a(xenon_power.o) (cpusleep)
/usr/local/xenon/usr/lib/libxenon.a(netifapi.o)
                              /usr/local/xenon/usr/lib/libxenon.a(network.o) (netifapi_netif_add)
/usr/local/xenon/usr/lib/libxenon.a(tcpip.o)
[...]
Memory Configuration

Name             Origin             Length             Attributes
*default*        0x0000000000000000 0xffffffffffffffff

Linker script and memory map

LOAD /usr/local/xenon/lib/gcc/xenon/4.6.1/../../../../xenon/lib/../lib/crt1.o
LOAD /usr/local/xenon/lib/gcc/xenon/4.6.1/../../../../xenon/lib/../lib/crti.o
LOAD /usr/local/xenon/lib/gcc/xenon/4.6.1/32/crtbegin.o
LOAD main.o
LOAD VL.o
LOAD /usr/local/xenon/usr/lib/libxenon.a
LOAD /usr/local/xenon/xenon/lib/32/libm.a
LOAD /usr/local/xenon/lib/gcc/xenon/4.6.1/32/libgcc.a
LOAD /usr/local/xenon/xenon/lib/32/libc.a
LOAD /usr/local/xenon/lib/gcc/xenon/4.6.1/32/libgcc.a
LOAD /usr/local/xenon/lib/gcc/xenon/4.6.1/32/crtend.o
LOAD /usr/local/xenon/lib/gcc/xenon/4.6.1/../../../../xenon/lib/../lib/crtn.o
                0x0000000080000000                . = 0x80000000

.text           0x0000000080000000    0x29808
 *(.except*)
 .except        0x0000000080000000     0x1f20 /usr/local/xenon/usr/lib/libxenon.a(except.o)
                0x0000000080000000                secondary_lock
                0x0000000080000000                exc_base
                0x0000000080000004                secondary_alive
                0x0000000080001e18                dump_from_pagefault
 *(.pagetable)
 .pagetable     0x0000000080001f20       0x40 /usr/local/xenon/usr/lib/libxenon.a(vm.o)
                0x0000000080001f20                pagetable
                0x0000000080001f60                pagetable_end = .
 *(.text*)
 .text.call_ctors
                0x0000000080001f60       0x48 /usr/local/xenon/lib/gcc/xenon/4.6.1/../../../../xenon/lib/../lib/crt1.o
                0x0000000080001f60                call_ctors
 .text.c_register_frame
                0x0000000080001fa8       0x28 /usr/local/xenon/lib/gcc/xenon/4.6.1/../../../../xenon/lib/../lib/crt1.o
                0x0000000080001fa8                c_register_frame
 .text.startup.main
                0x0000000080001fd0       0x74 main.o
                0x0000000080001fd0                main
 *fill*         0x0000000080002044        0x4 00
 .text.verificationLoader
                0x0000000080002048      0x120 VL.o
                0x0000000080002048                verificationLoader
 *fill*         0x0000000080002168       0x98 00
 .text          0x0000000080002200      0x334 /usr/local/xenon/usr/lib/libxenon.a(startup_from_xell.o)
                0x0000000080002200                _start
                0x0000000080002434                wait
                0x00000000800024bc                return_to_xell
 .text.console_pset32
                0x0000000080002534       0x54 /usr/local/xenon/usr/lib/libxenon.a(console.o)
 .text.console_clrscr
                0x0000000080002588       0x80 /usr/local/xenon/usr/lib/libxenon.a(console.o)
                0x0000000080002588                console_clrscr
 .text.console_newline
                0x0000000080002608       0xe8 /usr/local/xenon/usr/lib/libxenon.a(console.o)
                0x0000000080002608                console_newline
 .text.console_putch
                0x00000000800026f0      0x120 /usr/local/xenon/usr/lib/libxenon.a(console.o)
                0x00000000800026f0                console_putch
 .text.console_stdout_hook
                0x0000000080002810       0x50 /usr/local/xenon/usr/lib/libxenon.a(console.o)
 .text.console_init
                0x0000000080002860      0x170 /usr/local/xenon/usr/lib/libxenon.a(console.o)
                0x0000000080002860                console_init
 .text.console_is_initialized
                0x00000000800029d0        0xc /usr/local/xenon/usr/lib/libxenon.a(console.o)
                0x00000000800029d0                console_is_initialized
 .text.console_set_colors
                0x00000000800029dc        0x4 /usr/local/xenon/usr/lib/libxenon.a(console.o)
                0x00000000800029dc                console_set_colors
 .text.vfs_console_write
                0x00000000800029e0       0x64 /usr/local/xenon/usr/lib/libxenon.a(newlib.o)
                0x00000000800029e0                vfs_console_write
 .text.__malloc_lock
                0x0000000080002a44       0x34 /usr/local/xenon/usr/lib/libxenon.a(newlib.o)
                0x0000000080002a44                __malloc_lock
 .text.__malloc_unlock
                0x0000000080002a78       0x34 /usr/local/xenon/usr/lib/libxenon.a(newlib.o)
                0x0000000080002a78                __malloc_unlock
 .text._exit    0x0000000080002aac       0x38 /usr/local/xenon/usr/lib/libxenon.a(newlib.o)
                0x0000000080002aac                _exit
 .text.sbrk     0x0000000080002ae4       0x50 /usr/local/xenon/usr/lib/libxenon.a(newlib.o)
                0x0000000080002ae4                sbrk
 .text.abort    0x0000000080002b34       0x2c /usr/local/xenon/usr/lib/libxenon.a(newlib.o)
                0x0000000080002b34                abort
 .text.isatty   0x0000000080002b60        0x8 /usr/local/xenon/usr/lib/libxenon.a(newlib.o)
                0x0000000080002b60                isatty
 .text.__release_handle
                0x0000000080002b68       0x4c /usr/local/xenon/usr/lib/libxenon.a(newlib.o)
                0x0000000080002b68                __release_handle
 .text.__get_handle
                0x0000000080002bb4       0x24 /usr/local/xenon/usr/lib/libxenon.a(newlib.o)
                0x0000000080002bb4                __get_handle
 .text.read     0x0000000080002bd8       0x98 /usr/local/xenon/usr/lib/libxenon.a(newlib.o)
                0x0000000080002bd8                read
 .text.write    0x0000000080002c70       0x9c /usr/local/xenon/usr/lib/libxenon.a(newlib.o)
                0x0000000080002c70                write
 .text.fstat    0x0000000080002d0c       0x9c /usr/local/xenon/usr/lib/libxenon.a(newlib.o)
                0x0000000080002d0c                fstat
 .text.lseek    0x0000000080002da8       0x98 /usr/local/xenon/usr/lib/libxenon.a(newlib.o)
                0x0000000080002da8                lseek
 .text.close    0x0000000080002e40       0x80 /usr/local/xenon/usr/lib/libxenon.a(newlib.o)
                0x0000000080002e40                close
 .text.xenon_sbrk
                0x0000000080002ec0       0x2c /usr/local/xenon/usr/lib/libxenon.a(xenon_syscalls.o)
 .text.xenon_gettimeofday
                0x0000000080002eec       0xa8 /usr/local/xenon/usr/lib/libxenon.a(xenon_syscalls.o)
 .text.xenon_malloc_unlock
                0x0000000080002f94       0xb0 /usr/local/xenon/usr/lib/libxenon.a(xenon_syscalls.o)
 .text.xenon_malloc_lock
                0x0000000080003044       0x98 /usr/local/xenon/usr/lib/libxenon.a(xenon_syscalls.o)
 .text.shutdown_drivers
                0x00000000800030dc       0x24 /usr/local/xenon/usr/lib/libxenon.a(xenon_syscalls.o)
                0x00000000800030dc                shutdown_drivers
 .text.try_return_to_xell
                0x0000000080003100       0x50 /usr/local/xenon/usr/lib/libxenon.a(xenon_syscalls.o)
                0x0000000080003100                try_return_to_xell
 .text.xenon_exit
                0x0000000080003150      0x15c /usr/local/xenon/usr/lib/libxenon.a(xenon_syscalls.o)
 .text.newlib_thread_shutdown
                0x00000000800032ac       0x3c /usr/local/xenon/usr/lib/libxenon.a(xenon_syscalls.o)
                0x00000000800032ac                newlib_thread_shutdown
 .text          0x00000000800032e8       0xc4 /usr/local/xenon/usr/lib/libxenon.a(atomic.o)
                0x00000000800032e8                atomic_inc
                0x00000000800032fc                atomic_dec
                0x0000000080003310                atomic_clearset
                0x0000000080003328                atomic_compareswap
                0x0000000080003360                lock
                0x000000008000339c                unlock
 .text          0x00000000800033ac       0xa8 /usr/local/xenon/usr/lib/libxenon.a(cache.o)
                0x00000000800033ac                memdcbt
                0x00000000800033d4                memdcbst
                0x00000000800033fc                memdcbf
                0x0000000080003424                memicbi
 .text.flush_console
                0x0000000080003454       0x78 /usr/local/xenon/usr/lib/libxenon.a(c_except.o)
 .text.crashdump
                0x00000000800034cc      0x454 /usr/local/xenon/usr/lib/libxenon.a(c_except.o)
                0x00000000800034cc                crashdump
 .text.usb_init_one_ohci
                0x0000000080003920       0xcc /usr/local/xenon/usr/lib/libxenon.a(usbmain.o)
 .text.usb_shutdown
                0x00000000800039ec       0xb4 /usr/local/xenon/usr/lib/libxenon.a(usbmain.o)
                0x00000000800039ec                usb_shutdown
 .text.usb_init
                0x0000000080003aa0      0x114 /usr/local/xenon/usr/lib/libxenon.a(usbmain.o)
                0x0000000080003aa0                usb_init
 .text.usb_do_poll
                0x0000000080003bb4       0x90 /usr/local/xenon/usr/lib/libxenon.a(usbmain.o)
                0x0000000080003bb4                usb_do_poll
 .text.qtd_fill
                0x0000000080003c44       0xa4 /usr/local/xenon/usr/lib/libxenon.a(tinyehci.o)
 .text.ehci_qtd_alloc
                0x0000000080003ce8       0x78 /usr/local/xenon/usr/lib/libxenon.a(tinyehci.o)
 .text.handshake.isra.5
                0x0000000080003d60      0x178 /usr/local/xenon/usr/lib/libxenon.a(tinyehci.o)
 .text.ehci_mem_init
                0x0000000080003ed8       0xf8 /usr/local/xenon/usr/lib/libxenon.a(tinyehci.o)
                0x0000000080003ed8                ehci_mem_init
 .text.qh_urb_transaction
                0x0000000080003fd0      0x1c0 /usr/local/xenon/usr/lib/libxenon.a(tinyehci.o)
                0x0000000080003fd0                qh_urb_transaction
 .text.ehci_do_urb
                0x0000000080004190      0x3c8 /usr/local/xenon/usr/lib/libxenon.a(tinyehci.o)
                0x0000000080004190                ehci_do_urb
 .text.ehci_control_message
                0x0000000080004558       0x84 /usr/local/xenon/usr/lib/libxenon.a(tinyehci.o)
                0x0000000080004558                ehci_control_message
 .text.ehci_bulk_message
                0x00000000800045dc       0x48 /usr/local/xenon/usr/lib/libxenon.a(tinyehci.o)
                0x00000000800045dc                ehci_bulk_message
 .text.__send_cbw
                0x0000000080004624      0x118 /usr/local/xenon/usr/lib/libxenon.a(tinyehci.o)
 .text.ehci_reset_port_old
                0x000000008000473c      0x1a4 /usr/local/xenon/usr/lib/libxenon.a(tinyehci.o)
                0x000000008000473c                ehci_reset_port_old
 .text.ehci_adquire_port
                0x00000000800048e0       0x88 /usr/local/xenon/usr/lib/libxenon.a(tinyehci.o)
                0x00000000800048e0                ehci_adquire_port
 .text.ehci_reset_usb_port
                0x0000000080004968      0x174 /usr/local/xenon/usr/lib/libxenon.a(tinyehci.o)
                0x0000000080004968                ehci_reset_usb_port
 .text.ehci_reset_port2
                0x0000000080004adc       0x6c /usr/local/xenon/usr/lib/libxenon.a(tinyehci.o)
                0x0000000080004adc                ehci_reset_port2
 .text.USB_FreeDescriptors
                0x0000000080004b48       0xa8 /usr/local/xenon/usr/lib/libxenon.a(tinyehci.o)
                0x0000000080004b48                USB_FreeDescriptors
 .text.USB_GetDescriptors
                0x0000000080004bf0      0x340 /usr/local/xenon/usr/lib/libxenon.a(tinyehci.o)
                0x0000000080004bf0                USB_GetDescriptors
 .text.USB_GetConfiguration
                0x0000000080004f30       0x7c /usr/local/xenon/usr/lib/libxenon.a(tinyehci.o)
                0x0000000080004f30                USB_GetConfiguration
 .text.USB_SetConfiguration
                0x0000000080004fac       0x1c /usr/local/xenon/usr/lib/libxenon.a(tinyehci.o)
                0x0000000080004fac                USB_SetConfiguration
 .text.USB_SetAlternativeInterface
                0x0000000080004fc8       0x28 /usr/local/xenon/usr/lib/libxenon.a(tinyehci.o)
                0x0000000080004fc8                USB_SetAlternativeInterface
 .text.USB_ClearHalt
                0x0000000080004ff0       0x1c /usr/local/xenon/usr/lib/libxenon.a(tinyehci.o)
                0x0000000080004ff0                USB_ClearHalt
 .text.ehci_init_port
                0x000000008000500c      0x14c /usr/local/xenon/usr/lib/libxenon.a(tinyehci.o)
                0x000000008000500c                ehci_init_port
 .text.ehci_reset_port
                0x0000000080005158       0x50 /usr/local/xenon/usr/lib/libxenon.a(tinyehci.o)
                0x0000000080005158                ehci_reset_port
 .text.ehci_discover
                0x00000000800051a8       0x54 /usr/local/xenon/usr/lib/libxenon.a(tinyehci.o)
                0x00000000800051a8                ehci_discover
 .text.EHCI_do_one
                0x00000000800051fc      0x144 /usr/local/xenon/usr/lib/libxenon.a(tinyehci.o)
 .text.my_memcmp
                0x0000000080005340       0x44 /usr/local/xenon/usr/lib/libxenon.a(tinyehci.o)
                0x0000000080005340                my_memcmp
 .text.USBStorage_Close
                0x0000000080005384       0x44 /usr/local/xenon/usr/lib/libxenon.a(tinyehci.o)
                0x0000000080005384                USBStorage_Close
 .text.USBStorage_ReadCapacity
                0x00000000800053c8       0xb8 /usr/local/xenon/usr/lib/libxenon.a(tinyehci.o)
                0x00000000800053c8                USBStorage_ReadCapacity
 .text.USBStorage_MountLUN
                0x0000000080005480      0x1f4 /usr/local/xenon/usr/lib/libxenon.a(tinyehci.o)
                0x0000000080005480                USBStorage_MountLUN
 .text.__usbstorage_reset.isra.9
                0x0000000080005674      0x1a8 /usr/local/xenon/usr/lib/libxenon.a(tinyehci.o)
 .text.USBStorage_Open
                0x000000008000581c      0x3b8 /usr/local/xenon/usr/lib/libxenon.a(tinyehci.o)
                0x000000008000581c                USBStorage_Open
 .text.__cycle.constprop.13
                0x0000000080005bd4      0x268 /usr/local/xenon/usr/lib/libxenon.a(tinyehci.o)
 .text.USBStorage_Inquiry
                0x0000000080005e3c       0xa0 /usr/local/xenon/usr/lib/libxenon.a(tinyehci.o)
                0x0000000080005e3c                USBStorage_Inquiry
 .text.USBStorage_Try_Device
                0x0000000080005edc      0x19c /usr/local/xenon/usr/lib/libxenon.a(tinyehci.o)
                0x0000000080005edc                USBStorage_Try_Device
 .text.USBStorage_Init
                0x0000000080006078      0x18c /usr/local/xenon/usr/lib/libxenon.a(tinyehci.o)
                0x0000000080006078                USBStorage_Init
 .text.EHCI_Init
                0x0000000080006204       0x50 /usr/local/xenon/usr/lib/libxenon.a(tinyehci.o)
                0x0000000080006204                EHCI_Init
 .text.xenon_smc_send_message
                0x0000000080006254       0x98 /usr/local/xenon/usr/lib/libxenon.a(xenon_smc.o)
                0x0000000080006254                xenon_smc_send_message
 .text.xenon_smc_receive_message
                0x00000000800062ec       0x80 /usr/local/xenon/usr/lib/libxenon.a(xenon_smc.o)
                0x00000000800062ec                xenon_smc_receive_message
 .text.xenon_smc_handle_bulk
                0x000000008000636c       0x94 /usr/local/xenon/usr/lib/libxenon.a(xenon_smc.o)
                0x000000008000636c                xenon_smc_handle_bulk
 .text.xenon_smc_receive_response
                0x0000000080006400       0x48 /usr/local/xenon/usr/lib/libxenon.a(xenon_smc.o)
                0x0000000080006400                xenon_smc_receive_response
 .text.xenon_smc_ana_write
                0x0000000080006448       0x9c /usr/local/xenon/usr/lib/libxenon.a(xenon_smc.o)
                0x0000000080006448                xenon_smc_ana_write
 .text.xenon_smc_ana_read
                0x00000000800064e4       0xc0 /usr/local/xenon/usr/lib/libxenon.a(xenon_smc.o)
                0x00000000800064e4                xenon_smc_ana_read
 .text.xenon_smc_i2c_ddc_lock
                0x00000000800065a4       0x78 /usr/local/xenon/usr/lib/libxenon.a(xenon_smc.o)
                0x00000000800065a4                xenon_smc_i2c_ddc_lock
 .text.xenon_smc_i2c_write
                0x000000008000661c       0xb0 /usr/local/xenon/usr/lib/libxenon.a(xenon_smc.o)
                0x000000008000661c                xenon_smc_i2c_write
 .text.xenon_smc_i2c_read
                0x00000000800066cc       0xc8 /usr/local/xenon/usr/lib/libxenon.a(xenon_smc.o)
                0x00000000800066cc                xenon_smc_i2c_read
 .text.xenon_smc_set_led
                0x0000000080006794       0x40 /usr/local/xenon/usr/lib/libxenon.a(xenon_smc.o)
                0x0000000080006794                xenon_smc_set_led
 .text.xenon_smc_power_shutdown
                0x00000000800067d4       0x40 /usr/local/xenon/usr/lib/libxenon.a(xenon_smc.o)
                0x00000000800067d4                xenon_smc_power_shutdown
 .text.xenon_smc_power_reboot
                0x0000000080006814       0x48 /usr/local/xenon/usr/lib/libxenon.a(xenon_smc.o)
                0x0000000080006814                xenon_smc_power_reboot
 .text.xenon_smc_read_avpack
                0x000000008000685c       0x48 /usr/local/xenon/usr/lib/libxenon.a(xenon_smc.o)
                0x000000008000685c                xenon_smc_read_avpack
 .text.xenon_smc_set_fan_algorithm
                0x00000000800068a4       0x3c /usr/local/xenon/usr/lib/libxenon.a(xenon_smc.o)
                0x00000000800068a4                xenon_smc_set_fan_algorithm
 .text.wakeup_cpus
                0x00000000800068e0       0xb8 /usr/local/xenon/usr/lib/libxenon.a(xenon_power.o)
                0x00000000800068e0                wakeup_cpus
 .text.prepare_sleep
                0x0000000080006998       0x74 /usr/local/xenon/usr/lib/libxenon.a(xenon_power.o)
                0x0000000080006998                prepare_sleep
 .text.xenon_thread_sleep
                0x0000000080006a0c       0x5c /usr/local/xenon/usr/lib/libxenon.a(xenon_power.o)
                0x0000000080006a0c                xenon_thread_sleep
 .text.xenon_set_speed
                0x0000000080006a68      0x348 /usr/local/xenon/usr/lib/libxenon.a(xenon_power.o)
                0x0000000080006a68                xenon_set_speed
 .text.xenon_run_thread_task
                0x0000000080006db0       0x38 /usr/local/xenon/usr/lib/libxenon.a(xenon_power.o)
                0x0000000080006db0                xenon_run_thread_task
 .text.xenon_is_thread_task_running
                0x0000000080006de8       0x20 /usr/local/xenon/usr/lib/libxenon.a(xenon_power.o)
                0x0000000080006de8                xenon_is_thread_task_running
 .text.xenon_thread_startup
                0x0000000080006e08       0x4c /usr/local/xenon/usr/lib/libxenon.a(xenon_power.o)
                0x0000000080006e08                xenon_thread_startup
 .text.xenon_set_single_thread_mode
                0x0000000080006e54       0x94 /usr/local/xenon/usr/lib/libxenon.a(xenon_power.o)
                0x0000000080006e54                xenon_set_single_thread_mode
 .text.xenon_make_it_faster
                0x0000000080006ee8      0x100 /usr/local/xenon/usr/lib/libxenon.a(xenon_power.o)
                0x0000000080006ee8                xenon_make_it_faster
 .text.poll_status
                0x0000000080006fe8       0x84 /usr/local/xenon/usr/lib/libxenon.a(xenon_uart.o)
                0x0000000080006fe8                poll_status
 .text.kbhit    0x000000008000706c       0x40 /usr/local/xenon/usr/lib/libxenon.a(xenon_uart.o)
                0x000000008000706c                kbhit
 .text.putch    0x00000000800070ac       0x68 /usr/local/xenon/usr/lib/libxenon.a(xenon_uart.o)
                0x00000000800070ac                putch
 .text.getch    0x0000000080007114       0x64 /usr/local/xenon/usr/lib/libxenon.a(xenon_uart.o)
                0x0000000080007114                getch
 .text.sfcx_read_page
                0x0000000080007178      0x148 /usr/local/xenon/usr/lib/libxenon.a(xenon_sfcx.o)
                0x0000000080007178                sfcx_read_page
 .text.sfcx_init
                0x00000000800072c0      0x2bc /usr/local/xenon/usr/lib/libxenon.a(xenon_sfcx.o)
                0x00000000800072c0                sfcx_init
 .text.xenon_config_init
                0x000000008000757c       0xa4 /usr/local/xenon/usr/lib/libxenon.a(xenon_config.o)
                0x000000008000757c                xenon_config_init
 .text.xenon_config_get_avregion
                0x0000000080007620       0x94 /usr/local/xenon/usr/lib/libxenon.a(xenon_config.o)
                0x0000000080007620                xenon_config_get_avregion
 .text.xenon_config_get_mac_addr
                0x00000000800076b4       0x9c /usr/local/xenon/usr/lib/libxenon.a(xenon_config.o)
                0x00000000800076b4                xenon_config_get_mac_addr
 .text.xenon_config_get_vid_delta
                0x0000000080007750       0x24 /usr/local/xenon/usr/lib/libxenon.a(xenon_config.o)
                0x0000000080007750                xenon_config_get_vid_delta
 .text.xenos_write32
                0x0000000080007774       0x24 /usr/local/xenon/usr/lib/libxenon.a(xenos.o)
                0x0000000080007774                xenos_write32
 .text.xenos_read32
                0x0000000080007798       0x24 /usr/local/xenon/usr/lib/libxenon.a(xenos.o)
                0x0000000080007798                xenos_read32
 .text.xenos_ana_write
                0x00000000800077bc       0x6c /usr/local/xenon/usr/lib/libxenon.a(xenos.o)
 .text.xenos_init_ana_new
                0x0000000080007828      0x338 /usr/local/xenon/usr/lib/libxenon.a(xenos.o)
                0x0000000080007828                xenos_init_ana_new
 .text.xenos_init_phase0
                0x0000000080007b60       0x98 /usr/local/xenon/usr/lib/libxenon.a(xenos.o)
                0x0000000080007b60                xenos_init_phase0
 .text.xenos_init_phase1
                0x0000000080007bf8      0x3b0 /usr/local/xenon/usr/lib/libxenon.a(xenos.o)
                0x0000000080007bf8                xenos_init_phase1
 .text.xenos_ana_preinit
                0x0000000080007fa8       0xd0 /usr/local/xenon/usr/lib/libxenon.a(xenos.o)
                0x0000000080007fa8                xenos_ana_preinit
 .text.xenos_set_mode_f1
                0x0000000080008078      0x148 /usr/local/xenon/usr/lib/libxenon.a(xenos.o)
                0x0000000080008078                xenos_set_mode_f1
 .text.xenos_set_mode_f2
                0x00000000800081c0      0x304 /usr/local/xenon/usr/lib/libxenon.a(xenos.o)
                0x00000000800081c0                xenos_set_mode_f2
 .text.xenos_set_mode
                0x00000000800084c4      0x358 /usr/local/xenon/usr/lib/libxenon.a(xenos.o)
                0x00000000800084c4                xenos_set_mode
 .text.xenos_autoset_mode
                0x000000008000881c      0x210 /usr/local/xenon/usr/lib/libxenon.a(xenos.o)
                0x000000008000881c                xenos_autoset_mode
 .text.xenos_init
                0x0000000080008a2c       0xf4 /usr/local/xenon/usr/lib/libxenon.a(xenos.o)
                0x0000000080008a2c                xenos_init
 .text.xenos_is_initialized
                0x0000000080008b20        0xc /usr/local/xenon/usr/lib/libxenon.a(xenos.o)
                0x0000000080008b20                xenos_is_initialized
 .text.xenos_is_overscan
                0x0000000080008b2c       0x1c /usr/local/xenon/usr/lib/libxenon.a(xenos.o)
                0x0000000080008b2c                xenos_is_overscan
 .text.xenos_do_probe_ddc_edid
                0x0000000080008b48      0x1a0 /usr/local/xenon/usr/lib/libxenon.a(xenos_edid.o)
                0x0000000080008b48                xenos_do_probe_ddc_edid
 .text.xenos_ddc_read_edid
                0x0000000080008ce8      0x184 /usr/local/xenon/usr/lib/libxenon.a(xenos_edid.o)
 .text.xenos_get_edid
                0x0000000080008e6c       0xa8 /usr/local/xenon/usr/lib/libxenon.a(xenos_edid.o)
                0x0000000080008e6c                xenos_get_edid
 .text.xenos_detect_hdmi_monitor
                0x0000000080008f14       0xe4 /usr/local/xenon/usr/lib/libxenon.a(xenos_edid.o)
                0x0000000080008f14                xenos_detect_hdmi_monitor
 .text.phy_read
                0x0000000080008ff8       0x88 /usr/local/xenon/usr/lib/libxenon.a(enet.o)
 .text.enet_linkoutput
                0x0000000080009080      0x124 /usr/local/xenon/usr/lib/libxenon.a(enet.o)
 .text.enet_init
                0x00000000800091a4      0x580 /usr/local/xenon/usr/lib/libxenon.a(enet.o)
                0x00000000800091a4                enet_init
 .text.enet_poll
                0x0000000080009724      0x190 /usr/local/xenon/usr/lib/libxenon.a(enet.o)
                0x0000000080009724                enet_poll
 .text.enet_quiesce
                0x00000000800098b4       0x3c /usr/local/xenon/usr/lib/libxenon.a(enet.o)
                0x00000000800098b4                enet_quiesce
 .text.network_init_sys
                0x00000000800098f0      0x224 /usr/local/xenon/usr/lib/libxenon.a(network.o)
                0x00000000800098f0                network_init_sys
 .text.network_poll
                0x0000000080009b14       0x28 /usr/local/xenon/usr/lib/libxenon.a(network.o)
                0x0000000080009b14                network_poll
 .text.network_poll_thr
                0x0000000080009b3c       0x14 /usr/local/xenon/usr/lib/libxenon.a(network.o)
                0x0000000080009b3c                network_poll_thr
 .text.network_print_config
                0x0000000080009b50       0x88 /usr/local/xenon/usr/lib/libxenon.a(network.o)
                0x0000000080009b50                network_print_config
 .text.netif_status_change
                0x0000000080009bd8       0x84 /usr/local/xenon/usr/lib/libxenon.a(network.o)
                0x0000000080009bd8                netif_status_change
 .text          0x0000000080009c5c      0x2b0 /usr/local/xenon/usr/lib/libxenon.a(threads.o)
                0x0000000080009c5c                thread_disable_interrupts
                0x0000000080009c6c                thread_enable_interrupts
                0x0000000080009c74                spinlock
                0x0000000080009cb0                common_interrupt_handler
                0x0000000080009d40                common_interrupt_return
                0x0000000080009df4                save_floating_point
                0x0000000080009e80                restore_floating_point
 .text.thread_interrupt_unexpected
                0x0000000080009f0c       0x18 /usr/local/xenon/usr/lib/libxenon.a(c_threads.o)
 .text.thread_idle_ipi
                0x0000000080009f24       0x88 /usr/local/xenon/usr/lib/libxenon.a(c_threads.o)
                0x0000000080009f24                thread_idle_ipi
 .text.external_interrupt_handler
                0x0000000080009fac       0xac /usr/local/xenon/usr/lib/libxenon.a(c_threads.o)
                0x0000000080009fac                external_interrupt_handler
 .text.dump_thread_context
                0x000000008000a058      0x77c /usr/local/xenon/usr/lib/libxenon.a(c_threads.o)
                0x000000008000a058                dump_thread_context
 .text.restore_thread_context
                0x000000008000a7d4      0x770 /usr/local/xenon/usr/lib/libxenon.a(c_threads.o)
                0x000000008000a7d4                restore_thread_context
 .text.thread_schedule_core
                0x000000008000af44      0x358 /usr/local/xenon/usr/lib/libxenon.a(c_threads.o)
                0x000000008000af44                thread_schedule_core
 .text.ipi_send_packet
                0x000000008000b29c       0xa4 /usr/local/xenon/usr/lib/libxenon.a(c_threads.o)
                0x000000008000b29c                ipi_send_packet
 .text.thread_pool_alloc
                0x000000008000b340       0x90 /usr/local/xenon/usr/lib/libxenon.a(c_threads.o)
                0x000000008000b340                thread_pool_alloc
 .text.thread_raise_irql
                0x000000008000b3d0       0x78 /usr/local/xenon/usr/lib/libxenon.a(c_threads.o)
                0x000000008000b3d0                thread_raise_irql
 .text.thread_spinlock
                0x000000008000b448       0x38 /usr/local/xenon/usr/lib/libxenon.a(c_threads.o)
                0x000000008000b448                thread_spinlock
 .text.thread_lower_irql
                0x000000008000b480       0x78 /usr/local/xenon/usr/lib/libxenon.a(c_threads.o)
                0x000000008000b480                thread_lower_irql
 .text.thread_process_dpc
                0x000000008000b4f8       0xc4 /usr/local/xenon/usr/lib/libxenon.a(c_threads.o)
                0x000000008000b4f8                thread_process_dpc
 .text.thread_schedule
                0x000000008000b5bc       0x94 /usr/local/xenon/usr/lib/libxenon.a(c_threads.o)
                0x000000008000b5bc                thread_schedule
 .text.system_call_handler
                0x000000008000b650       0x40 /usr/local/xenon/usr/lib/libxenon.a(c_threads.o)
                0x000000008000b650                system_call_handler
 .text.decrementer_interrupt_handler
                0x000000008000b690       0x6c /usr/local/xenon/usr/lib/libxenon.a(c_threads.o)
                0x000000008000b690                decrementer_interrupt_handler
 .text.thread_unlock
                0x000000008000b6fc       0x34 /usr/local/xenon/usr/lib/libxenon.a(c_threads.o)
                0x000000008000b6fc                thread_unlock
 .text.thread_terminate
                0x000000008000b730       0x4c /usr/local/xenon/usr/lib/libxenon.a(c_threads.o)
                0x000000008000b730                thread_terminate
 .text.thread_proc_startup
                0x000000008000b77c       0x2c /usr/local/xenon/usr/lib/libxenon.a(c_threads.o)
                0x000000008000b77c                thread_proc_startup
 .text.thread_create
                0x000000008000b7a8      0x28c /usr/local/xenon/usr/lib/libxenon.a(c_threads.o)
                0x000000008000b7a8                thread_create
 .text.thread_set_name
                0x000000008000ba34        0x8 /usr/local/xenon/usr/lib/libxenon.a(c_threads.o)
                0x000000008000ba34                thread_set_name
 .text.thread_close
                0x000000008000ba3c       0x70 /usr/local/xenon/usr/lib/libxenon.a(c_threads.o)
                0x000000008000ba3c                thread_close
 .text.thread_resume
                0x000000008000baac       0x78 /usr/local/xenon/usr/lib/libxenon.a(c_threads.o)
                0x000000008000baac                thread_resume
 .text.thread_set_priority
                0x000000008000bb24       0x94 /usr/local/xenon/usr/lib/libxenon.a(c_threads.o)
                0x000000008000bb24                thread_set_priority
 .text.thread_get_current
                0x000000008000bbb8       0x60 /usr/local/xenon/usr/lib/libxenon.a(c_threads.o)
                0x000000008000bbb8                thread_get_current
 .text.thread_set_processor
                0x000000008000bc18      0x118 /usr/local/xenon/usr/lib/libxenon.a(c_threads.o)
                0x000000008000bc18                thread_set_processor
 .text.threading_shutdown
                0x000000008000bd30       0xec /usr/local/xenon/usr/lib/libxenon.a(c_threads.o)
                0x000000008000bd30                threading_shutdown
 .text.debug_flush_console
                0x000000008000be1c       0x4c /usr/local/xenon/usr/lib/libxenon.a(c_debug.o)
 .text.debug_routine_stub
                0x000000008000be68      0x1c4 /usr/local/xenon/usr/lib/libxenon.a(c_debug.o)
                0x000000008000be68                debug_routine_stub
 .text.dump_thread_context_to_screen
                0x000000008000c02c      0x484 /usr/local/xenon/usr/lib/libxenon.a(c_debug.o)
                0x000000008000c02c                dump_thread_context_to_screen
 .text.decode_exception
                0x000000008000c4b0       0xb8 /usr/local/xenon/usr/lib/libxenon.a(c_debug.o)
                0x000000008000c4b0                decode_exception
 .text.segfault_handler
                0x000000008000c568      0x304 /usr/local/xenon/usr/lib/libxenon.a(c_debug.o)
                0x000000008000c568                segfault_handler
 .text.program_interrupt_handler
                0x000000008000c86c       0xbc /usr/local/xenon/usr/lib/libxenon.a(c_debug.o)
                0x000000008000c86c                program_interrupt_handler
 .text.printf   0x000000008000c928       0xa4 /usr/local/xenon/usr/lib/libxenon.a(c_debug.o)
                0x000000008000c928                printf
 .text.mutex_create
                0x000000008000c9cc       0x44 /usr/local/xenon/usr/lib/libxenon.a(mutex.o)
                0x000000008000c9cc                mutex_create
 .text.mutex_destroy
                0x000000008000ca10       0x30 /usr/local/xenon/usr/lib/libxenon.a(mutex.o)
                0x000000008000ca10                mutex_destroy
 .text.mutex_sleep
                0x000000008000ca40       0xa4 /usr/local/xenon/usr/lib/libxenon.a(mutex.o)
                0x000000008000ca40                mutex_sleep
 .text.mutex_acquire
                0x000000008000cae4      0x144 /usr/local/xenon/usr/lib/libxenon.a(mutex.o)
                0x000000008000cae4                mutex_acquire
 .text.mutex_release
                0x000000008000cc28       0xbc /usr/local/xenon/usr/lib/libxenon.a(mutex.o)
                0x000000008000cc28                mutex_release
 .text.kmeminit
                0x000000008000cce4       0x38 /usr/local/xenon/usr/lib/libxenon.a(lib_malloc.o)
                0x000000008000cce4                kmeminit
 .text.kfree    0x000000008000cd1c       0xb8 /usr/local/xenon/usr/lib/libxenon.a(lib_malloc.o)
                0x000000008000cd1c                kfree
 .text.lib_outofmemory
                0x000000008000cdd4       0x2c /usr/local/xenon/usr/lib/libxenon.a(lib_malloc.o)
                0x000000008000cdd4                lib_outofmemory
 .text.kmalloc  0x000000008000ce00      0x138 /usr/local/xenon/usr/lib/libxenon.a(lib_malloc.o)
                0x000000008000ce00                kmalloc
 .text.kmem_init
                0x000000008000cf38       0x68 /usr/local/xenon/usr/lib/libxenon.a(lib_malloc.o)
                0x000000008000cf38                kmem_init
 .text.read32   0x000000008000cfa0        0x8 /usr/local/xenon/usr/lib/libxenon.a(io.o)
                0x000000008000cfa0                read32
 .text.read32n  0x000000008000cfa8        0x8 /usr/local/xenon/usr/lib/libxenon.a(io.o)
                0x000000008000cfa8                read32n
 .text.write32  0x000000008000cfb0        0x8 /usr/local/xenon/usr/lib/libxenon.a(io.o)
                0x000000008000cfb0                write32
 .text.write32n
                0x000000008000cfb8        0x8 /usr/local/xenon/usr/lib/libxenon.a(io.o)
                0x000000008000cfb8                write32n
 .text.mftb     0x000000008000cfc0       0x1c /usr/local/xenon/usr/lib/libxenon.a(time.o)
 .text.tdelay   0x000000008000cfdc       0x5c /usr/local/xenon/usr/lib/libxenon.a(time.o)
 .text.stall_execution
                0x000000008000d038       0x54 /usr/local/xenon/usr/lib/libxenon.a(time.o)
                0x000000008000d038                stall_execution
 .text.udelay   0x000000008000d08c       0x24 /usr/local/xenon/usr/lib/libxenon.a(time.o)
                0x000000008000d08c                udelay
 .text.mdelay   0x000000008000d0b0       0x18 /usr/local/xenon/usr/lib/libxenon.a(time.o)
                0x000000008000d0b0                mdelay
 .text.delay    0x000000008000d0c8       0x18 /usr/local/xenon/usr/lib/libxenon.a(time.o)
                0x000000008000d0c8                delay
 .text._ohci_allocept
                0x000000008000d0e0       0x64 /usr/local/xenon/usr/lib/libxenon.a(ohci.o)
 .text._ohci_allocxfer
                0x000000008000d144       0x5c /usr/local/xenon/usr/lib/libxenon.a(ohci.o)
 .text.ohci_delete
                0x000000008000d1a0        0x4 /usr/local/xenon/usr/lib/libxenon.a(ohci.o)
 .text.ohci_ept_setaddr
                0x000000008000d1a4       0x38 /usr/local/xenon/usr/lib/libxenon.a(ohci.o)
 .text.ohci_ept_setmps
                0x000000008000d1dc       0x44 /usr/local/xenon/usr/lib/libxenon.a(ohci.o)
 .text._ohci_queueept
                0x000000008000d220       0x5c /usr/local/xenon/usr/lib/libxenon.a(ohci.o)
 .text.ohci_ept_create
                0x000000008000d27c      0x148 /usr/local/xenon/usr/lib/libxenon.a(ohci.o)
 .text.ohci_ept_cleartoggle
                0x000000008000d3c4       0x64 /usr/local/xenon/usr/lib/libxenon.a(ohci.o)
 .text.ohci_stop
                0x000000008000d428       0x30 /usr/local/xenon/usr/lib/libxenon.a(ohci.o)
 .text.ohci_ept_delete
                0x000000008000d458      0x1fc /usr/local/xenon/usr/lib/libxenon.a(ohci.o)
 .text.ohci_start
                0x000000008000d654      0x1b0 /usr/local/xenon/usr/lib/libxenon.a(ohci.o)
 .text.ohci_roothub_strdscr
                0x000000008000d804       0x6c /usr/local/xenon/usr/lib/libxenon.a(ohci.o)
 .text.ohci_intr
                0x000000008000d870      0x20c /usr/local/xenon/usr/lib/libxenon.a(ohci.o)
 .text._ohci_dma_alloc
                0x000000008000da7c       0x50 /usr/local/xenon/usr/lib/libxenon.a(ohci.o)
 .text.ohci_create
                0x000000008000dacc      0x2a8 /usr/local/xenon/usr/lib/libxenon.a(ohci.o)
 .text.ohci_xfer
                0x000000008000dd74      0x7d8 /usr/local/xenon/usr/lib/libxenon.a(ohci.o)
 .text.usb_create_pipe
                0x000000008000e54c       0xdc /usr/local/xenon/usr/lib/libxenon.a(usbd.o)
                0x000000008000e54c                usb_create_pipe
 .text.usb_open_pipe
                0x000000008000e628       0x84 /usr/local/xenon/usr/lib/libxenon.a(usbd.o)
                0x000000008000e628                usb_open_pipe
 .text.usb_destroy_all_pipes
                0x000000008000e6ac       0x74 /usr/local/xenon/usr/lib/libxenon.a(usbd.o)
                0x000000008000e6ac                usb_destroy_all_pipes
 .text.usb_destroy_device
                0x000000008000e720       0x4c /usr/local/xenon/usr/lib/libxenon.a(usbd.o)
                0x000000008000e720                usb_destroy_device
 .text.usb_create_device
                0x000000008000e76c       0x78 /usr/local/xenon/usr/lib/libxenon.a(usbd.o)
                0x000000008000e76c                usb_create_device
 .text.usb_make_request
                0x000000008000e7e4       0x8c /usr/local/xenon/usr/lib/libxenon.a(usbd.o)
                0x000000008000e7e4                usb_make_request
 .text.usb_poll
                0x000000008000e870       0x2c /usr/local/xenon/usr/lib/libxenon.a(usbd.o)
                0x000000008000e870                usb_poll
 .text.usb_daemon
                0x000000008000e89c       0x38 /usr/local/xenon/usr/lib/libxenon.a(usbd.o)
                0x000000008000e89c                usb_daemon
 .text.usb_free_request
                0x000000008000e8d4       0x4c /usr/local/xenon/usr/lib/libxenon.a(usbd.o)
                0x000000008000e8d4                usb_free_request
 .text.usb_delay_ms
                0x000000008000e920       0x24 /usr/local/xenon/usr/lib/libxenon.a(usbd.o)
                0x000000008000e920                usb_delay_ms
 .text.usb_queue_request
                0x000000008000e944       0x50 /usr/local/xenon/usr/lib/libxenon.a(usbd.o)
                0x000000008000e944                usb_queue_request
 .text.usb_wait_request
                0x000000008000e994       0x40 /usr/local/xenon/usr/lib/libxenon.a(usbd.o)
                0x000000008000e994                usb_wait_request
 .text.usb_sync_request
                0x000000008000e9d4       0x34 /usr/local/xenon/usr/lib/libxenon.a(usbd.o)
                0x000000008000e9d4                usb_sync_request
 .text.usb_new_address
                0x000000008000ea08       0x30 /usr/local/xenon/usr/lib/libxenon.a(usbd.o)
                0x000000008000ea08                usb_new_address
 .text.usb_set_ep0mps
                0x000000008000ea38       0x60 /usr/local/xenon/usr/lib/libxenon.a(usbd.o)
                0x000000008000ea38                usb_set_ep0mps
 .text.usb_clear_stall
                0x000000008000ea98      0x100 /usr/local/xenon/usr/lib/libxenon.a(usbd.o)
                0x000000008000ea98                usb_clear_stall
 .text.usb_std_request
                0x000000008000eb98      0x234 /usr/local/xenon/usr/lib/libxenon.a(usbd.o)
                0x000000008000eb98                usb_std_request
 .text.usb_simple_request
                0x000000008000edcc       0x18 /usr/local/xenon/usr/lib/libxenon.a(usbd.o)
                0x000000008000edcc                usb_simple_request
 .text.usb_set_address
                0x000000008000ede4       0x9c /usr/local/xenon/usr/lib/libxenon.a(usbd.o)
                0x000000008000ede4                usb_set_address
 .text.usb_set_configuration
                0x000000008000ee80       0x14 /usr/local/xenon/usr/lib/libxenon.a(usbd.o)
                0x000000008000ee80                usb_set_configuration
 .text.usb_get_descriptor
                0x000000008000ee94       0x24 /usr/local/xenon/usr/lib/libxenon.a(usbd.o)
                0x000000008000ee94                usb_get_descriptor
 .text.usb_get_string
                0x000000008000eeb8      0x104 /usr/local/xenon/usr/lib/libxenon.a(usbd.o)
                0x000000008000eeb8                usb_get_string
 .text.usb_get_device_descriptor
                0x000000008000efbc       0x90 /usr/local/xenon/usr/lib/libxenon.a(usbd.o)
                0x000000008000efbc                usb_get_device_descriptor
 .text.usb_get_config_descriptor
                0x000000008000f04c       0x8c /usr/local/xenon/usr/lib/libxenon.a(usbd.o)
                0x000000008000f04c                usb_get_config_descriptor
 .text.usb_get_device_status
                0x000000008000f0d8       0x1c /usr/local/xenon/usr/lib/libxenon.a(usbd.o)
                0x000000008000f0d8                usb_get_device_status
 .text.usb_complete_request
                0x000000008000f0f4       0x3c /usr/local/xenon/usr/lib/libxenon.a(usbd.o)
                0x000000008000f0f4                usb_complete_request
 .text.usb_initroot
                0x000000008000f130      0x154 /usr/local/xenon/usr/lib/libxenon.a(usbd.o)
                0x000000008000f130                usb_initroot
 .text.usb_find_cfg_descr
                0x000000008000f284       0x54 /usr/local/xenon/usr/lib/libxenon.a(usbd.o)
                0x000000008000f284                usb_find_cfg_descr
 .text.usb_find_driver
                0x000000008000f2d8      0x114 /usr/local/xenon/usr/lib/libxenon.a(usbdevs.o)
                0x000000008000f2d8                usb_find_driver
 .text.usbhid_detach
                0x000000008000f3ec        0x8 /usr/local/xenon/usr/lib/libxenon.a(usbhid.o)
 .text.usbhid_attach
                0x000000008000f3f4      0x164 /usr/local/xenon/usr/lib/libxenon.a(usbhid.o)
 .text.usbhid_kbd_scan1.isra.0.part.1
                0x000000008000f558       0x94 /usr/local/xenon/usr/lib/libxenon.a(usbhid.o)
 .text.usbhid_ireq_callback
                0x000000008000f5ec      0x18c /usr/local/xenon/usr/lib/libxenon.a(usbhid.o)
 .text.usbhub_markdetached1
                0x000000008000f778       0x14 /usr/local/xenon/usr/lib/libxenon.a(usbhub.o)
 .text.usbhub_get_port_status
                0x000000008000f78c       0x38 /usr/local/xenon/usr/lib/libxenon.a(usbhub.o)
 .text.usbhub_ireq_callback
                0x000000008000f7c4       0x8c /usr/local/xenon/usr/lib/libxenon.a(usbhub.o)
 .text.usbhub_map_tree1
                0x000000008000f850       0x7c /usr/local/xenon/usr/lib/libxenon.a(usbhub.o)
 .text.usbhub_detach
                0x000000008000f8cc      0x13c /usr/local/xenon/usr/lib/libxenon.a(usbhub.o)
 .text.usbhub_attach
                0x000000008000fa08      0x1a4 /usr/local/xenon/usr/lib/libxenon.a(usbhub.o)
 .text.usbhub_map_tree
                0x000000008000fbac       0x18 /usr/local/xenon/usr/lib/libxenon.a(usbhub.o)
                0x000000008000fbac                usbhub_map_tree
 .text.usbhub_map_from_device
                0x000000008000fbc4       0x14 /usr/local/xenon/usr/lib/libxenon.a(usbhub.o)
                0x000000008000fbc4                usbhub_map_from_device
 .text.usbhub_scan1
                0x000000008000fbd8      0x558 /usr/local/xenon/usr/lib/libxenon.a(usbhub.o)
 .text.usb_scan
                0x0000000080010130       0x10 /usr/local/xenon/usr/lib/libxenon.a(usbhub.o)
                0x0000000080010130                usb_scan
 .text.ehci_maligned
                0x0000000080010140       0x9c /usr/local/xenon/usr/lib/libxenon.a(usb_os.o)
                0x0000000080010140                ehci_maligned
 .text.ehci_virt_to_dma
                0x00000000800101dc        0x8 /usr/local/xenon/usr/lib/libxenon.a(usb_os.o)
                0x00000000800101dc                ehci_virt_to_dma
 .text.ehci_dma_map_to
                0x00000000800101e4       0x28 /usr/local/xenon/usr/lib/libxenon.a(usb_os.o)
                0x00000000800101e4                ehci_dma_map_to
 .text.ehci_dma_map_from
                0x000000008001020c       0x28 /usr/local/xenon/usr/lib/libxenon.a(usb_os.o)
                0x000000008001020c                ehci_dma_map_from
 .text.ehci_dma_map_bidir
                0x0000000080010234       0x28 /usr/local/xenon/usr/lib/libxenon.a(usb_os.o)
                0x0000000080010234                ehci_dma_map_bidir
 .text.ehci_dma_unmap_to
                0x000000008001025c       0x24 /usr/local/xenon/usr/lib/libxenon.a(usb_os.o)
                0x000000008001025c                ehci_dma_unmap_to
 .text.ehci_dma_unmap_from
                0x0000000080010280       0x24 /usr/local/xenon/usr/lib/libxenon.a(usb_os.o)
                0x0000000080010280                ehci_dma_unmap_from
 .text.ehci_dma_unmap_bidir
                0x00000000800102a4       0x24 /usr/local/xenon/usr/lib/libxenon.a(usb_os.o)
                0x00000000800102a4                ehci_dma_unmap_bidir
 .text.ehci_usleep
                0x00000000800102c8       0x20 /usr/local/xenon/usr/lib/libxenon.a(usb_os.o)
                0x00000000800102c8                ehci_usleep
 .text.ehci_msleep
                0x00000000800102e8       0x20 /usr/local/xenon/usr/lib/libxenon.a(usb_os.o)
                0x00000000800102e8                ehci_msleep
 .text.USB_Alloc
                0x0000000080010308       0x20 /usr/local/xenon/usr/lib/libxenon.a(usb_os.o)
                0x0000000080010308                USB_Alloc
 .text.USB_Free
                0x0000000080010328       0x20 /usr/local/xenon/usr/lib/libxenon.a(usb_os.o)
                0x0000000080010328                USB_Free
 .text.xenon_gpio_control
                0x0000000080010348       0x68 /usr/local/xenon/usr/lib/libxenon.a(xenon_gpio.o)
                0x0000000080010348                xenon_gpio_control
 .text.xenon_gpio_set_oe
                0x00000000800103b0       0x44 /usr/local/xenon/usr/lib/libxenon.a(xenon_gpio.o)
                0x00000000800103b0                xenon_gpio_set_oe
 .text.xenon_gpio_set
                0x00000000800103f4       0x44 /usr/local/xenon/usr/lib/libxenon.a(xenon_gpio.o)
                0x00000000800103f4                xenon_gpio_set
 .text          0x0000000080010438       0x3c /usr/local/xenon/usr/lib/libxenon.a(cpusleep.o)
                0x0000000080010438                cpusleep
 .text.do_netifapi_netif_common
                0x0000000080010474       0x58 /usr/local/xenon/usr/lib/libxenon.a(netifapi.o)
                0x0000000080010474                do_netifapi_netif_common
 .text.do_netifapi_netif_set_addr
                0x00000000800104cc       0x44 /usr/local/xenon/usr/lib/libxenon.a(netifapi.o)
                0x00000000800104cc                do_netifapi_netif_set_addr
 .text.do_netifapi_netif_add
                0x0000000080010510       0x5c /usr/local/xenon/usr/lib/libxenon.a(netifapi.o)
                0x0000000080010510                do_netifapi_netif_add
 .text.netifapi_netif_add
                0x000000008001056c       0x54 /usr/local/xenon/usr/lib/libxenon.a(netifapi.o)
                0x000000008001056c                netifapi_netif_add
 .text.netifapi_netif_set_addr
                0x00000000800105c0       0x48 /usr/local/xenon/usr/lib/libxenon.a(netifapi.o)
                0x00000000800105c0                netifapi_netif_set_addr
 .text.netifapi_netif_common
                0x0000000080010608       0x44 /usr/local/xenon/usr/lib/libxenon.a(netifapi.o)
                0x0000000080010608                netifapi_netif_common
 .text.tcpip_thread
                0x000000008001064c      0x124 /usr/local/xenon/usr/lib/libxenon.a(tcpip.o)
 .text.tcpip_input
                0x0000000080010770       0x8c /usr/local/xenon/usr/lib/libxenon.a(tcpip.o)
                0x0000000080010770                tcpip_input
 .text.tcpip_callback_with_block
                0x00000000800107fc       0xa4 /usr/local/xenon/usr/lib/libxenon.a(tcpip.o)
                0x00000000800107fc                tcpip_callback_with_block
 .text.tcpip_netifapi
                0x00000000800108a0       0x8c /usr/local/xenon/usr/lib/libxenon.a(tcpip.o)
                0x00000000800108a0                tcpip_netifapi
 .text.tcpip_init
                0x000000008001092c       0x90 /usr/local/xenon/usr/lib/libxenon.a(tcpip.o)
                0x000000008001092c                tcpip_init
 .text.dhcp_set_state
                0x00000000800109bc       0x24 /usr/local/xenon/usr/lib/libxenon.a(dhcp.o)
 .text.dhcp_option_trailer
                0x00000000800109e0      0x104 /usr/local/xenon/usr/lib/libxenon.a(dhcp.o)
 .text.dhcp_check
                0x0000000080010ae4       0x54 /usr/local/xenon/usr/lib/libxenon.a(dhcp.o)
 .text.dhcp_bind
                0x0000000080010b38      0x190 /usr/local/xenon/usr/lib/libxenon.a(dhcp.o)
 .text.dhcp_option
                0x0000000080010cc8       0x74 /usr/local/xenon/usr/lib/libxenon.a(dhcp.o)
 .text.dhcp_option_byte
                0x0000000080010d3c       0x5c /usr/local/xenon/usr/lib/libxenon.a(dhcp.o)
 .text.dhcp_option_short
                0x0000000080010d98       0x74 /usr/local/xenon/usr/lib/libxenon.a(dhcp.o)
 .text.dhcp_option_long
                0x0000000080010e0c       0xa4 /usr/local/xenon/usr/lib/libxenon.a(dhcp.o)
 .text.dhcp_create_msg
                0x0000000080010eb0      0x2b0 /usr/local/xenon/usr/lib/libxenon.a(dhcp.o)
 .text.dhcp_delete_msg
                0x0000000080011160       0xac /usr/local/xenon/usr/lib/libxenon.a(dhcp.o)
 .text.dhcp_reboot
                0x000000008001120c       0xf8 /usr/local/xenon/usr/lib/libxenon.a(dhcp.o)
 .text.dhcp_discover
                0x0000000080011304      0x12c /usr/local/xenon/usr/lib/libxenon.a(dhcp.o)
 .text.dhcp_select
                0x0000000080011430      0x1c8 /usr/local/xenon/usr/lib/libxenon.a(dhcp.o)
 .text.dhcp_rebind
                0x00000000800115f8      0x148 /usr/local/xenon/usr/lib/libxenon.a(dhcp.o)
 .text.dhcp_recv
                0x0000000080011740      0x800 /usr/local/xenon/usr/lib/libxenon.a(dhcp.o)
 .text.dhcp_arp_reply
                0x0000000080011f40      0x100 /usr/local/xenon/usr/lib/libxenon.a(dhcp.o)
                0x0000000080011f40                dhcp_arp_reply
 .text.dhcp_renew
                0x0000000080012040      0x144 /usr/local/xenon/usr/lib/libxenon.a(dhcp.o)
                0x0000000080012040                dhcp_renew
 .text.dhcp_coarse_tmr
                0x0000000080012184       0xb4 /usr/local/xenon/usr/lib/libxenon.a(dhcp.o)
                0x0000000080012184                dhcp_coarse_tmr
 .text.dhcp_release
                0x0000000080012238      0x110 /usr/local/xenon/usr/lib/libxenon.a(dhcp.o)
                0x0000000080012238                dhcp_release
 .text.dhcp_fine_tmr
                0x0000000080012348      0x128 /usr/local/xenon/usr/lib/libxenon.a(dhcp.o)
                0x0000000080012348                dhcp_fine_tmr
 .text.dhcp_stop
                0x0000000080012470       0xc0 /usr/local/xenon/usr/lib/libxenon.a(dhcp.o)
                0x0000000080012470                dhcp_stop
 .text.dhcp_start
                0x0000000080012530      0x1a0 /usr/local/xenon/usr/lib/libxenon.a(dhcp.o)
                0x0000000080012530                dhcp_start
 .text.dns_parse_name
                0x00000000800126d0       0x28 /usr/local/xenon/usr/lib/libxenon.a(dns.o)
 .text.unlikely.dns_send
                0x00000000800126f8      0x1b4 /usr/local/xenon/usr/lib/libxenon.a(dns.o)
 .text.dns_check_entry
                0x00000000800128ac      0x198 /usr/local/xenon/usr/lib/libxenon.a(dns.o)
 .text.dns_recv
                0x0000000080012a44      0x1f4 /usr/local/xenon/usr/lib/libxenon.a(dns.o)
 .text.dns_setserver
                0x0000000080012c38       0x40 /usr/local/xenon/usr/lib/libxenon.a(dns.o)
                0x0000000080012c38                dns_setserver
 .text.dns_init
                0x0000000080012c78       0x94 /usr/local/xenon/usr/lib/libxenon.a(dns.o)
                0x0000000080012c78                dns_init
 .text.dns_tmr  0x0000000080012d0c       0x58 /usr/local/xenon/usr/lib/libxenon.a(dns.o)
                0x0000000080012d0c                dns_tmr
 .text.lwip_init
                0x0000000080012d64       0x3c /usr/local/xenon/usr/lib/libxenon.a(init.o)
                0x0000000080012d64                lwip_init
 .text.ip4_addr_isbroadcast
                0x0000000080012da0       0x64 /usr/local/xenon/usr/lib/libxenon.a(ip_addr.o)
                0x0000000080012da0                ip4_addr_isbroadcast
 .text.ipaddr_aton
                0x0000000080012e04      0x22c /usr/local/xenon/usr/lib/libxenon.a(ip_addr.o)
                0x0000000080012e04                ipaddr_aton
 .text.ipaddr_addr
                0x0000000080013030       0x38 /usr/local/xenon/usr/lib/libxenon.a(ip_addr.o)
                0x0000000080013030                ipaddr_addr
 .text.ip_route
                0x0000000080013068       0x88 /usr/local/xenon/usr/lib/libxenon.a(ip.o)
                0x0000000080013068                ip_route
 .text.ip_input
                0x00000000800130f0      0x31c /usr/local/xenon/usr/lib/libxenon.a(ip.o)
                0x00000000800130f0                ip_input
 .text.ip_output_if
                0x000000008001340c      0x1e0 /usr/local/xenon/usr/lib/libxenon.a(ip.o)
                0x000000008001340c                ip_output_if
 .text.ip_output
                0x00000000800135ec       0xb4 /usr/local/xenon/usr/lib/libxenon.a(ip.o)
                0x00000000800135ec                ip_output
 .text.mem_init
                0x00000000800136a0       0xac /usr/local/xenon/usr/lib/libxenon.a(mem.o)
                0x00000000800136a0                mem_init
 .text.mem_free
                0x000000008001374c      0x230 /usr/local/xenon/usr/lib/libxenon.a(mem.o)
                0x000000008001374c                mem_free
 .text.mem_trim
                0x000000008001397c      0x1ac /usr/local/xenon/usr/lib/libxenon.a(mem.o)
                0x000000008001397c                mem_trim
 .text.mem_malloc
                0x0000000080013b28      0x268 /usr/local/xenon/usr/lib/libxenon.a(mem.o)
                0x0000000080013b28                mem_malloc
 .text.memp_init
                0x0000000080013d90       0xb4 /usr/local/xenon/usr/lib/libxenon.a(memp.o)
                0x0000000080013d90                memp_init
 .text.memp_malloc
                0x0000000080013e44       0xd4 /usr/local/xenon/usr/lib/libxenon.a(memp.o)
                0x0000000080013e44                memp_malloc
 .text.memp_free
                0x0000000080013f18       0x84 /usr/local/xenon/usr/lib/libxenon.a(memp.o)
                0x0000000080013f18                memp_free
 .text.netif_init
                0x0000000080013f9c        0x4 /usr/local/xenon/usr/lib/libxenon.a(netif.o)
                0x0000000080013f9c                netif_init
 .text.netif_set_ipaddr
                0x0000000080013fa0       0xa4 /usr/local/xenon/usr/lib/libxenon.a(netif.o)
                0x0000000080013fa0                netif_set_ipaddr
 .text.netif_set_addr
                0x0000000080014044       0x54 /usr/local/xenon/usr/lib/libxenon.a(netif.o)
                0x0000000080014044                netif_set_addr
 .text.netif_add
                0x0000000080014098       0xb8 /usr/local/xenon/usr/lib/libxenon.a(netif.o)
                0x0000000080014098                netif_add
 .text.netif_set_gw
                0x0000000080014150       0x18 /usr/local/xenon/usr/lib/libxenon.a(netif.o)
                0x0000000080014150                netif_set_gw
 .text.netif_set_netmask
                0x0000000080014168       0x18 /usr/local/xenon/usr/lib/libxenon.a(netif.o)
                0x0000000080014168                netif_set_netmask
 .text.netif_set_default
                0x0000000080014180        0xc /usr/local/xenon/usr/lib/libxenon.a(netif.o)
                0x0000000080014180                netif_set_default
 .text.netif_set_up
                0x000000008001418c       0x68 /usr/local/xenon/usr/lib/libxenon.a(netif.o)
                0x000000008001418c                netif_set_up
 .text.netif_set_down
                0x00000000800141f4       0x48 /usr/local/xenon/usr/lib/libxenon.a(netif.o)
                0x00000000800141f4                netif_set_down
 .text.netif_set_status_callback
                0x000000008001423c       0x10 /usr/local/xenon/usr/lib/libxenon.a(netif.o)
                0x000000008001423c                netif_set_status_callback
 .text.pbuf_free_ooseq
                0x000000008001424c       0x5c /usr/local/xenon/usr/lib/libxenon.a(pbuf.o)
 .text.unlikely.pbuf_pool_is_empty.part.0
                0x00000000800142a8       0x44 /usr/local/xenon/usr/lib/libxenon.a(pbuf.o)
 .text.pbuf_alloced_custom
                0x00000000800142ec       0xe0 /usr/local/xenon/usr/lib/libxenon.a(pbuf.o)
                0x00000000800142ec                pbuf_alloced_custom
 .text.pbuf_header
                0x00000000800143cc      0x134 /usr/local/xenon/usr/lib/libxenon.a(pbuf.o)
                0x00000000800143cc                pbuf_header
 .text.pbuf_free
                0x0000000080014500      0x150 /usr/local/xenon/usr/lib/libxenon.a(pbuf.o)
                0x0000000080014500                pbuf_free
 .text.pbuf_realloc
                0x0000000080014650      0x190 /usr/local/xenon/usr/lib/libxenon.a(pbuf.o)
                0x0000000080014650                pbuf_realloc
 .text.pbuf_alloc
                0x00000000800147e0      0x32c /usr/local/xenon/usr/lib/libxenon.a(pbuf.o)
                0x00000000800147e0                pbuf_alloc
 .text.pbuf_clen
                0x0000000080014b0c       0x24 /usr/local/xenon/usr/lib/libxenon.a(pbuf.o)
                0x0000000080014b0c                pbuf_clen
 .text.pbuf_ref
                0x0000000080014b30       0x18 /usr/local/xenon/usr/lib/libxenon.a(pbuf.o)
                0x0000000080014b30                pbuf_ref
 .text.pbuf_cat
                0x0000000080014b48       0xac /usr/local/xenon/usr/lib/libxenon.a(pbuf.o)
                0x0000000080014b48                pbuf_cat
 .text.pbuf_chain
                0x0000000080014bf4       0x34 /usr/local/xenon/usr/lib/libxenon.a(pbuf.o)
                0x0000000080014bf4                pbuf_chain
 .text.pbuf_copy
                0x0000000080014c28      0x1e0 /usr/local/xenon/usr/lib/libxenon.a(pbuf.o)
                0x0000000080014c28                pbuf_copy
 .text.pbuf_copy_partial
                0x0000000080014e08      0x100 /usr/local/xenon/usr/lib/libxenon.a(pbuf.o)
                0x0000000080014e08                pbuf_copy_partial
 .text.raw_input
                0x0000000080014f08       0xe8 /usr/local/xenon/usr/lib/libxenon.a(raw.o)
                0x0000000080014f08                raw_input
 .text.stats_init
                0x0000000080014ff0       0x6c /usr/local/xenon/usr/lib/libxenon.a(stats.o)
                0x0000000080014ff0                stats_init
 .text.unlikely.tcp_oos_insert_segment
                0x000000008001505c       0xd0 /usr/local/xenon/usr/lib/libxenon.a(tcp_in.o)
 .text.unlikely.tcp_receive
                0x000000008001512c      0xde4 /usr/local/xenon/usr/lib/libxenon.a(tcp_in.o)
 .text.tcp_parseopt.isra.0
                0x0000000080015f10       0xc0 /usr/local/xenon/usr/lib/libxenon.a(tcp_in.o)
 .text.tcp_input
                0x0000000080015fd0      0xe60 /usr/local/xenon/usr/lib/libxenon.a(tcp_in.o)
                0x0000000080015fd0                tcp_input
 .text.tcp_update_rcv_ann_wnd
                0x0000000080016e30       0x9c /usr/local/xenon/usr/lib/libxenon.a(tcp.o)
                0x0000000080016e30                tcp_update_rcv_ann_wnd
 .text.tcp_recved
                0x0000000080016ecc       0x98 /usr/local/xenon/usr/lib/libxenon.a(tcp.o)
                0x0000000080016ecc                tcp_recved
 .text.tcp_seg_free
                0x0000000080016f64       0x40 /usr/local/xenon/usr/lib/libxenon.a(tcp.o)
                0x0000000080016f64                tcp_seg_free
 .text.tcp_segs_free
                0x0000000080016fa4       0x34 /usr/local/xenon/usr/lib/libxenon.a(tcp.o)
                0x0000000080016fa4                tcp_segs_free
 .text.tcp_seg_copy
                0x0000000080016fd8       0x44 /usr/local/xenon/usr/lib/libxenon.a(tcp.o)
                0x0000000080016fd8                tcp_seg_copy
 .text.tcp_pcb_purge
                0x000000008001701c       0x88 /usr/local/xenon/usr/lib/libxenon.a(tcp.o)
                0x000000008001701c                tcp_pcb_purge
 .text.tcp_slowtmr
                0x00000000800170a4      0x560 /usr/local/xenon/usr/lib/libxenon.a(tcp.o)
                0x00000000800170a4                tcp_slowtmr
 .text.tcp_pcb_remove
                0x0000000080017604      0x154 /usr/local/xenon/usr/lib/libxenon.a(tcp.o)
                0x0000000080017604                tcp_pcb_remove
 .text.tcp_abandon
                0x0000000080017758      0x128 /usr/local/xenon/usr/lib/libxenon.a(tcp.o)
                0x0000000080017758                tcp_abandon
 .text.tcp_abort
                0x0000000080017880        0x8 /usr/local/xenon/usr/lib/libxenon.a(tcp.o)
                0x0000000080017880                tcp_abort
 .text.tcp_close_shutdown
                0x0000000080017888      0x248 /usr/local/xenon/usr/lib/libxenon.a(tcp.o)
 .text.tcp_close
                0x0000000080017ad0       0x20 /usr/local/xenon/usr/lib/libxenon.a(tcp.o)
                0x0000000080017ad0                tcp_close
 .text.tcp_recv_null
                0x0000000080017af0       0x60 /usr/local/xenon/usr/lib/libxenon.a(tcp.o)
                0x0000000080017af0                tcp_recv_null
 .text.tcp_fasttmr
                0x0000000080017b50       0xbc /usr/local/xenon/usr/lib/libxenon.a(tcp.o)
                0x0000000080017b50                tcp_fasttmr
 .text.tcp_tmr  0x0000000080017c0c       0x50 /usr/local/xenon/usr/lib/libxenon.a(tcp.o)
                0x0000000080017c0c                tcp_tmr
 .text.tcp_next_iss
                0x0000000080017c5c       0x1c /usr/local/xenon/usr/lib/libxenon.a(tcp.o)
                0x0000000080017c5c                tcp_next_iss
 .text.tcp_alloc
                0x0000000080017c78      0x1c4 /usr/local/xenon/usr/lib/libxenon.a(tcp.o)
                0x0000000080017c78                tcp_alloc
 .text.tcp_eff_send_mss
                0x0000000080017e3c       0x5c /usr/local/xenon/usr/lib/libxenon.a(tcp.o)
                0x0000000080017e3c                tcp_eff_send_mss
 .text.tcp_create_segment
                0x0000000080017e98      0x108 /usr/local/xenon/usr/lib/libxenon.a(tcp_out.o)
 .text.tcp_output_alloc_header.constprop.1
                0x0000000080017fa0       0xb0 /usr/local/xenon/usr/lib/libxenon.a(tcp_out.o)
 .text.tcp_enqueue_flags
                0x0000000080018050      0x268 /usr/local/xenon/usr/lib/libxenon.a(tcp_out.o)
                0x0000000080018050                tcp_enqueue_flags
 .text.tcp_send_fin
                0x00000000800182b8       0x4c /usr/local/xenon/usr/lib/libxenon.a(tcp_out.o)
                0x00000000800182b8                tcp_send_fin
 .text.tcp_send_empty_ack
                0x0000000080018304       0x90 /usr/local/xenon/usr/lib/libxenon.a(tcp_out.o)
                0x0000000080018304                tcp_send_empty_ack
 .text.tcp_output
                0x0000000080018394      0x41c /usr/local/xenon/usr/lib/libxenon.a(tcp_out.o)
                0x0000000080018394                tcp_output
 .text.tcp_rst  0x00000000800187b0       0xf8 /usr/local/xenon/usr/lib/libxenon.a(tcp_out.o)
                0x00000000800187b0                tcp_rst
 .text.tcp_rexmit_rto
                0x00000000800188a8       0x48 /usr/local/xenon/usr/lib/libxenon.a(tcp_out.o)
                0x00000000800188a8                tcp_rexmit_rto
 .text.tcp_rexmit
                0x00000000800188f0       0x64 /usr/local/xenon/usr/lib/libxenon.a(tcp_out.o)
                0x00000000800188f0                tcp_rexmit
 .text.tcp_rexmit_fast
                0x0000000080018954       0x98 /usr/local/xenon/usr/lib/libxenon.a(tcp_out.o)
                0x0000000080018954                tcp_rexmit_fast
 .text.tcp_keepalive
                0x00000000800189ec       0x90 /usr/local/xenon/usr/lib/libxenon.a(tcp_out.o)
                0x00000000800189ec                tcp_keepalive
 .text.tcp_zero_window_probe
                0x0000000080018a7c      0x11c /usr/local/xenon/usr/lib/libxenon.a(tcp_out.o)
                0x0000000080018a7c                tcp_zero_window_probe
 .text.sys_timeout_debug
                0x0000000080018b98       0xf0 /usr/local/xenon/usr/lib/libxenon.a(timers.o)
                0x0000000080018b98                sys_timeout_debug
 .text.sys_timeouts_init
                0x0000000080018c88       0xa8 /usr/local/xenon/usr/lib/libxenon.a(timers.o)
                0x0000000080018c88                sys_timeouts_init
 .text.dns_timer
                0x0000000080018d30       0x38 /usr/local/xenon/usr/lib/libxenon.a(timers.o)
 .text.dhcp_timer_fine
                0x0000000080018d68       0x38 /usr/local/xenon/usr/lib/libxenon.a(timers.o)
 .text.dhcp_timer_coarse
                0x0000000080018da0       0x3c /usr/local/xenon/usr/lib/libxenon.a(timers.o)
 .text.arp_timer
                0x0000000080018ddc       0x38 /usr/local/xenon/usr/lib/libxenon.a(timers.o)
 .text.ip_reass_timer
                0x0000000080018e14       0x38 /usr/local/xenon/usr/lib/libxenon.a(timers.o)
 .text.tcp_timer_needed
                0x0000000080018e4c       0x54 /usr/local/xenon/usr/lib/libxenon.a(timers.o)
                0x0000000080018e4c                tcp_timer_needed
 .text.tcpip_tcp_timer
                0x0000000080018ea0       0x70 /usr/local/xenon/usr/lib/libxenon.a(timers.o)
 .text.sys_untimeout
                0x0000000080018f10       0xa8 /usr/local/xenon/usr/lib/libxenon.a(timers.o)
                0x0000000080018f10                sys_untimeout
 .text.sys_timeouts_mbox_fetch
                0x0000000080018fb8       0xc4 /usr/local/xenon/usr/lib/libxenon.a(timers.o)
                0x0000000080018fb8                sys_timeouts_mbox_fetch
 .text.udp_input
                0x000000008001907c      0x340 /usr/local/xenon/usr/lib/libxenon.a(udp.o)
                0x000000008001907c                udp_input
 .text.udp_bind
                0x00000000800193bc      0x138 /usr/local/xenon/usr/lib/libxenon.a(udp.o)
                0x00000000800193bc                udp_bind
 .text.udp_sendto_if
                0x00000000800194f4      0x1a4 /usr/local/xenon/usr/lib/libxenon.a(udp.o)
                0x00000000800194f4                udp_sendto_if
 .text.udp_sendto
                0x0000000080019698       0x78 /usr/local/xenon/usr/lib/libxenon.a(udp.o)
                0x0000000080019698                udp_sendto
 .text.udp_connect
                0x0000000080019710       0xa0 /usr/local/xenon/usr/lib/libxenon.a(udp.o)
                0x0000000080019710                udp_connect
 .text.udp_recv
                0x00000000800197b0        0xc /usr/local/xenon/usr/lib/libxenon.a(udp.o)
                0x00000000800197b0                udp_recv
 .text.udp_remove
                0x00000000800197bc       0x6c /usr/local/xenon/usr/lib/libxenon.a(udp.o)
                0x00000000800197bc                udp_remove
 .text.udp_new  0x0000000080019828       0x44 /usr/local/xenon/usr/lib/libxenon.a(udp.o)
                0x0000000080019828                udp_new
 .text.free_entry
                0x000000008001986c       0x6c /usr/local/xenon/usr/lib/libxenon.a(etharp.o)
 .text.find_entry
                0x00000000800198d8      0x230 /usr/local/xenon/usr/lib/libxenon.a(etharp.o)
 .text.etharp_send_ip
                0x0000000080019b08       0x80 /usr/local/xenon/usr/lib/libxenon.a(etharp.o)
 .text.etharp_tmr
                0x0000000080019b88       0x78 /usr/local/xenon/usr/lib/libxenon.a(etharp.o)
                0x0000000080019b88                etharp_tmr
 .text.etharp_request
                0x0000000080019c00      0x174 /usr/local/xenon/usr/lib/libxenon.a(etharp.o)
                0x0000000080019c00                etharp_request
 .text.etharp_query
                0x0000000080019d74      0x270 /usr/local/xenon/usr/lib/libxenon.a(etharp.o)
                0x0000000080019d74                etharp_query
 .text.etharp_output
                0x0000000080019fe4      0x17c /usr/local/xenon/usr/lib/libxenon.a(etharp.o)
                0x0000000080019fe4                etharp_output
 .text.ethernet_input
                0x000000008001a160      0x32c /usr/local/xenon/usr/lib/libxenon.a(etharp.o)
                0x000000008001a160                ethernet_input
 .text.sys_init
                0x000000008001a48c       0x14 /usr/local/xenon/usr/lib/libxenon.a(sys_arch.o)
                0x000000008001a48c                sys_init
 .text.sys_jiffies
                0x000000008001a4a0       0x30 /usr/local/xenon/usr/lib/libxenon.a(sys_arch.o)
                0x000000008001a4a0                sys_jiffies
 .text.sys_sem_new
                0x000000008001a4d0       0xbc /usr/local/xenon/usr/lib/libxenon.a(sys_arch.o)
                0x000000008001a4d0                sys_sem_new
 .text.sys_sem_free
                0x000000008001a58c       0x90 /usr/local/xenon/usr/lib/libxenon.a(sys_arch.o)
                0x000000008001a58c                sys_sem_free
 .text.sys_arch_sem_wait
                0x000000008001a61c       0x80 /usr/local/xenon/usr/lib/libxenon.a(sys_arch.o)
                0x000000008001a61c                sys_arch_sem_wait
 .text.sys_sem_signal
                0x000000008001a69c       0x74 /usr/local/xenon/usr/lib/libxenon.a(sys_arch.o)
                0x000000008001a69c                sys_sem_signal
 .text.sys_mbox_new
                0x000000008001a710       0xb0 /usr/local/xenon/usr/lib/libxenon.a(sys_arch.o)
                0x000000008001a710                sys_mbox_new
 .text.sys_mbox_post
                0x000000008001a7c0       0xe8 /usr/local/xenon/usr/lib/libxenon.a(sys_arch.o)
                0x000000008001a7c0                sys_mbox_post
 .text.sys_mbox_trypost
                0x000000008001a8a8       0xd8 /usr/local/xenon/usr/lib/libxenon.a(sys_arch.o)
                0x000000008001a8a8                sys_mbox_trypost
 .text.sys_arch_mbox_fetch
                0x000000008001a980      0x12c /usr/local/xenon/usr/lib/libxenon.a(sys_arch.o)
                0x000000008001a980                sys_arch_mbox_fetch
 .text.sys_thread_new
                0x000000008001aaac       0x70 /usr/local/xenon/usr/lib/libxenon.a(sys_arch.o)
                0x000000008001aaac                sys_thread_new
 .text          0x000000008001ab1c        0x8 /usr/local/xenon/usr/lib/libxenon.a(debug.o)
                0x000000008001ab1c                debug_print
 .text.q_enqueue
                0x000000008001ab24       0x18 /usr/local/xenon/usr/lib/libxenon.a(lib_queue.o)
                0x000000008001ab24                q_enqueue
 .text.q_deqnext
                0x000000008001ab3c       0x30 /usr/local/xenon/usr/lib/libxenon.a(lib_queue.o)
                0x000000008001ab3c                q_deqnext
 .text.usbctrl_queue_intreq
                0x000000008001ab6c       0x48 /usr/local/xenon/usr/lib/libxenon.a(usbctrl.o)
 .text.usbctrl_set_led_callback
                0x000000008001abb4       0x3c /usr/local/xenon/usr/lib/libxenon.a(usbctrl.o)
 .text.usbctrl_detach
                0x000000008001abf0       0x8c /usr/local/xenon/usr/lib/libxenon.a(usbctrl.o)
 .text.usbctrl_set_leds
                0x000000008001ac7c      0x11c /usr/local/xenon/usr/lib/libxenon.a(usbctrl.o)
                0x000000008001ac7c                usbctrl_set_leds
 .text.usbctrl_ireq_callback
                0x000000008001ad98      0x25c /usr/local/xenon/usr/lib/libxenon.a(usbctrl.o)
 .text.usbctrl_poll
                0x000000008001aff4       0xb4 /usr/local/xenon/usr/lib/libxenon.a(usbctrl.o)
                0x000000008001aff4                usbctrl_poll
 .text.usbctrl_attach
                0x000000008001b0a8      0x328 /usr/local/xenon/usr/lib/libxenon.a(usbctrl.o)
 .text.getstringmaybe
                0x000000008001b3d0       0x6c /usr/local/xenon/usr/lib/libxenon.a(usbdebug.o)
 .text.usb_dbg_dumpportstatus
                0x000000008001b43c      0x26c /usr/local/xenon/usr/lib/libxenon.a(usbdebug.o)
                0x000000008001b43c                usb_dbg_dumpportstatus
 .text.usb_dbg_dumpdescriptors
                0x000000008001b6a8      0x6b8 /usr/local/xenon/usr/lib/libxenon.a(usbdebug.o)
                0x000000008001b6a8                usb_dbg_dumpdescriptors
 .text.lwip_socket_init
                0x000000008001bd60        0x4 /usr/local/xenon/usr/lib/libxenon.a(sockets.o)
                0x000000008001bd60                lwip_socket_init
 .text.icmp_send_response.isra.0
                0x000000008001bd64       0xf0 /usr/local/xenon/usr/lib/libxenon.a(icmp.o)
 .text.icmp_input
                0x000000008001be54      0x368 /usr/local/xenon/usr/lib/libxenon.a(icmp.o)
                0x000000008001be54                icmp_input
 .text.icmp_dest_unreach
                0x000000008001c1bc       0x10 /usr/local/xenon/usr/lib/libxenon.a(icmp.o)
                0x000000008001c1bc                icmp_dest_unreach
 .text.icmp_time_exceeded
                0x000000008001c1cc       0x10 /usr/local/xenon/usr/lib/libxenon.a(icmp.o)
                0x000000008001c1cc                icmp_time_exceeded
 .text.lwip_standard_chksum
                0x000000008001c1dc       0xb0 /usr/local/xenon/usr/lib/libxenon.a(inet_chksum.o)
 .text.inet_chksum_pseudo
                0x000000008001c28c       0xec /usr/local/xenon/usr/lib/libxenon.a(inet_chksum.o)
                0x000000008001c28c                inet_chksum_pseudo
 .text.inet_chksum
                0x000000008001c378       0x28 /usr/local/xenon/usr/lib/libxenon.a(inet_chksum.o)
                0x000000008001c378                inet_chksum
 .text.inet_chksum_pbuf
                0x000000008001c3a0       0x94 /usr/local/xenon/usr/lib/libxenon.a(inet_chksum.o)
                0x000000008001c3a0                inet_chksum_pbuf
 .text.ipfrag_free_pbuf_custom
                0x000000008001c434       0x60 /usr/local/xenon/usr/lib/libxenon.a(ip_frag.o)
 .text.unlikely.ip_reass_dequeue_datagram.part.2
                0x000000008001c494       0x2c /usr/local/xenon/usr/lib/libxenon.a(ip_frag.o)
 .text.ip_reass_free_complete_datagram
                0x000000008001c4c0      0x1a8 /usr/local/xenon/usr/lib/libxenon.a(ip_frag.o)
 .text.ip_reass_remove_oldest_datagram
                0x000000008001c668       0xd0 /usr/local/xenon/usr/lib/libxenon.a(ip_frag.o)
 .text.ip_reass_tmr
                0x000000008001c738       0x60 /usr/local/xenon/usr/lib/libxenon.a(ip_frag.o)
                0x000000008001c738                ip_reass_tmr
 .text.ip_reass
                0x000000008001c798      0x51c /usr/local/xenon/usr/lib/libxenon.a(ip_frag.o)
                0x000000008001c798                ip_reass
 .text.ip_frag  0x000000008001ccb4      0x228 /usr/local/xenon/usr/lib/libxenon.a(ip_frag.o)
                0x000000008001ccb4                ip_frag
 .text.set_controller_data
                0x000000008001cedc       0x54 /usr/local/xenon/usr/lib/libxenon.a(input.o)
                0x000000008001cedc                set_controller_data
 .text          0x000000008001cf30       0x4c /usr/local/xenon/lib/gcc/xenon/4.6.1/32/libgcc.a(crtsavgpr.o)
                0x000000008001cf30                _savegpr_14
                0x000000008001cf34                _savegpr_15
                0x000000008001cf38                _savegpr_16
                0x000000008001cf3c                _savegpr_17
                0x000000008001cf40                _savegpr_18
                0x000000008001cf44                _savegpr_19
                0x000000008001cf48                _savegpr_20
                0x000000008001cf4c                _savegpr_21
                0x000000008001cf50                _savegpr_22
                0x000000008001cf54                _savegpr_23
                0x000000008001cf58                _savegpr_24
                0x000000008001cf5c                _savegpr_25
                0x000000008001cf60                _savegpr_26
                0x000000008001cf64                _savegpr_27
                0x000000008001cf68                _savegpr_28
                0x000000008001cf6c                _savegpr_29
                0x000000008001cf70                _savegpr_30
                0x000000008001cf74                _savegpr_31
 .text          0x000000008001cf7c       0x58 /usr/local/xenon/lib/gcc/xenon/4.6.1/32/libgcc.a(crtresxgpr.o)
                0x000000008001cf7c                _restgpr_14_x
                0x000000008001cf80                _restgpr_15_x
                0x000000008001cf84                _restgpr_16_x
                0x000000008001cf88                _restgpr_17_x
                0x000000008001cf8c                _restgpr_18_x
                0x000000008001cf90                _restgpr_19_x
                0x000000008001cf94                _restgpr_20_x
                0x000000008001cf98                _restgpr_21_x
                0x000000008001cf9c                _restgpr_22_x
                0x000000008001cfa0                _restgpr_23_x
                0x000000008001cfa4                _restgpr_24_x
                0x000000008001cfa8                _restgpr_25_x
                0x000000008001cfac                _restgpr_26_x
                0x000000008001cfb0                _restgpr_27_x
                0x000000008001cfb4                _restgpr_28_x
                0x000000008001cfb8                _restgpr_29_x
                0x000000008001cfbc                _restgpr_30_x
                0x000000008001cfc0                _restgpr_31_x
 *fill*         0x000000008001cfd4        0x4 00
 .text          0x000000008001cfd8     0x1ae0 /usr/local/xenon/lib/gcc/xenon/4.6.1/32/libgcc.a(unwind-dw2-fde-glibc.o)
                0x000000008001e554                __register_frame_info_bases
                0x000000008001e5c8                __register_frame_info
                0x000000008001e5f0                __register_frame
                0x000000008001e63c                __register_frame_info_table_bases
                0x000000008001e6a0                __register_frame_info_table
                0x000000008001e6c8                __register_frame_table
                0x000000008001e70c                __deregister_frame_info_bases
                0x000000008001e858                __deregister_frame_info
                0x000000008001e878                __deregister_frame
                0x000000008001e8ac                _Unwind_Find_FDE
 .text          0x000000008001eab8       0x88 /usr/local/xenon/xenon/lib/32/libc.a(lib_a-assert.o)
                0x000000008001eabc                __assert_func
                0x000000008001eb28                __assert
 .text          0x000000008001eb40       0x58 /usr/local/xenon/xenon/lib/32/libc.a(lib_a-exit.o)
                0x000000008001eb44                exit
 .text          0x000000008001eb98      0x130 /usr/local/xenon/xenon/lib/32/libc.a(lib_a-fiprintf.o)
                0x000000008001eb98                _fiprintf_r
                0x000000008001ec1c                fiprintf
 .text          0x000000008001ecc8       0x4c /usr/local/xenon/xenon/lib/32/libc.a(lib_a-malign.o)
                0x000000008001eccc                memalign
 *fill*         0x000000008001ed14        0x4 00
 .text          0x000000008001ed18      0x21c /usr/local/xenon/xenon/lib/32/libc.a(lib_a-malignr.o)
                0x000000008001ed18                _memalign_r
 *fill*         0x000000008001ef34        0x4 00
 .text          0x000000008001ef38       0x90 /usr/local/xenon/xenon/lib/32/libc.a(lib_a-malloc.o)
                0x000000008001ef3c                malloc
                0x000000008001ef84                free
 .text          0x000000008001efc8      0x890 /usr/local/xenon/xenon/lib/32/libc.a(lib_a-mallocr.o)
                0x000000008001efcc                _malloc_r
 .text          0x000000008001f858       0xe0 /usr/local/xenon/xenon/lib/32/libc.a(lib_a-memcmp.o)
                0x000000008001f858                memcmp
 .text          0x000000008001f938      0x128 /usr/local/xenon/xenon/lib/32/libc.a(lib_a-memcpy.o)
                0x000000008001f938                memcpy
 .text          0x000000008001fa60      0x134 /usr/local/xenon/xenon/lib/32/libc.a(lib_a-memset.o)
                0x000000008001fa60                memset
 *fill*         0x000000008001fb94        0x4 00
 .text          0x000000008001fb98      0x128 /usr/local/xenon/xenon/lib/32/libc.a(lib_a-puts.o)
                0x000000008001fb9c                _puts_r
                0x000000008001fc7c                puts
 .text          0x000000008001fcc0       0x94 /usr/local/xenon/xenon/lib/32/libc.a(lib_a-sbrkr.o)
                0x000000008001fcc4                _sbrk_r
 *fill*         0x000000008001fd54        0x4 00
 .text          0x000000008001fd58      0x1a8 /usr/local/xenon/xenon/lib/32/libc.a(lib_a-sprintf.o)
                0x000000008001fd58                _sprintf_r
                0x000000008001fe1c                sprintf
 .text          0x000000008001ff00       0xb0 /usr/local/xenon/xenon/lib/32/libc.a(lib_a-strcat.o)
                0x000000008001ff00                strcat
 .text          0x000000008001ffb0      0x10c /usr/local/xenon/xenon/lib/32/libc.a(lib_a-strcmp.o)
                0x000000008001ffb0                strcmp
 *fill*         0x00000000800200bc        0x4 00
 .text          0x00000000800200c0       0xa4 /usr/local/xenon/xenon/lib/32/libc.a(lib_a-strcpy.o)
                0x00000000800200c0                strcpy
 *fill*         0x0000000080020164        0x4 00
 .text          0x0000000080020168      0x100 /usr/local/xenon/xenon/lib/32/libc.a(lib_a-strlen.o)
                0x0000000080020168                strlen
 .text          0x0000000080020268     0x2318 /usr/local/xenon/xenon/lib/32/libc.a(lib_a-svfprintf.o)
                0x000000008002054c                _svfprintf_r
 .text          0x0000000080022580     0x153c /usr/local/xenon/xenon/lib/32/libc.a(lib_a-vfiprintf.o)
                0x00000000800225ec                _vfiprintf_r
                0x0000000080023a6c                vfiprintf
 *fill*         0x0000000080023abc        0x4 00
 .text          0x0000000080023ac0      0x148 /usr/local/xenon/xenon/lib/32/libc.a(lib_a-vsnprintf.o)
                0x0000000080023ac0                _vsnprintf_r
                0x0000000080023bac                vsnprintf
 .text          0x0000000080023c08      0x1b0 /usr/local/xenon/xenon/lib/32/libc.a(lib_a-wsetup.o)
                0x0000000080023c0c                __swsetup_r
 .text          0x0000000080023db8      0x1f8 /usr/local/xenon/xenon/lib/32/libc.a(lib_a-__call_atexit.o)
                0x0000000080023dbc                __call_exitprocs
 .text          0x0000000080023fb0     0x14dc /usr/local/xenon/xenon/lib/32/libc.a(lib_a-dtoa.o)
                0x0000000080024204                _dtoa_r
 *fill*         0x000000008002548c        0x4 00
 .text          0x0000000080025490      0x334 /usr/local/xenon/xenon/lib/32/libc.a(lib_a-fflush.o)
                0x0000000080025490                _fflush_r
                0x0000000080025754                fflush
 *fill*         0x00000000800257c4        0x4 00
 .text          0x00000000800257c8      0x48c /usr/local/xenon/xenon/lib/32/libc.a(lib_a-findfp.o)
                0x00000000800257dc                _cleanup_r
                0x00000000800258b8                __sfmoreglue
                0x000000008002593c                _cleanup
                0x0000000080025980                __sfp_lock_acquire
                0x0000000080025988                __sfp_lock_release
                0x0000000080025990                __sinit_lock_acquire
                0x0000000080025998                __sinit_lock_release
                0x00000000800259a4                __sinit
                0x0000000080025a54                __sfp
                0x0000000080025bbc                __fp_lock_all
                0x0000000080025c0c                __fp_unlock_all
 *fill*         0x0000000080025c54        0x4 00
 .text          0x0000000080025c58      0x418 /usr/local/xenon/xenon/lib/32/libc.a(lib_a-freer.o)
                0x0000000080025c5c                _malloc_trim_r
                0x0000000080025db4                _free_r
 .text          0x0000000080026070      0x57c /usr/local/xenon/xenon/lib/32/libc.a(lib_a-fvwrite.o)
                0x0000000080026070                __sfvwrite_r
 *fill*         0x00000000800265ec        0x4 00
 .text          0x00000000800265f0      0x19c /usr/local/xenon/xenon/lib/32/libc.a(lib_a-fwalk.o)
                0x00000000800265f0                _fwalk
                0x00000000800266b8                _fwalk_reent
 *fill*         0x000000008002678c        0x4 00
 .text          0x0000000080026790      0x1cc /usr/local/xenon/xenon/lib/32/libc.a(lib_a-locale.o)
                0x0000000080026794                _setlocale_r
                0x000000008002684c                __locale_charset
                0x000000008002688c                _localeconv_r
                0x00000000800268cc                setlocale
                0x000000008002691c                localeconv
 *fill*         0x000000008002695c        0x4 00
 .text          0x0000000080026960      0x220 /usr/local/xenon/xenon/lib/32/libc.a(lib_a-makebuf.o)
                0x0000000080026964                __smakebuf_r
 .text          0x0000000080026b80      0x130 /usr/local/xenon/xenon/lib/32/libc.a(lib_a-memchr.o)
                0x0000000080026b80                memchr
 .text          0x0000000080026cb0      0x198 /usr/local/xenon/xenon/lib/32/libc.a(lib_a-memmove.o)
                0x0000000080026cb0                memmove
 .text          0x0000000080026e48     0x1308 /usr/local/xenon/xenon/lib/32/libc.a(lib_a-mprec.o)
                0x0000000080026e48                _Balloc
                0x0000000080026f10                _Bfree
                0x0000000080026f38                __multadd
                0x0000000080027060                __s2b
                0x00000000800271b0                __hi0bits
                0x0000000080027228                __lo0bits
                0x0000000080027308                __i2b
                0x0000000080027348                __multiply
                0x00000000800275ac                __pow5mult
                0x0000000080027700                __lshift
                0x0000000080027880                __mcmp
                0x00000000800278e0                __mdiff
                0x0000000080027ac8                __ulp
                0x0000000080027b60                __b2d
                0x0000000080027ce0                __d2b
                0x0000000080027e80                __ratio
                0x0000000080027f6c                _mprec_log10
                0x0000000080027fe8                __copybits
                0x0000000080028070                __any_on
 .text          0x0000000080028150      0x630 /usr/local/xenon/xenon/lib/32/libc.a(lib_a-reallocr.o)
                0x0000000080028154                _realloc_r
 .text          0x0000000080028780       0x44 /usr/local/xenon/xenon/lib/32/libc.a(lib_a-s_isinfd.o)
                0x0000000080028780                __isinfd
 *fill*         0x00000000800287c4        0x4 00
 .text          0x00000000800287c8       0x38 /usr/local/xenon/xenon/lib/32/libc.a(lib_a-s_isnand.o)
                0x00000000800287c8                __isnand
 .text          0x0000000080028800      0x1a8 /usr/local/xenon/xenon/lib/32/libc.a(lib_a-stdio.o)
                0x0000000080028800                __sread
                0x0000000080028868                __swrite
                0x0000000080028910                __sseek
                0x0000000080028980                __sclose
 .text          0x00000000800289a8       0x9c /usr/local/xenon/xenon/lib/32/libc.a(lib_a-writer.o)
                0x00000000800289ac                _write_r
 *fill*         0x0000000080028a44        0x4 00
 .text          0x0000000080028a48       0xc8 /usr/local/xenon/xenon/lib/32/libc.a(lib_a-callocr.o)
                0x0000000080028a48                _calloc_r
 .text          0x0000000080028b10       0x94 /usr/local/xenon/xenon/lib/32/libc.a(lib_a-closer.o)
                0x0000000080028b14                _close_r
 *fill*         0x0000000080028ba4        0x4 00
 .text          0x0000000080028ba8      0x1c0 /usr/local/xenon/xenon/lib/32/libc.a(lib_a-fclose.o)
                0x0000000080028ba8                _fclose_r
                0x0000000080028d24                fclose
 .text          0x0000000080028d68       0x9c /usr/local/xenon/xenon/lib/32/libc.a(lib_a-fstatr.o)
                0x0000000080028d6c                _fstat_r
 *fill*         0x0000000080028e04        0x4 00
 .text          0x0000000080028e08       0x94 /usr/local/xenon/xenon/lib/32/libc.a(lib_a-isattyr.o)
                0x0000000080028e0c                _isatty_r
 *fill*         0x0000000080028e9c        0x4 00
 .text          0x0000000080028ea0       0x9c /usr/local/xenon/xenon/lib/32/libc.a(lib_a-lseekr.o)
                0x0000000080028ea4                _lseek_r
 *fill*         0x0000000080028f3c        0x4 00
 .text          0x0000000080028f40       0x9c /usr/local/xenon/xenon/lib/32/libc.a(lib_a-readr.o)
                0x0000000080028f44                _read_r
 *fill*         0x0000000080028fdc        0x4 00
 .text          0x0000000080028fe0      0x434 /usr/local/xenon/lib/gcc/xenon/4.6.1/32/libgcc.a(_udivdi3.o)
                0x0000000080028fe0                __udivdi3
 *fill*         0x0000000080029414        0x4 00
 .text          0x0000000080029418      0x3f0 /usr/local/xenon/lib/gcc/xenon/4.6.1/32/libgcc.a(_umoddi3.o)
                0x0000000080029418                __umoddi3
 *(.init*)

.glink          0x0000000080029808        0x0
 .glink         0x0000000000000000        0x0 /usr/local/xenon/lib/gcc/xenon/4.6.1/../../../../xenon/lib/../lib/crt1.o

.elfldr         0x0000000080029808        0x0
                0x0000000080029808                elfldr_start = .
 *(.elfldr)
                0x0000000080029808                elfldr_end = .

.data           0x0000000080029808     0x46d0
 *(.data*)
 .data.devoptab_list
                0x0000000080029808       0x40 /usr/local/xenon/usr/lib/libxenon.a(newlib.o)
                0x0000000080029808                devoptab_list
 .data.__syscalls
                0x0000000080029848       0x24 /usr/local/xenon/usr/lib/libxenon.a(xenon_syscalls.o)
                0x0000000080029848                __syscalls
 .data.lockowner
                0x000000008002986c        0x4 /usr/local/xenon/usr/lib/libxenon.a(xenon_syscalls.o)
 .data.__lun    0x0000000080029870        0x1 /usr/local/xenon/usr/lib/libxenon.a(tinyehci.o)
 *fill*         0x0000000080029871        0x3 00
 .data.first_access
                0x0000000080029874        0x4 /usr/local/xenon/usr/lib/libxenon.a(tinyehci.o)
 .data.ana_1024x768
                0x0000000080029878      0x400 /usr/local/xenon/usr/lib/libxenon.a(xenos.o)
                0x0000000080029878                ana_1024x768
 .data.ana_ntsc_480i
                0x0000000080029c78      0x400 /usr/local/xenon/usr/lib/libxenon.a(xenos.o)
                0x0000000080029c78                ana_ntsc_480i
 .data.ana_yuv_480p
                0x000000008002a078      0x400 /usr/local/xenon/usr/lib/libxenon.a(xenos.o)
                0x000000008002a078                ana_yuv_480p
 .data.ana_1280x1024
                0x000000008002a478      0x400 /usr/local/xenon/usr/lib/libxenon.a(xenos.o)
                0x000000008002a478                ana_1280x1024
 .data.ana_1360x768
                0x000000008002a878      0x400 /usr/local/xenon/usr/lib/libxenon.a(xenos.o)
                0x000000008002a878                ana_1360x768
 .data.ana_640_480_composite
                0x000000008002ac78      0x400 /usr/local/xenon/usr/lib/libxenon.a(xenos.o)
                0x000000008002ac78                ana_640_480_composite
 .data.ana_1440x900
                0x000000008002b078      0x400 /usr/local/xenon/usr/lib/libxenon.a(xenos.o)
                0x000000008002b078                ana_1440x900
 .data.ana_1280x768
                0x000000008002b478      0x400 /usr/local/xenon/usr/lib/libxenon.a(xenos.o)
                0x000000008002b478                ana_1280x768
 .data.ana_pal  0x000000008002b878      0x400 /usr/local/xenon/usr/lib/libxenon.a(xenos.o)
                0x000000008002b878                ana_pal
 .data.ana_640x480p
                0x000000008002bc78      0x400 /usr/local/xenon/usr/lib/libxenon.a(xenos.o)
                0x000000008002bc78                ana_640x480p
 .data.ana_1280x720
                0x000000008002c078      0x400 /usr/local/xenon/usr/lib/libxenon.a(xenos.o)
                0x000000008002c078                ana_1280x720
 .data.ana_hdmi_720p
                0x000000008002c478      0x400 /usr/local/xenon/usr/lib/libxenon.a(xenos.o)
                0x000000008002c478                ana_hdmi_720p
 .data.xenos_modes
                0x000000008002c878      0x2d8 /usr/local/xenon/usr/lib/libxenon.a(xenos.o)
                0x000000008002c878                xenos_modes
 .data.ana_yuv_720p
                0x000000008002cb50      0x400 /usr/local/xenon/usr/lib/libxenon.a(xenos.o)
                0x000000008002cb50                ana_yuv_720p
 .data.decrementer_ticks