Archive member included because of file (symbol)

/usr/local/xenon/usr/lib/libxenon.a(startup_from_xell.o)
                              (_start)
/usr/local/xenon/usr/lib/libxenon.a(console.o)
                              VL.o (console_init)
/usr/local/xenon/usr/lib/libxenon.a(newlib.o)
                              /usr/local/xenon/usr/lib/libxenon.a(console.o) (stdout_hook)
/usr/local/xenon/usr/lib/libxenon.a(atomic.o)
                              /usr/local/xenon/usr/lib/libxenon.a(startup_from_xell.o) (atomic_clearset)
/usr/local/xenon/usr/lib/libxenon.a(cache.o)
                              /usr/local/xenon/usr/lib/libxenon.a(console.o) (memdcbst)
/usr/local/xenon/usr/lib/libxenon.a(except.o)
                              (exc_base)
/usr/local/xenon/usr/lib/libxenon.a(c_except.o)
                              /usr/local/xenon/usr/lib/libxenon.a(except.o) (crashdump)
/usr/local/xenon/usr/lib/libxenon.a(vm.o)
                              /usr/local/xenon/usr/lib/libxenon.a(except.o) (vm_segfault_handler)
/usr/local/xenon/usr/lib/libxenon.a(usbmain.o)
                              /usr/local/xenon/usr/lib/libxenon.a(newlib.o) (usb_shutdown)
/usr/local/xenon/usr/lib/libxenon.a(tinyehci.o)
                              /usr/local/xenon/usr/lib/libxenon.a(usbmain.o) (USBStorage_Init)
/usr/local/xenon/usr/lib/libxenon.a(xenon_smc.o)
                              /usr/local/xenon/usr/lib/libxenon.a(newlib.o) (xenon_smc_send_message)
/usr/local/xenon/usr/lib/libxenon.a(xenon_power.o)
                              main.o (xenon_run_thread_task)
/usr/local/xenon/usr/lib/libxenon.a(xenon_uart.o)
                              /usr/local/xenon/usr/lib/libxenon.a(newlib.o) (putch)
/usr/local/xenon/usr/lib/libxenon.a(xenon_sfcx.o)
                              VL.o (sfcx_init)
/usr/local/xenon/usr/lib/libxenon.a(xenon_config.o)
                              VL.o (xenon_config_init)
/usr/local/xenon/usr/lib/libxenon.a(xenos.o)
                              VL.o (xenos_init)
/usr/local/xenon/usr/lib/libxenon.a(xenos_edid.o)
                              /usr/local/xenon/usr/lib/libxenon.a(xenos.o) (xenos_get_edid)
/usr/local/xenon/usr/lib/libxenon.a(enet.o)
                              /usr/local/xenon/usr/lib/libxenon.a(newlib.o) (enet_quiesce)
/usr/local/xenon/usr/lib/libxenon.a(network.o)
                              VL.o (network_init)
/usr/local/xenon/usr/lib/libxenon.a(diskio.o)
                              /usr/local/xenon/usr/lib/libxenon.a(tinyehci.o) (register_bdev)
/usr/local/xenon/usr/lib/libxenon.a(fat.o)
                              /usr/local/xenon/usr/lib/libxenon.a(diskio.o) (vfs_fat_mount_ops)
/usr/local/xenon/usr/lib/libxenon.a(fat_rb.o)
                              /usr/local/xenon/usr/lib/libxenon.a(fat.o) (fat_init)
/usr/local/xenon/usr/lib/libxenon.a(file_rb.o)
                              /usr/local/xenon/usr/lib/libxenon.a(fat.o) (rb_close)
/usr/local/xenon/usr/lib/libxenon.a(dir_rb.o)
                              /usr/local/xenon/usr/lib/libxenon.a(fat.o) (rb_opendir)
/usr/local/xenon/usr/lib/libxenon.a(iso9660.o)
                              /usr/local/xenon/usr/lib/libxenon.a(diskio.o) (vfs_iso9660_mount_ops)
/usr/local/xenon/usr/lib/libxenon.a(lib_malloc.o)
                              /usr/local/xenon/usr/lib/libxenon.a(usbmain.o) (kmem_init)
/usr/local/xenon/usr/lib/libxenon.a(io.o)
                              /usr/local/xenon/usr/lib/libxenon.a(usbmain.o) (read32)
/usr/local/xenon/usr/lib/libxenon.a(time.o)
                              /usr/local/xenon/usr/lib/libxenon.a(xenon_power.o) (udelay)
/usr/local/xenon/usr/lib/libxenon.a(ohci.o)
                              /usr/local/xenon/usr/lib/libxenon.a(usbmain.o) (ohci_driver)
/usr/local/xenon/usr/lib/libxenon.a(usbd.o)
                              /usr/local/xenon/usr/lib/libxenon.a(usbmain.o) (usb_poll)
/usr/local/xenon/usr/lib/libxenon.a(usbdevs.o)
                              /usr/local/xenon/usr/lib/libxenon.a(usbd.o) (usb_find_driver)
/usr/local/xenon/usr/lib/libxenon.a(usbhid.o)
                              /usr/local/xenon/usr/lib/libxenon.a(usbdevs.o) (usbhid_driver)
/usr/local/xenon/usr/lib/libxenon.a(usbhub.o)
                              /usr/local/xenon/usr/lib/libxenon.a(usbd.o) (usb_scan)
/usr/local/xenon/usr/lib/libxenon.a(usb_os.o)
                              /usr/local/xenon/usr/lib/libxenon.a(tinyehci.o) (ehci_maligned)
/usr/local/xenon/usr/lib/libxenon.a(unicode_rb.o)
                              /usr/local/xenon/usr/lib/libxenon.a(fat_rb.o) (utf8encode)
/usr/local/xenon/usr/lib/libxenon.a(xenon_gpio.o)
                              /usr/local/xenon/usr/lib/libxenon.a(enet.o) (xenon_gpio_control)
/usr/local/xenon/usr/lib/libxenon.a(cpusleep.o)
                              /usr/local/xenon/usr/lib/libxenon.a(xenon_power.o) (cpusleep)
/usr/local/xenon/usr/lib/libxenon.a(init.o)
                              /usr/local/xenon/usr/lib/libxenon.a(network.o) (lwip_init)
[...]
Memory Configuration

Name             Origin             Length             Attributes
*default*        0x0000000000000000 0xffffffffffffffff

Linker script and memory map

LOAD /usr/local/xenon/lib/gcc/xenon/4.6.1/../../../../xenon/lib/../lib/crt1.o
LOAD /usr/local/xenon/lib/gcc/xenon/4.6.1/../../../../xenon/lib/../lib/crti.o
LOAD /usr/local/xenon/lib/gcc/xenon/4.6.1/32/crtbegin.o
LOAD main.o
LOAD VL.o
LOAD /usr/local/xenon/usr/lib/libxenon.a
LOAD /usr/local/xenon/xenon/lib/32/libm.a
LOAD /usr/local/xenon/lib/gcc/xenon/4.6.1/32/libgcc.a
LOAD /usr/local/xenon/xenon/lib/32/libc.a
LOAD /usr/local/xenon/lib/gcc/xenon/4.6.1/32/libgcc.a
LOAD /usr/local/xenon/lib/gcc/xenon/4.6.1/32/crtend.o
LOAD /usr/local/xenon/lib/gcc/xenon/4.6.1/../../../../xenon/lib/../lib/crtn.o
                0x0000000080000000                . = 0x80000000

.text           0x0000000080000000    0x2d1b8
 *(.except*)
 .except        0x0000000080000000     0x1e1c /usr/local/xenon/usr/lib/libxenon.a(except.o)
                0x0000000080000000                secondary_lock
                0x0000000080000000                exc_base
                0x0000000080000004                secondary_alive
 *(.pagetable)
 .pagetable     0x0000000080001e1c       0x40 /usr/local/xenon/usr/lib/libxenon.a(vm.o)
                0x0000000080001e1c                pagetable
                0x0000000080001e5c                pagetable_end = .
 *(.text*)
 .text.call_ctors
                0x0000000080001e5c       0x48 /usr/local/xenon/lib/gcc/xenon/4.6.1/../../../../xenon/lib/../lib/crt1.o
                0x0000000080001e5c                call_ctors
 .text.c_register_frame
                0x0000000080001ea4       0x28 /usr/local/xenon/lib/gcc/xenon/4.6.1/../../../../xenon/lib/../lib/crt1.o
                0x0000000080001ea4                c_register_frame
 *fill*         0x0000000080001ecc        0x4 00
 .text.startup.main
                0x0000000080001ed0       0x74 main.o
                0x0000000080001ed0                main
 *fill*         0x0000000080001f44        0x4 00
 .text.verificationLoader
                0x0000000080001f48       0x48 VL.o
                0x0000000080001f48                verificationLoader
 *fill*         0x0000000080001f90       0x70 00
 .text          0x0000000080002000      0x2fc /usr/local/xenon/usr/lib/libxenon.a(startup_from_xell.o)
                0x0000000080002000                _start
                0x0000000080002200                wait
                0x0000000080002288                return_to_xell
 .text.console_pset32
                0x00000000800022fc       0x54 /usr/local/xenon/usr/lib/libxenon.a(console.o)
 .text.console_clrscr
                0x0000000080002350       0x80 /usr/local/xenon/usr/lib/libxenon.a(console.o)
                0x0000000080002350                console_clrscr
 .text.console_newline
                0x00000000800023d0       0xe8 /usr/local/xenon/usr/lib/libxenon.a(console.o)
                0x00000000800023d0                console_newline
 .text.console_putch
                0x00000000800024b8      0x120 /usr/local/xenon/usr/lib/libxenon.a(console.o)
                0x00000000800024b8                console_putch
 .text.console_stdout_hook
                0x00000000800025d8       0x40 /usr/local/xenon/usr/lib/libxenon.a(console.o)
 .text.console_init
                0x0000000080002618      0x13c /usr/local/xenon/usr/lib/libxenon.a(console.o)
                0x0000000080002618                console_init
 .text.console_set_colors
                0x0000000080002754       0x14 /usr/local/xenon/usr/lib/libxenon.a(console.o)
                0x0000000080002754                console_set_colors
 .text.vfs_console_isatty
                0x0000000080002768        0x8 /usr/local/xenon/usr/lib/libxenon.a(newlib.o)
                0x0000000080002768                vfs_console_isatty
 .text.is_valid_and_open_fd
                0x0000000080002770       0x34 /usr/local/xenon/usr/lib/libxenon.a(newlib.o)
 .text.vfs_console_open
                0x00000000800027a4       0x50 /usr/local/xenon/usr/lib/libxenon.a(newlib.o)
                0x00000000800027a4                vfs_console_open
 .text.vfs_console_write
                0x00000000800027f4       0x64 /usr/local/xenon/usr/lib/libxenon.a(newlib.o)
                0x00000000800027f4                vfs_console_write
 .text.mount    0x0000000080002858       0xa8 /usr/local/xenon/usr/lib/libxenon.a(newlib.o)
                0x0000000080002858                mount
 .text.sbrk     0x0000000080002900       0x30 /usr/local/xenon/usr/lib/libxenon.a(newlib.o)
                0x0000000080002900                sbrk
 .text.write    0x0000000080002930       0x84 /usr/local/xenon/usr/lib/libxenon.a(newlib.o)
                0x0000000080002930                write
 .text.close    0x00000000800029b4       0x68 /usr/local/xenon/usr/lib/libxenon.a(newlib.o)
                0x00000000800029b4                close
 .text.fstat    0x0000000080002a1c       0x70 /usr/local/xenon/usr/lib/libxenon.a(newlib.o)
                0x0000000080002a1c                fstat
 .text.isatty   0x0000000080002a8c       0x60 /usr/local/xenon/usr/lib/libxenon.a(newlib.o)
                0x0000000080002a8c                isatty
 .text.lseek    0x0000000080002aec       0x70 /usr/local/xenon/usr/lib/libxenon.a(newlib.o)
                0x0000000080002aec                lseek
 .text.read     0x0000000080002b5c       0x70 /usr/local/xenon/usr/lib/libxenon.a(newlib.o)
                0x0000000080002b5c                read
 .text.shutdown_drivers
                0x0000000080002bcc       0x24 /usr/local/xenon/usr/lib/libxenon.a(newlib.o)
                0x0000000080002bcc                shutdown_drivers
 .text.try_return_to_xell
                0x0000000080002bf0       0x50 /usr/local/xenon/usr/lib/libxenon.a(newlib.o)
                0x0000000080002bf0                try_return_to_xell
 .text._exit    0x0000000080002c40      0x130 /usr/local/xenon/usr/lib/libxenon.a(newlib.o)
                0x0000000080002c40                _exit
 .text.getpid   0x0000000080002d70        0x8 /usr/local/xenon/usr/lib/libxenon.a(newlib.o)
                0x0000000080002d70                getpid
 .text.kill     0x0000000080002d78        0x8 /usr/local/xenon/usr/lib/libxenon.a(newlib.o)
                0x0000000080002d78                kill
 .text          0x0000000080002d80       0x84 /usr/local/xenon/usr/lib/libxenon.a(atomic.o)
                0x0000000080002d80                atomic_inc
                0x0000000080002d94                atomic_dec
                0x0000000080002da8                atomic_clearset
                0x0000000080002dc0                lock
                0x0000000080002df4                unlock
 .text          0x0000000080002e04       0xa8 /usr/local/xenon/usr/lib/libxenon.a(cache.o)
                0x0000000080002e04                memdcbt
                0x0000000080002e2c                memdcbst
                0x0000000080002e54                memdcbf
                0x0000000080002e7c                memicbi
 .text.flush_console
                0x0000000080002eac       0x4c /usr/local/xenon/usr/lib/libxenon.a(c_except.o)
 .text.crashdump
                0x0000000080002ef8      0x2bc /usr/local/xenon/usr/lib/libxenon.a(c_except.o)
                0x0000000080002ef8                crashdump
 .text.usb_init_one_ohci
                0x00000000800031b4       0xcc /usr/local/xenon/usr/lib/libxenon.a(usbmain.o)
 .text.usb_shutdown
                0x0000000080003280       0xb4 /usr/local/xenon/usr/lib/libxenon.a(usbmain.o)
                0x0000000080003280                usb_shutdown
 .text.usb_init
                0x0000000080003334      0x108 /usr/local/xenon/usr/lib/libxenon.a(usbmain.o)
                0x0000000080003334                usb_init
 .text.usb_do_poll
                0x000000008000343c       0x90 /usr/local/xenon/usr/lib/libxenon.a(usbmain.o)
                0x000000008000343c                usb_do_poll
 .text.qtd_fill
                0x00000000800034cc       0xa4 /usr/local/xenon/usr/lib/libxenon.a(tinyehci.o)
 .text.ehci_qtd_alloc
                0x0000000080003570       0x78 /usr/local/xenon/usr/lib/libxenon.a(tinyehci.o)
 .text.handshake.isra.5
                0x00000000800035e8      0x178 /usr/local/xenon/usr/lib/libxenon.a(tinyehci.o)
 .text.ehci_mem_init
                0x0000000080003760       0xf8 /usr/local/xenon/usr/lib/libxenon.a(tinyehci.o)
                0x0000000080003760                ehci_mem_init
 .text.qh_urb_transaction
                0x0000000080003858      0x1c0 /usr/local/xenon/usr/lib/libxenon.a(tinyehci.o)
                0x0000000080003858                qh_urb_transaction
 .text.ehci_do_urb
                0x0000000080003a18      0x3c8 /usr/local/xenon/usr/lib/libxenon.a(tinyehci.o)
                0x0000000080003a18                ehci_do_urb
 .text.ehci_control_message
                0x0000000080003de0       0x84 /usr/local/xenon/usr/lib/libxenon.a(tinyehci.o)
                0x0000000080003de0                ehci_control_message
 .text.ehci_bulk_message
                0x0000000080003e64       0x48 /usr/local/xenon/usr/lib/libxenon.a(tinyehci.o)
                0x0000000080003e64                ehci_bulk_message
 .text.__send_cbw
                0x0000000080003eac      0x118 /usr/local/xenon/usr/lib/libxenon.a(tinyehci.o)
 .text.ehci_reset_port_old
                0x0000000080003fc4      0x1a4 /usr/local/xenon/usr/lib/libxenon.a(tinyehci.o)
                0x0000000080003fc4                ehci_reset_port_old
 .text.ehci_adquire_port
                0x0000000080004168       0x88 /usr/local/xenon/usr/lib/libxenon.a(tinyehci.o)
                0x0000000080004168                ehci_adquire_port
 .text.ehci_reset_usb_port
                0x00000000800041f0      0x174 /usr/local/xenon/usr/lib/libxenon.a(tinyehci.o)
                0x00000000800041f0                ehci_reset_usb_port
 .text.ehci_reset_port2
                0x0000000080004364       0x6c /usr/local/xenon/usr/lib/libxenon.a(tinyehci.o)
                0x0000000080004364                ehci_reset_port2
 .text.USB_FreeDescriptors
                0x00000000800043d0       0xa8 /usr/local/xenon/usr/lib/libxenon.a(tinyehci.o)
                0x00000000800043d0                USB_FreeDescriptors
 .text.USB_GetDescriptors
                0x0000000080004478      0x340 /usr/local/xenon/usr/lib/libxenon.a(tinyehci.o)
                0x0000000080004478                USB_GetDescriptors
 .text.USB_GetConfiguration
                0x00000000800047b8       0x7c /usr/local/xenon/usr/lib/libxenon.a(tinyehci.o)
                0x00000000800047b8                USB_GetConfiguration
 .text.USB_SetConfiguration
                0x0000000080004834       0x1c /usr/local/xenon/usr/lib/libxenon.a(tinyehci.o)
                0x0000000080004834                USB_SetConfiguration
 .text.USB_SetAlternativeInterface
                0x0000000080004850       0x28 /usr/local/xenon/usr/lib/libxenon.a(tinyehci.o)
                0x0000000080004850                USB_SetAlternativeInterface
 .text.USB_ClearHalt
                0x0000000080004878       0x1c /usr/local/xenon/usr/lib/libxenon.a(tinyehci.o)
                0x0000000080004878                USB_ClearHalt
 .text.ehci_init_port
                0x0000000080004894      0x14c /usr/local/xenon/usr/lib/libxenon.a(tinyehci.o)
                0x0000000080004894                ehci_init_port
 .text.ehci_reset_port
                0x00000000800049e0       0x50 /usr/local/xenon/usr/lib/libxenon.a(tinyehci.o)
                0x00000000800049e0                ehci_reset_port
 .text.ehci_discover
                0x0000000080004a30       0x54 /usr/local/xenon/usr/lib/libxenon.a(tinyehci.o)
                0x0000000080004a30                ehci_discover
 .text.EHCI_do_one
                0x0000000080004a84      0x144 /usr/local/xenon/usr/lib/libxenon.a(tinyehci.o)
 .text.my_memcmp
                0x0000000080004bc8       0x44 /usr/local/xenon/usr/lib/libxenon.a(tinyehci.o)
                0x0000000080004bc8                my_memcmp
 .text.USBStorage_Close
                0x0000000080004c0c       0x44 /usr/local/xenon/usr/lib/libxenon.a(tinyehci.o)
                0x0000000080004c0c                USBStorage_Close
 .text.USBStorage_ReadCapacity
                0x0000000080004c50       0xb8 /usr/local/xenon/usr/lib/libxenon.a(tinyehci.o)
                0x0000000080004c50                USBStorage_ReadCapacity
 .text.USBStorage_MountLUN
                0x0000000080004d08      0x1f4 /usr/local/xenon/usr/lib/libxenon.a(tinyehci.o)
                0x0000000080004d08                USBStorage_MountLUN
 .text.__usbstorage_reset.isra.9
                0x0000000080004efc      0x1a8 /usr/local/xenon/usr/lib/libxenon.a(tinyehci.o)
 .text.USBStorage_Open
                0x00000000800050a4      0x3b8 /usr/local/xenon/usr/lib/libxenon.a(tinyehci.o)
                0x00000000800050a4                USBStorage_Open
 .text.__cycle.constprop.11
                0x000000008000545c      0x268 /usr/local/xenon/usr/lib/libxenon.a(tinyehci.o)
 .text.USBStorage_Inquiry
                0x00000000800056c4       0xa0 /usr/local/xenon/usr/lib/libxenon.a(tinyehci.o)
                0x00000000800056c4                USBStorage_Inquiry
 .text.USBStorage_Read
                0x0000000080005764      0x158 /usr/local/xenon/usr/lib/libxenon.a(tinyehci.o)
                0x0000000080005764                USBStorage_Read
 .text.USBStorage_Write
                0x00000000800058bc      0x158 /usr/local/xenon/usr/lib/libxenon.a(tinyehci.o)
                0x00000000800058bc                USBStorage_Write
 .text.USBStorage_Try_Device
                0x0000000080005a14      0x19c /usr/local/xenon/usr/lib/libxenon.a(tinyehci.o)
                0x0000000080005a14                USBStorage_Try_Device
 .text.USBStorage_Init
                0x0000000080005bb0      0x1a4 /usr/local/xenon/usr/lib/libxenon.a(tinyehci.o)
                0x0000000080005bb0                USBStorage_Init
 .text.unplug_procedure
                0x0000000080005d54       0xd4 /usr/local/xenon/usr/lib/libxenon.a(tinyehci.o)
                0x0000000080005d54                unplug_procedure
 .text.USBStorage_Read_Sectors
                0x0000000080005e28      0x108 /usr/local/xenon/usr/lib/libxenon.a(tinyehci.o)
                0x0000000080005e28                USBStorage_Read_Sectors
 .text.usb2mass_read
                0x0000000080005f30       0x40 /usr/local/xenon/usr/lib/libxenon.a(tinyehci.o)
                0x0000000080005f30                usb2mass_read
 .text.USBStorage_Write_Sectors
                0x0000000080005f70      0x108 /usr/local/xenon/usr/lib/libxenon.a(tinyehci.o)
                0x0000000080005f70                USBStorage_Write_Sectors
 .text.usb2mass_write
                0x0000000080006078       0x40 /usr/local/xenon/usr/lib/libxenon.a(tinyehci.o)
                0x0000000080006078                usb2mass_write
 .text.EHCI_Init
                0x00000000800060b8       0x50 /usr/local/xenon/usr/lib/libxenon.a(tinyehci.o)
                0x00000000800060b8                EHCI_Init
 .text.xenon_smc_send_message
                0x0000000080006108       0x98 /usr/local/xenon/usr/lib/libxenon.a(xenon_smc.o)
                0x0000000080006108                xenon_smc_send_message
 .text.xenon_smc_receive_message
                0x00000000800061a0       0x80 /usr/local/xenon/usr/lib/libxenon.a(xenon_smc.o)
                0x00000000800061a0                xenon_smc_receive_message
 .text.xenon_smc_handle_bulk
                0x0000000080006220       0x90 /usr/local/xenon/usr/lib/libxenon.a(xenon_smc.o)
                0x0000000080006220                xenon_smc_handle_bulk
 .text.xenon_smc_receive_response
                0x00000000800062b0       0x48 /usr/local/xenon/usr/lib/libxenon.a(xenon_smc.o)
                0x00000000800062b0                xenon_smc_receive_response
 .text.xenon_smc_ana_write
                0x00000000800062f8       0x9c /usr/local/xenon/usr/lib/libxenon.a(xenon_smc.o)
                0x00000000800062f8                xenon_smc_ana_write
 .text.xenon_smc_ana_read
                0x0000000080006394       0xc0 /usr/local/xenon/usr/lib/libxenon.a(xenon_smc.o)
                0x0000000080006394                xenon_smc_ana_read
 .text.xenon_smc_i2c_ddc_lock
                0x0000000080006454       0x78 /usr/local/xenon/usr/lib/libxenon.a(xenon_smc.o)
                0x0000000080006454                xenon_smc_i2c_ddc_lock
 .text.xenon_smc_i2c_write
                0x00000000800064cc       0xb0 /usr/local/xenon/usr/lib/libxenon.a(xenon_smc.o)
                0x00000000800064cc                xenon_smc_i2c_write
 .text.xenon_smc_i2c_read
                0x000000008000657c       0xc8 /usr/local/xenon/usr/lib/libxenon.a(xenon_smc.o)
                0x000000008000657c                xenon_smc_i2c_read
 .text.xenon_smc_power_shutdown
                0x0000000080006644       0x40 /usr/local/xenon/usr/lib/libxenon.a(xenon_smc.o)
                0x0000000080006644                xenon_smc_power_shutdown
 .text.xenon_smc_power_reboot
                0x0000000080006684       0x48 /usr/local/xenon/usr/lib/libxenon.a(xenon_smc.o)
                0x0000000080006684                xenon_smc_power_reboot
 .text.xenon_smc_read_avpack
                0x00000000800066cc       0x48 /usr/local/xenon/usr/lib/libxenon.a(xenon_smc.o)
                0x00000000800066cc                xenon_smc_read_avpack
 .text.xenon_smc_set_fan_algorithm
                0x0000000080006714       0x3c /usr/local/xenon/usr/lib/libxenon.a(xenon_smc.o)
                0x0000000080006714                xenon_smc_set_fan_algorithm
 .text.wakeup_cpus
                0x0000000080006750       0xb8 /usr/local/xenon/usr/lib/libxenon.a(xenon_power.o)
                0x0000000080006750                wakeup_cpus
 .text.prepare_sleep
                0x0000000080006808       0x70 /usr/local/xenon/usr/lib/libxenon.a(xenon_power.o)
                0x0000000080006808                prepare_sleep
 .text.xenon_thread_sleep
                0x0000000080006878       0x5c /usr/local/xenon/usr/lib/libxenon.a(xenon_power.o)
                0x0000000080006878                xenon_thread_sleep
 .text.xenon_set_speed
                0x00000000800068d4      0x348 /usr/local/xenon/usr/lib/libxenon.a(xenon_power.o)
                0x00000000800068d4                xenon_set_speed
 .text.xenon_run_thread_task
                0x0000000080006c1c       0x38 /usr/local/xenon/usr/lib/libxenon.a(xenon_power.o)
                0x0000000080006c1c                xenon_run_thread_task
 .text.xenon_is_thread_task_running
                0x0000000080006c54       0x20 /usr/local/xenon/usr/lib/libxenon.a(xenon_power.o)
                0x0000000080006c54                xenon_is_thread_task_running
 .text.xenon_thread_startup
                0x0000000080006c74       0x4c /usr/local/xenon/usr/lib/libxenon.a(xenon_power.o)
                0x0000000080006c74                xenon_thread_startup
 .text.xenon_set_single_thread_mode
                0x0000000080006cc0       0x94 /usr/local/xenon/usr/lib/libxenon.a(xenon_power.o)
                0x0000000080006cc0                xenon_set_single_thread_mode
 .text.xenon_make_it_faster
                0x0000000080006d54       0xec /usr/local/xenon/usr/lib/libxenon.a(xenon_power.o)
                0x0000000080006d54                xenon_make_it_faster
 .text.putch    0x0000000080006e40       0x58 /usr/local/xenon/usr/lib/libxenon.a(xenon_uart.o)
                0x0000000080006e40                putch
 .text.kbhit    0x0000000080006e98       0x24 /usr/local/xenon/usr/lib/libxenon.a(xenon_uart.o)
                0x0000000080006e98                kbhit
 .text.getch    0x0000000080006ebc       0x38 /usr/local/xenon/usr/lib/libxenon.a(xenon_uart.o)
                0x0000000080006ebc                getch
 .text.sfcx_read_page
                0x0000000080006ef4      0x148 /usr/local/xenon/usr/lib/libxenon.a(xenon_sfcx.o)
                0x0000000080006ef4                sfcx_read_page
 .text.sfcx_init
                0x000000008000703c      0x2b0 /usr/local/xenon/usr/lib/libxenon.a(xenon_sfcx.o)
                0x000000008000703c                sfcx_init
 .text.xenon_config_init
                0x00000000800072ec       0xa0 /usr/local/xenon/usr/lib/libxenon.a(xenon_config.o)
                0x00000000800072ec                xenon_config_init
 .text.xenon_config_get_avregion
                0x000000008000738c       0x94 /usr/local/xenon/usr/lib/libxenon.a(xenon_config.o)
                0x000000008000738c                xenon_config_get_avregion
 .text.xenon_config_get_mac_addr
                0x0000000080007420       0x9c /usr/local/xenon/usr/lib/libxenon.a(xenon_config.o)
                0x0000000080007420                xenon_config_get_mac_addr
 .text.xenon_config_get_vid_delta
                0x00000000800074bc       0x24 /usr/local/xenon/usr/lib/libxenon.a(xenon_config.o)
                0x00000000800074bc                xenon_config_get_vid_delta
 .text.xenos_write32
                0x00000000800074e0       0x24 /usr/local/xenon/usr/lib/libxenon.a(xenos.o)
                0x00000000800074e0                xenos_write32
 .text.xenos_read32
                0x0000000080007504       0x24 /usr/local/xenon/usr/lib/libxenon.a(xenos.o)
                0x0000000080007504                xenos_read32
 .text.xenos_ana_write
                0x0000000080007528       0x60 /usr/local/xenon/usr/lib/libxenon.a(xenos.o)
 .text.xenos_init_ana_new
                0x0000000080007588      0x334 /usr/local/xenon/usr/lib/libxenon.a(xenos.o)
                0x0000000080007588                xenos_init_ana_new
 .text.xenos_init_phase0
                0x00000000800078bc       0x98 /usr/local/xenon/usr/lib/libxenon.a(xenos.o)
                0x00000000800078bc                xenos_init_phase0
 .text.xenos_init_phase1
                0x0000000080007954      0x3b0 /usr/local/xenon/usr/lib/libxenon.a(xenos.o)
                0x0000000080007954                xenos_init_phase1
 .text.xenos_ana_preinit
                0x0000000080007d04       0xd0 /usr/local/xenon/usr/lib/libxenon.a(xenos.o)
                0x0000000080007d04                xenos_ana_preinit
 .text.xenos_set_mode_f1
                0x0000000080007dd4      0x148 /usr/local/xenon/usr/lib/libxenon.a(xenos.o)
                0x0000000080007dd4                xenos_set_mode_f1
 .text.xenos_set_mode_f2
                0x0000000080007f1c      0x304 /usr/local/xenon/usr/lib/libxenon.a(xenos.o)
                0x0000000080007f1c                xenos_set_mode_f2
 .text.xenos_set_mode
                0x0000000080008220      0x348 /usr/local/xenon/usr/lib/libxenon.a(xenos.o)
                0x0000000080008220                xenos_set_mode
 .text.xenos_autoset_mode
                0x0000000080008568       0xfc /usr/local/xenon/usr/lib/libxenon.a(xenos.o)
                0x0000000080008568                xenos_autoset_mode
 .text.xenos_init
                0x0000000080008664       0xe4 /usr/local/xenon/usr/lib/libxenon.a(xenos.o)
                0x0000000080008664                xenos_init
 .text.xenos_is_overscan
                0x0000000080008748       0x50 /usr/local/xenon/usr/lib/libxenon.a(xenos.o)
                0x0000000080008748                xenos_is_overscan
 .text.xenos_do_probe_ddc_edid
                0x0000000080008798      0x1a0 /usr/local/xenon/usr/lib/libxenon.a(xenos_edid.o)
                0x0000000080008798                xenos_do_probe_ddc_edid
 .text.xenos_ddc_read_edid
                0x0000000080008938      0x178 /usr/local/xenon/usr/lib/libxenon.a(xenos_edid.o)
 .text.xenos_get_edid
                0x0000000080008ab0       0xa4 /usr/local/xenon/usr/lib/libxenon.a(xenos_edid.o)
                0x0000000080008ab0                xenos_get_edid
 .text.xenos_detect_hdmi_monitor
                0x0000000080008b54       0xe4 /usr/local/xenon/usr/lib/libxenon.a(xenos_edid.o)
                0x0000000080008b54                xenos_detect_hdmi_monitor
 .text.phy_read
                0x0000000080008c38       0x88 /usr/local/xenon/usr/lib/libxenon.a(enet.o)
 .text.enet_linkoutput
                0x0000000080008cc0      0x124 /usr/local/xenon/usr/lib/libxenon.a(enet.o)
 .text.enet_init
                0x0000000080008de4      0x54c /usr/local/xenon/usr/lib/libxenon.a(enet.o)
                0x0000000080008de4                enet_init
 .text.enet_poll
                0x0000000080009330      0x1e4 /usr/local/xenon/usr/lib/libxenon.a(enet.o)
                0x0000000080009330                enet_poll
 .text.enet_quiesce
                0x0000000080009514       0x3c /usr/local/xenon/usr/lib/libxenon.a(enet.o)
                0x0000000080009514                enet_quiesce
 .text.mftb     0x0000000080009550       0x1c /usr/local/xenon/usr/lib/libxenon.a(network.o)
 .text.network_poll
                0x000000008000956c       0xdc /usr/local/xenon/usr/lib/libxenon.a(network.o)
                0x000000008000956c                network_poll
 .text.network_init
                0x0000000080009648      0x1e8 /usr/local/xenon/usr/lib/libxenon.a(network.o)
                0x0000000080009648                network_init
 .text.network_print_config
                0x0000000080009830       0x88 /usr/local/xenon/usr/lib/libxenon.a(network.o)
                0x0000000080009830                network_print_config
 .text.determine_filesystem
                0x00000000800098b8       0x78 /usr/local/xenon/usr/lib/libxenon.a(diskio.o)
                0x00000000800098b8                determine_filesystem
 .text.register_bdev
                0x0000000080009930       0xd0 /usr/local/xenon/usr/lib/libxenon.a(diskio.o)
                0x0000000080009930                register_bdev
 .text._fat_umount
                0x0000000080009a00       0x28 /usr/local/xenon/usr/lib/libxenon.a(fat.o)
                0x0000000080009a00                _fat_umount
 .text._fat_mount
                0x0000000080009a28       0x38 /usr/local/xenon/usr/lib/libxenon.a(fat.o)
                0x0000000080009a28                _fat_mount
 .text._fat_opendir
                0x0000000080009a60       0x68 /usr/local/xenon/usr/lib/libxenon.a(fat.o)
                0x0000000080009a60                _fat_opendir
 .text._fat_open
                0x0000000080009ac8       0x44 /usr/local/xenon/usr/lib/libxenon.a(fat.o)
                0x0000000080009ac8                _fat_open
 .text._fat_readdir
                0x0000000080009b0c       0x8c /usr/local/xenon/usr/lib/libxenon.a(fat.o)
                0x0000000080009b0c                _fat_readdir
 .text._fat_closedir
                0x0000000080009b98       0x30 /usr/local/xenon/usr/lib/libxenon.a(fat.o)
                0x0000000080009b98                _fat_closedir
 .text._fat_close
                0x0000000080009bc8       0x24 /usr/local/xenon/usr/lib/libxenon.a(fat.o)
                0x0000000080009bc8                _fat_close
 .text._fat_fstat
                0x0000000080009bec       0x44 /usr/local/xenon/usr/lib/libxenon.a(fat.o)
                0x0000000080009bec                _fat_fstat
 .text._fat_write
                0x0000000080009c30       0x24 /usr/local/xenon/usr/lib/libxenon.a(fat.o)
                0x0000000080009c30                _fat_write
 .text._fat_read
                0x0000000080009c54       0x24 /usr/local/xenon/usr/lib/libxenon.a(fat.o)
                0x0000000080009c54                _fat_read
 .text._fat_lseek
                0x0000000080009c78       0x24 /usr/local/xenon/usr/lib/libxenon.a(fat.o)
                0x0000000080009c78                _fat_lseek
 .text.cluster2sec
                0x0000000080009c9c       0x38 /usr/local/xenon/usr/lib/libxenon.a(fat_rb.o)
 .text.fat_time
                0x0000000080009cd4      0x11c /usr/local/xenon/usr/lib/libxenon.a(fat_rb.o)
 .text.flush_fat_sector
                0x0000000080009df0       0xe8 /usr/local/xenon/usr/lib/libxenon.a(fat_rb.o)
 .text.cache_fat_sector
                0x0000000080009ed8      0x114 /usr/local/xenon/usr/lib/libxenon.a(fat_rb.o)
 .text.get_next_cluster
                0x0000000080009fec       0xbc /usr/local/xenon/usr/lib/libxenon.a(fat_rb.o)
 .text.find_free_cluster
                0x000000008000a0a8      0x178 /usr/local/xenon/usr/lib/libxenon.a(fat_rb.o)
 .text.update_fat_entry
                0x000000008000a220      0x1cc /usr/local/xenon/usr/lib/libxenon.a(fat_rb.o)
 .text.transfer
                0x000000008000a3ec       0xf4 /usr/local/xenon/usr/lib/libxenon.a(fat_rb.o)
 .text.randomize_dos_name
                0x000000008000a4e0      0x14c /usr/local/xenon/usr/lib/libxenon.a(fat_rb.o)
 .text.update_fsinfo.part.0
                0x000000008000a62c       0xa4 /usr/local/xenon/usr/lib/libxenon.a(fat_rb.o)
 .text.flush_fat
                0x000000008000a6d0       0xbc /usr/local/xenon/usr/lib/libxenon.a(fat_rb.o)
 .text.fat_init
                0x000000008000a78c       0x84 /usr/local/xenon/usr/lib/libxenon.a(fat_rb.o)
                0x000000008000a78c                fat_init
 .text.fat_unmount
                0x000000008000a810       0xac /usr/local/xenon/usr/lib/libxenon.a(fat_rb.o)
                0x000000008000a810                fat_unmount
 .text.fat_recalc_free
                0x000000008000a8bc      0x15c /usr/local/xenon/usr/lib/libxenon.a(fat_rb.o)
                0x000000008000a8bc                fat_recalc_free
 .text.fat_mount
                0x000000008000aa18      0x3c8 /usr/local/xenon/usr/lib/libxenon.a(fat_rb.o)
                0x000000008000aa18                fat_mount
 .text.fat_open
                0x000000008000ade0       0x7c /usr/local/xenon/usr/lib/libxenon.a(fat_rb.o)
                0x000000008000ade0                fat_open
 .text.fat_truncate
                0x000000008000ae5c       0x94 /usr/local/xenon/usr/lib/libxenon.a(fat_rb.o)
                0x000000008000ae5c                fat_truncate
 .text.fat_readwrite
                0x000000008000aef0      0x2f0 /usr/local/xenon/usr/lib/libxenon.a(fat_rb.o)
                0x000000008000aef0                fat_readwrite
 .text.fat_seek
                0x000000008000b1e0       0xf8 /usr/local/xenon/usr/lib/libxenon.a(fat_rb.o)
                0x000000008000b1e0                fat_seek
 .text.write_long_name
                0x000000008000b2d8      0x498 /usr/local/xenon/usr/lib/libxenon.a(fat_rb.o)
 .text.add_dir_entry
                0x000000008000b770      0x508 /usr/local/xenon/usr/lib/libxenon.a(fat_rb.o)
 .text.fat_create_file
                0x000000008000bc78       0x58 /usr/local/xenon/usr/lib/libxenon.a(fat_rb.o)
                0x000000008000bc78                fat_create_file
 .text.update_short_entry
                0x000000008000bcd0      0x1d4 /usr/local/xenon/usr/lib/libxenon.a(fat_rb.o)
 .text.fat_closewrite
                0x000000008000bea4       0x98 /usr/local/xenon/usr/lib/libxenon.a(fat_rb.o)
                0x000000008000bea4                fat_closewrite
 .text.fat_opendir
                0x000000008000bf3c       0x84 /usr/local/xenon/usr/lib/libxenon.a(fat_rb.o)
                0x000000008000bf3c                fat_opendir
 .text.fat_getnext
                0x000000008000bfc0      0x4b0 /usr/local/xenon/usr/lib/libxenon.a(fat_rb.o)
                0x000000008000bfc0                fat_getnext
 .text.flush_cache
                0x000000008000c470       0xa4 /usr/local/xenon/usr/lib/libxenon.a(file_rb.o)
 .text.readwrite
                0x000000008000c514      0x3c0 /usr/local/xenon/usr/lib/libxenon.a(file_rb.o)
 .text.rb_ftruncate
                0x000000008000c8d4       0xa4 /usr/local/xenon/usr/lib/libxenon.a(file_rb.o)
                0x000000008000c8d4                rb_ftruncate
 .text.rb_fsync
                0x000000008000c978      0x114 /usr/local/xenon/usr/lib/libxenon.a(file_rb.o)
                0x000000008000c978                rb_fsync
 .text.rb_close
                0x000000008000ca8c       0x98 /usr/local/xenon/usr/lib/libxenon.a(file_rb.o)
                0x000000008000ca8c                rb_close
 .text.rb_write
                0x000000008000cb24       0x5c /usr/local/xenon/usr/lib/libxenon.a(file_rb.o)
                0x000000008000cb24                rb_write
 .text.rb_read  0x000000008000cb80        0x8 /usr/local/xenon/usr/lib/libxenon.a(file_rb.o)
                0x000000008000cb80                rb_read
 .text.rb_lseek
                0x000000008000cb88      0x1b0 /usr/local/xenon/usr/lib/libxenon.a(file_rb.o)
                0x000000008000cb88                rb_lseek
 .text.open_internal.isra.1
                0x000000008000cd38      0x304 /usr/local/xenon/usr/lib/libxenon.a(file_rb.o)
 .text.rb_open  0x000000008000d03c        0x4 /usr/local/xenon/usr/lib/libxenon.a(file_rb.o)
                0x000000008000d03c                rb_open
 .text.rb_filesize
                0x000000008000d040       0x64 /usr/local/xenon/usr/lib/libxenon.a(file_rb.o)
                0x000000008000d040                rb_filesize
 .text.rb_opendir
                0x000000008000d0a4      0x14c /usr/local/xenon/usr/lib/libxenon.a(dir_rb.o)
                0x000000008000d0a4                rb_opendir
 .text.rb_closedir
                0x000000008000d1f0       0x10 /usr/local/xenon/usr/lib/libxenon.a(dir_rb.o)
                0x000000008000d1f0                rb_closedir
 .text.rb_readdir
                0x000000008000d200       0x90 /usr/local/xenon/usr/lib/libxenon.a(dir_rb.o)
                0x000000008000d200                rb_readdir
 .text.iso_733  0x000000008000d290       0x2c /usr/local/xenon/usr/lib/libxenon.a(iso9660.o)
 .text._iso9660_lseek
                0x000000008000d2bc       0x98 /usr/local/xenon/usr/lib/libxenon.a(iso9660.o)
                0x000000008000d2bc                _iso9660_lseek
 .text._iso9660_fstat
                0x000000008000d354       0x5c /usr/local/xenon/usr/lib/libxenon.a(iso9660.o)
                0x000000008000d354                _iso9660_fstat
 .text._iso9660_close
                0x000000008000d3b0       0x24 /usr/local/xenon/usr/lib/libxenon.a(iso9660.o)
                0x000000008000d3b0                _iso9660_close
 .text._iso9660_closedir
                0x000000008000d3d4       0x28 /usr/local/xenon/usr/lib/libxenon.a(iso9660.o)
                0x000000008000d3d4                _iso9660_closedir
 .text.bclear_cache
                0x000000008000d3fc       0x58 /usr/local/xenon/usr/lib/libxenon.a(iso9660.o)
 .text.bgrad_cache.part.0
                0x000000008000d454       0x38 /usr/local/xenon/usr/lib/libxenon.a(iso9660.o)
 .text.iso_reset
                0x000000008000d48c       0x84 /usr/local/xenon/usr/lib/libxenon.a(iso9660.o)
                0x000000008000d48c                iso_reset
 .text.bread_cache
                0x000000008000d510      0x138 /usr/local/xenon/usr/lib/libxenon.a(iso9660.o)
 .text.find_object
                0x000000008000d648      0x364 /usr/local/xenon/usr/lib/libxenon.a(iso9660.o)
 .text._iso9660_readdir
                0x000000008000d9ac      0x3e0 /usr/local/xenon/usr/lib/libxenon.a(iso9660.o)
                0x000000008000d9ac                _iso9660_readdir
 .text._iso9660_read
                0x000000008000dd8c      0x170 /usr/local/xenon/usr/lib/libxenon.a(iso9660.o)
                0x000000008000dd8c                _iso9660_read
 .text.iso_open
                0x000000008000defc      0x314 /usr/local/xenon/usr/lib/libxenon.a(iso9660.o)
 .text._iso9660_opendir
                0x000000008000e210       0x48 /usr/local/xenon/usr/lib/libxenon.a(iso9660.o)
                0x000000008000e210                _iso9660_opendir
 .text._iso9660_open
                0x000000008000e258       0x48 /usr/local/xenon/usr/lib/libxenon.a(iso9660.o)
                0x000000008000e258                _iso9660_open
 .text.fs_iso9660_init
                0x000000008000e2a0       0xbc /usr/local/xenon/usr/lib/libxenon.a(iso9660.o)
                0x000000008000e2a0                fs_iso9660_init
 .text._iso9660_mount
                0x000000008000e35c        0xc /usr/local/xenon/usr/lib/libxenon.a(iso9660.o)
                0x000000008000e35c                _iso9660_mount
 .text.fs_iso9660_shutdown
                0x000000008000e368       0x88 /usr/local/xenon/usr/lib/libxenon.a(iso9660.o)
                0x000000008000e368                fs_iso9660_shutdown
 .text._iso9660_umount
                0x000000008000e3f0        0x4 /usr/local/xenon/usr/lib/libxenon.a(iso9660.o)
                0x000000008000e3f0                _iso9660_umount
 .text.kmeminit
                0x000000008000e3f4       0x38 /usr/local/xenon/usr/lib/libxenon.a(lib_malloc.o)
                0x000000008000e3f4                kmeminit
 .text.kfree    0x000000008000e42c       0xb8 /usr/local/xenon/usr/lib/libxenon.a(lib_malloc.o)
                0x000000008000e42c                kfree
 .text.lib_outofmemory
                0x000000008000e4e4       0x28 /usr/local/xenon/usr/lib/libxenon.a(lib_malloc.o)
                0x000000008000e4e4                lib_outofmemory
 .text.kmalloc  0x000000008000e50c      0x138 /usr/local/xenon/usr/lib/libxenon.a(lib_malloc.o)
                0x000000008000e50c                kmalloc
 .text.kmem_init
                0x000000008000e644       0x64 /usr/local/xenon/usr/lib/libxenon.a(lib_malloc.o)
                0x000000008000e644                kmem_init
 .text.read32   0x000000008000e6a8        0x8 /usr/local/xenon/usr/lib/libxenon.a(io.o)
                0x000000008000e6a8                read32
 .text.read32n  0x000000008000e6b0        0x8 /usr/local/xenon/usr/lib/libxenon.a(io.o)
                0x000000008000e6b0                read32n
 .text.write32  0x000000008000e6b8        0x8 /usr/local/xenon/usr/lib/libxenon.a(io.o)
                0x000000008000e6b8                write32
 .text.write32n
                0x000000008000e6c0        0x8 /usr/local/xenon/usr/lib/libxenon.a(io.o)
                0x000000008000e6c0                write32n
 .text.tdelay   0x000000008000e6c8       0x48 /usr/local/xenon/usr/lib/libxenon.a(time.o)
 .text.udelay   0x000000008000e710       0x24 /usr/local/xenon/usr/lib/libxenon.a(time.o)
                0x000000008000e710                udelay
 .text.mdelay   0x000000008000e734       0x18 /usr/local/xenon/usr/lib/libxenon.a(time.o)
                0x000000008000e734                mdelay
 .text.delay    0x000000008000e74c       0x18 /usr/local/xenon/usr/lib/libxenon.a(time.o)
                0x000000008000e74c                delay
 .text._ohci_allocept
                0x000000008000e764       0x64 /usr/local/xenon/usr/lib/libxenon.a(ohci.o)
 .text._ohci_allocxfer
                0x000000008000e7c8       0x5c /usr/local/xenon/usr/lib/libxenon.a(ohci.o)
 .text.ohci_delete
                0x000000008000e824        0x4 /usr/local/xenon/usr/lib/libxenon.a(ohci.o)
 .text.ohci_ept_setaddr
                0x000000008000e828       0x38 /usr/local/xenon/usr/lib/libxenon.a(ohci.o)
 .text.ohci_ept_setmps
                0x000000008000e860       0x44 /usr/local/xenon/usr/lib/libxenon.a(ohci.o)
 .text._ohci_queueept
                0x000000008000e8a4       0x5c /usr/local/xenon/usr/lib/libxenon.a(ohci.o)
 .text.ohci_ept_create
                0x000000008000e900      0x148 /usr/local/xenon/usr/lib/libxenon.a(ohci.o)
 .text.ohci_ept_cleartoggle
                0x000000008000ea48       0x64 /usr/local/xenon/usr/lib/libxenon.a(ohci.o)
 .text.ohci_stop
                0x000000008000eaac       0x30 /usr/local/xenon/usr/lib/libxenon.a(ohci.o)
 .text.ohci_ept_delete
                0x000000008000eadc      0x1fc /usr/local/xenon/usr/lib/libxenon.a(ohci.o)
 .text.ohci_start
                0x000000008000ecd8      0x1b0 /usr/local/xenon/usr/lib/libxenon.a(ohci.o)
 .text.ohci_roothub_strdscr
                0x000000008000ee88       0x6c /usr/local/xenon/usr/lib/libxenon.a(ohci.o)
 .text.ohci_intr
                0x000000008000eef4      0x20c /usr/local/xenon/usr/lib/libxenon.a(ohci.o)
 .text._ohci_dma_alloc
                0x000000008000f100       0x50 /usr/local/xenon/usr/lib/libxenon.a(ohci.o)
 .text.ohci_create
                0x000000008000f150      0x2a8 /usr/local/xenon/usr/lib/libxenon.a(ohci.o)
 .text.ohci_xfer
                0x000000008000f3f8      0x7d8 /usr/local/xenon/usr/lib/libxenon.a(ohci.o)
 .text.usb_create_pipe
                0x000000008000fbd0       0xd8 /usr/local/xenon/usr/lib/libxenon.a(usbd.o)
                0x000000008000fbd0                usb_create_pipe
 .text.usb_open_pipe
                0x000000008000fca8       0x84 /usr/local/xenon/usr/lib/libxenon.a(usbd.o)
                0x000000008000fca8                usb_open_pipe
 .text.usb_destroy_all_pipes
                0x000000008000fd2c       0x74 /usr/local/xenon/usr/lib/libxenon.a(usbd.o)
                0x000000008000fd2c                usb_destroy_all_pipes
 .text.usb_destroy_device
                0x000000008000fda0       0x4c /usr/local/xenon/usr/lib/libxenon.a(usbd.o)
                0x000000008000fda0                usb_destroy_device
 .text.usb_create_device
                0x000000008000fdec       0x78 /usr/local/xenon/usr/lib/libxenon.a(usbd.o)
                0x000000008000fdec                usb_create_device
 .text.usb_make_request
                0x000000008000fe64       0x8c /usr/local/xenon/usr/lib/libxenon.a(usbd.o)
                0x000000008000fe64                usb_make_request
 .text.usb_poll
                0x000000008000fef0       0x2c /usr/local/xenon/usr/lib/libxenon.a(usbd.o)
                0x000000008000fef0                usb_poll
 .text.usb_daemon
                0x000000008000ff1c       0x38 /usr/local/xenon/usr/lib/libxenon.a(usbd.o)
                0x000000008000ff1c                usb_daemon
 .text.usb_free_request
                0x000000008000ff54       0x48 /usr/local/xenon/usr/lib/libxenon.a(usbd.o)
                0x000000008000ff54                usb_free_request
 .text.usb_delay_ms
                0x000000008000ff9c       0x24 /usr/local/xenon/usr/lib/libxenon.a(usbd.o)
                0x000000008000ff9c                usb_delay_ms
 .text.usb_queue_request
                0x000000008000ffc0       0x50 /usr/local/xenon/usr/lib/libxenon.a(usbd.o)
                0x000000008000ffc0                usb_queue_request
 .text.usb_wait_request
                0x0000000080010010       0x40 /usr/local/xenon/usr/lib/libxenon.a(usbd.o)
                0x0000000080010010                usb_wait_request
 .text.usb_sync_request
                0x0000000080010050       0x34 /usr/local/xenon/usr/lib/libxenon.a(usbd.o)
                0x0000000080010050                usb_sync_request
 .text.usb_new_address
                0x0000000080010084       0x30 /usr/local/xenon/usr/lib/libxenon.a(usbd.o)
                0x0000000080010084                usb_new_address
 .text.usb_set_ep0mps
                0x00000000800100b4       0x60 /usr/local/xenon/usr/lib/libxenon.a(usbd.o)
                0x00000000800100b4                usb_set_ep0mps
 .text.usb_clear_stall
                0x0000000080010114      0x100 /usr/local/xenon/usr/lib/libxenon.a(usbd.o)
                0x0000000080010114                usb_clear_stall
 .text.usb_std_request
                0x0000000080010214      0x234 /usr/local/xenon/usr/lib/libxenon.a(usbd.o)
                0x0000000080010214                usb_std_request
 .text.usb_simple_request
                0x0000000080010448       0x18 /usr/local/xenon/usr/lib/libxenon.a(usbd.o)
                0x0000000080010448                usb_simple_request
 .text.usb_set_address
                0x0000000080010460       0x9c /usr/local/xenon/usr/lib/libxenon.a(usbd.o)
                0x0000000080010460                usb_set_address
 .text.usb_set_configuration
                0x00000000800104fc       0x14 /usr/local/xenon/usr/lib/libxenon.a(usbd.o)
                0x00000000800104fc                usb_set_configuration
 .text.usb_get_descriptor
                0x0000000080010510       0x24 /usr/local/xenon/usr/lib/libxenon.a(usbd.o)
                0x0000000080010510                usb_get_descriptor
 .text.usb_get_string
                0x0000000080010534      0x104 /usr/local/xenon/usr/lib/libxenon.a(usbd.o)
                0x0000000080010534                usb_get_string
 .text.usb_get_device_descriptor
                0x0000000080010638       0x90 /usr/local/xenon/usr/lib/libxenon.a(usbd.o)
                0x0000000080010638                usb_get_device_descriptor
 .text.usb_get_config_descriptor
                0x00000000800106c8       0x8c /usr/local/xenon/usr/lib/libxenon.a(usbd.o)
                0x00000000800106c8                usb_get_config_descriptor
 .text.usb_get_device_status
                0x0000000080010754       0x1c /usr/local/xenon/usr/lib/libxenon.a(usbd.o)
                0x0000000080010754                usb_get_device_status
 .text.usb_complete_request
                0x0000000080010770       0x3c /usr/local/xenon/usr/lib/libxenon.a(usbd.o)
                0x0000000080010770                usb_complete_request
 .text.usb_initroot
                0x00000000800107ac      0x150 /usr/local/xenon/usr/lib/libxenon.a(usbd.o)
                0x00000000800107ac                usb_initroot
 .text.usb_find_cfg_descr
                0x00000000800108fc       0x54 /usr/local/xenon/usr/lib/libxenon.a(usbd.o)
                0x00000000800108fc                usb_find_cfg_descr
 .text.usb_find_driver
                0x0000000080010950      0x104 /usr/local/xenon/usr/lib/libxenon.a(usbdevs.o)
                0x0000000080010950                usb_find_driver
 .text.usbhid_detach
                0x0000000080010a54        0x8 /usr/local/xenon/usr/lib/libxenon.a(usbhid.o)
 .text.usbhid_attach
                0x0000000080010a5c      0x164 /usr/local/xenon/usr/lib/libxenon.a(usbhid.o)
 .text.usbhid_kbd_scan1.isra.0.part.1
                0x0000000080010bc0       0x94 /usr/local/xenon/usr/lib/libxenon.a(usbhid.o)
 .text.usbhid_ireq_callback
                0x0000000080010c54      0x18c /usr/local/xenon/usr/lib/libxenon.a(usbhid.o)
 .text.usbhub_markdetached1
                0x0000000080010de0       0x14 /usr/local/xenon/usr/lib/libxenon.a(usbhub.o)
 .text.usbhub_get_port_status
                0x0000000080010df4       0x38 /usr/local/xenon/usr/lib/libxenon.a(usbhub.o)
 .text.usbhub_ireq_callback
                0x0000000080010e2c       0x8c /usr/local/xenon/usr/lib/libxenon.a(usbhub.o)
 .text.usbhub_map_tree1
                0x0000000080010eb8       0x7c /usr/local/xenon/usr/lib/libxenon.a(usbhub.o)
 .text.usbhub_detach
                0x0000000080010f34      0x13c /usr/local/xenon/usr/lib/libxenon.a(usbhub.o)
 .text.usbhub_attach
                0x0000000080011070      0x1a4 /usr/local/xenon/usr/lib/libxenon.a(usbhub.o)
 .text.usbhub_map_tree
                0x0000000080011214       0x18 /usr/local/xenon/usr/lib/libxenon.a(usbhub.o)
                0x0000000080011214                usbhub_map_tree
 .text.usbhub_map_from_device
                0x000000008001122c       0x14 /usr/local/xenon/usr/lib/libxenon.a(usbhub.o)
                0x000000008001122c                usbhub_map_from_device
 .text.usbhub_scan1
                0x0000000080011240      0x558 /usr/local/xenon/usr/lib/libxenon.a(usbhub.o)
 .text.usb_scan
                0x0000000080011798       0x10 /usr/local/xenon/usr/lib/libxenon.a(usbhub.o)
                0x0000000080011798                usb_scan
 .text.ehci_maligned
                0x00000000800117a8       0x9c /usr/local/xenon/usr/lib/libxenon.a(usb_os.o)
                0x00000000800117a8                ehci_maligned
 .text.ehci_virt_to_dma
                0x0000000080011844        0x8 /usr/local/xenon/usr/lib/libxenon.a(usb_os.o)
                0x0000000080011844                ehci_virt_to_dma
 .text.ehci_dma_map_to
                0x000000008001184c       0x28 /usr/local/xenon/usr/lib/libxenon.a(usb_os.o)
                0x000000008001184c                ehci_dma_map_to
 .text.ehci_dma_map_from
                0x0000000080011874       0x28 /usr/local/xenon/usr/lib/libxenon.a(usb_os.o)
                0x0000000080011874                ehci_dma_map_from
 .text.ehci_dma_map_bidir
                0x000000008001189c       0x28 /usr/local/xenon/usr/lib/libxenon.a(usb_os.o)
                0x000000008001189c                ehci_dma_map_bidir
 .text.ehci_dma_unmap_to
                0x00000000800118c4       0x24 /usr/local/xenon/usr/lib/libxenon.a(usb_os.o)
                0x00000000800118c4                ehci_dma_unmap_to
 .text.ehci_dma_unmap_from
                0x00000000800118e8       0x24 /usr/local/xenon/usr/lib/libxenon.a(usb_os.o)
                0x00000000800118e8                ehci_dma_unmap_from
 .text.ehci_dma_unmap_bidir
                0x000000008001190c       0x24 /usr/local/xenon/usr/lib/libxenon.a(usb_os.o)
                0x000000008001190c                ehci_dma_unmap_bidir
 .text.ehci_usleep
                0x0000000080011930       0x20 /usr/local/xenon/usr/lib/libxenon.a(usb_os.o)
                0x0000000080011930                ehci_usleep
 .text.ehci_msleep
                0x0000000080011950       0x20 /usr/local/xenon/usr/lib/libxenon.a(usb_os.o)
                0x0000000080011950                ehci_msleep
 .text.USB_Alloc
                0x0000000080011970       0x20 /usr/local/xenon/usr/lib/libxenon.a(usb_os.o)
                0x0000000080011970                USB_Alloc
 .text.USB_Free
                0x0000000080011990       0x20 /usr/local/xenon/usr/lib/libxenon.a(usb_os.o)
                0x0000000080011990                USB_Free
 .text.utf8encode
                0x00000000800119b0       0x8c /usr/local/xenon/usr/lib/libxenon.a(unicode_rb.o)
                0x00000000800119b0                utf8encode
 .text.utf8length
                0x0000000080011a3c       0x30 /usr/local/xenon/usr/lib/libxenon.a(unicode_rb.o)
                0x0000000080011a3c                utf8length
 .text.utf8decode
                0x0000000080011a6c       0xd0 /usr/local/xenon/usr/lib/libxenon.a(unicode_rb.o)
                0x0000000080011a6c                utf8decode
 .text.xenon_gpio_control
                0x0000000080011b3c       0x68 /usr/local/xenon/usr/lib/libxenon.a(xenon_gpio.o)
                0x0000000080011b3c                xenon_gpio_control
 .text.xenon_gpio_set_oe
                0x0000000080011ba4       0x44 /usr/local/xenon/usr/lib/libxenon.a(xenon_gpio.o)
                0x0000000080011ba4                xenon_gpio_set_oe
 .text.xenon_gpio_set
                0x0000000080011be8       0x44 /usr/local/xenon/usr/lib/libxenon.a(xenon_gpio.o)
                0x0000000080011be8                xenon_gpio_set
 .text          0x0000000080011c2c       0x3c /usr/local/xenon/usr/lib/libxenon.a(cpusleep.o)
                0x0000000080011c2c                cpusleep
 .text.lwip_init
                0x0000000080011c68       0x2c /usr/local/xenon/usr/lib/libxenon.a(init.o)
                0x0000000080011c68                lwip_init
 .text.mem_init
                0x0000000080011c94       0x5c /usr/local/xenon/usr/lib/libxenon.a(mem.o)
                0x0000000080011c94                mem_init
 .text.mem_free
                0x0000000080011cf0      0x204 /usr/local/xenon/usr/lib/libxenon.a(mem.o)
                0x0000000080011cf0                mem_free
 .text.mem_trim
                0x0000000080011ef4      0x180 /usr/local/xenon/usr/lib/libxenon.a(mem.o)
                0x0000000080011ef4                mem_trim
 .text.mem_malloc
                0x0000000080012074      0x240 /usr/local/xenon/usr/lib/libxenon.a(mem.o)
                0x0000000080012074                mem_malloc
 .text.memp_init
                0x00000000800122b4       0xb4 /usr/local/xenon/usr/lib/libxenon.a(memp.o)
                0x00000000800122b4                memp_init
 .text.memp_malloc
                0x0000000080012368       0xdc /usr/local/xenon/usr/lib/libxenon.a(memp.o)
                0x0000000080012368                memp_malloc
 .text.memp_free
                0x0000000080012444       0x88 /usr/local/xenon/usr/lib/libxenon.a(memp.o)
                0x0000000080012444                memp_free
 .text.netif_init
                0x00000000800124cc        0x4 /usr/local/xenon/usr/lib/libxenon.a(netif.o)
                0x00000000800124cc                netif_init
 .text.netif_set_ipaddr
                0x00000000800124d0       0xa4 /usr/local/xenon/usr/lib/libxenon.a(netif.o)
                0x00000000800124d0                netif_set_ipaddr
 .text.netif_set_addr
                0x0000000080012574       0x54 /usr/local/xenon/usr/lib/libxenon.a(netif.o)
                0x0000000080012574                netif_set_addr
 .text.netif_add
                0x00000000800125c8       0xb0 /usr/local/xenon/usr/lib/libxenon.a(netif.o)
                0x00000000800125c8                netif_add
 .text.netif_set_gw
                0x0000000080012678       0x18 /usr/local/xenon/usr/lib/libxenon.a(netif.o)
                0x0000000080012678                netif_set_gw
 .text.netif_set_netmask
                0x0000000080012690       0x18 /usr/local/xenon/usr/lib/libxenon.a(netif.o)
                0x0000000080012690                netif_set_netmask
 .text.netif_set_default
                0x00000000800126a8        0xc /usr/local/xenon/usr/lib/libxenon.a(netif.o)
                0x00000000800126a8                netif_set_default
 .text.netif_set_up
                0x00000000800126b4       0x48 /usr/local/xenon/usr/lib/libxenon.a(netif.o)
                0x00000000800126b4                netif_set_up
 .text.netif_set_down
                0x00000000800126fc       0x1c /usr/local/xenon/usr/lib/libxenon.a(netif.o)
                0x00000000800126fc                netif_set_down
 .text.pbuf_alloced_custom
                0x0000000080012718       0xe0 /usr/local/xenon/usr/lib/libxenon.a(pbuf.o)
                0x0000000080012718                pbuf_alloced_custom
 .text.pbuf_header
                0x00000000800127f8      0x134 /usr/local/xenon/usr/lib/libxenon.a(pbuf.o)
                0x00000000800127f8                pbuf_header
 .text.pbuf_free
                0x000000008001292c      0x150 /usr/local/xenon/usr/lib/libxenon.a(pbuf.o)
                0x000000008001292c                pbuf_free
 .text.pbuf_realloc
                0x0000000080012a7c      0x190 /usr/local/xenon/usr/lib/libxenon.a(pbuf.o)
                0x0000000080012a7c                pbuf_realloc
 .text.pbuf_alloc
                0x0000000080012c0c      0x2f0 /usr/local/xenon/usr/lib/libxenon.a(pbuf.o)
                0x0000000080012c0c                pbuf_alloc
 .text.pbuf_clen
                0x0000000080012efc       0x24 /usr/local/xenon/usr/lib/libxenon.a(pbuf.o)
                0x0000000080012efc                pbuf_clen
 .text.pbuf_ref
                0x0000000080012f20       0x18 /usr/local/xenon/usr/lib/libxenon.a(pbuf.o)
                0x0000000080012f20                pbuf_ref
 .text.pbuf_cat
                0x0000000080012f38       0xac /usr/local/xenon/usr/lib/libxenon.a(pbuf.o)
                0x0000000080012f38                pbuf_cat
 .text.pbuf_chain
                0x0000000080012fe4       0x34 /usr/local/xenon/usr/lib/libxenon.a(pbuf.o)
                0x0000000080012fe4                pbuf_chain
 .text.pbuf_copy
                0x0000000080013018      0x1e0 /usr/local/xenon/usr/lib/libxenon.a(pbuf.o)
                0x0000000080013018                pbuf_copy
 .text.pbuf_copy_partial
                0x00000000800131f8      0x100 /usr/local/xenon/usr/lib/libxenon.a(pbuf.o)
                0x00000000800131f8                pbuf_copy_partial
 .text.stats_init
                0x00000000800132f8        0x4 /usr/local/xenon/usr/lib/libxenon.a(stats.o)
                0x00000000800132f8                stats_init
 .text.tcp_update_rcv_ann_wnd
                0x00000000800132fc       0x9c /usr/local/xenon/usr/lib/libxenon.a(tcp.o)
                0x00000000800132fc                tcp_update_rcv_ann_wnd
 .text.tcp_recved
                0x0000000080013398       0x98 /usr/local/xenon/usr/lib/libxenon.a(tcp.o)
                0x0000000080013398                tcp_recved
 .text.tcp_seg_free
                0x0000000080013430       0x40 /usr/local/xenon/usr/lib/libxenon.a(tcp.o)
                0x0000000080013430                tcp_seg_free
 .text.tcp_segs_free
                0x0000000080013470       0x34 /usr/local/xenon/usr/lib/libxenon.a(tcp.o)
                0x0000000080013470                tcp_segs_free
 .text.tcp_seg_copy
                0x00000000800134a4       0x44 /usr/local/xenon/usr/lib/libxenon.a(tcp.o)
                0x00000000800134a4                tcp_seg_copy
 .text.tcp_pcb_purge
                0x00000000800134e8       0x88 /usr/local/xenon/usr/lib/libxenon.a(tcp.o)
                0x00000000800134e8                tcp_pcb_purge
 .text.tcp_slowtmr
                0x0000000080013570      0x560 /usr/local/xenon/usr/lib/libxenon.a(tcp.o)
                0x0000000080013570                tcp_slowtmr
 .text.tcp_pcb_remove
                0x0000000080013ad0      0x154 /usr/local/xenon/usr/lib/libxenon.a(tcp.o)
                0x0000000080013ad0                tcp_pcb_remove
 .text.tcp_abandon
                0x0000000080013c24      0x128 /usr/local/xenon/usr/lib/libxenon.a(tcp.o)
                0x0000000080013c24                tcp_abandon
 .text.tcp_abort
                0x0000000080013d4c        0x8 /usr/local/xenon/usr/lib/libxenon.a(tcp.o)
                0x0000000080013d4c                tcp_abort
 .text.tcp_close_shutdown
                0x0000000080013d54      0x248 /usr/local/xenon/usr/lib/libxenon.a(tcp.o)
 .text.tcp_close
                0x0000000080013f9c       0x20 /usr/local/xenon/usr/lib/libxenon.a(tcp.o)
                0x0000000080013f9c                tcp_close
 .text.tcp_recv_null
                0x0000000080013fbc       0x60 /usr/local/xenon/usr/lib/libxenon.a(tcp.o)
                0x0000000080013fbc                tcp_recv_null
 .text.tcp_fasttmr
                0x000000008001401c       0xbc /usr/local/xenon/usr/lib/libxenon.a(tcp.o)
                0x000000008001401c                tcp_fasttmr
 .text.tcp_tmr  0x00000000800140d8       0x50 /usr/local/xenon/usr/lib/libxenon.a(tcp.o)
                0x00000000800140d8                tcp_tmr
 .text.tcp_next_iss
                0x0000000080014128       0x1c /usr/local/xenon/usr/lib/libxenon.a(tcp.o)
                0x0000000080014128                tcp_next_iss
 .text.tcp_alloc
                0x0000000080014144      0x1c4 /usr/local/xenon/usr/lib/libxenon.a(tcp.o)
                0x0000000080014144                tcp_alloc
 .text.tcp_eff_send_mss
                0x0000000080014308       0x5c /usr/local/xenon/usr/lib/libxenon.a(tcp.o)
                0x0000000080014308                tcp_eff_send_mss
 .text.ip_route
                0x0000000080014364       0x88 /usr/local/xenon/usr/lib/libxenon.a(ip.o)
                0x0000000080014364                ip_route
 .text.ip_input
                0x00000000800143ec      0x31c /usr/local/xenon/usr/lib/libxenon.a(ip.o)
                0x00000000800143ec                ip_input
 .text.ip_output_if
                0x0000000080014708      0x1e0 /usr/local/xenon/usr/lib/libxenon.a(ip.o)
                0x0000000080014708                ip_output_if
 .text.ip_output
                0x00000000800148e8       0xb4 /usr/local/xenon/usr/lib/libxenon.a(ip.o)
                0x00000000800148e8                ip_output
 .text.ipfrag_free_pbuf_custom
                0x000000008001499c       0x60 /usr/local/xenon/usr/lib/libxenon.a(ip_frag.o)
 .text.unlikely.ip_reass_dequeue_datagram.part.2
                0x00000000800149fc       0x2c /usr/local/xenon/usr/lib/libxenon.a(ip_frag.o)
 .text.ip_reass_free_complete_datagram
                0x0000000080014a28      0x1a8 /usr/local/xenon/usr/lib/libxenon.a(ip_frag.o)
 .text.ip_reass_remove_oldest_datagram
                0x0000000080014bd0       0xd0 /usr/local/xenon/usr/lib/libxenon.a(ip_frag.o)
 .text.ip_reass
                0x0000000080014ca0      0x51c /usr/local/xenon/usr/lib/libxenon.a(ip_frag.o)
                0x0000000080014ca0                ip_reass
 .text.ip_frag  0x00000000800151bc      0x228 /usr/local/xenon/usr/lib/libxenon.a(ip_frag.o)
                0x00000000800151bc                ip_frag
 .text.tcp_create_segment
                0x00000000800153e4      0x104 /usr/local/xenon/usr/lib/libxenon.a(tcp_out.o)
 .text.tcp_output_alloc_header.constprop.1
                0x00000000800154e8       0xb0 /usr/local/xenon/usr/lib/libxenon.a(tcp_out.o)
 .text.tcp_enqueue_flags
                0x0000000080015598      0x268 /usr/local/xenon/usr/lib/libxenon.a(tcp_out.o)
                0x0000000080015598                tcp_enqueue_flags
 .text.tcp_send_fin
                0x0000000080015800       0x4c /usr/local/xenon/usr/lib/libxenon.a(tcp_out.o)
                0x0000000080015800                tcp_send_fin
 .text.tcp_send_empty_ack
                0x000000008001584c       0x90 /usr/local/xenon/usr/lib/libxenon.a(tcp_out.o)
                0x000000008001584c                tcp_send_empty_ack
 .text.tcp_output
                0x00000000800158dc      0x41c /usr/local/xenon/usr/lib/libxenon.a(tcp_out.o)
                0x00000000800158dc                tcp_output
 .text.tcp_rst  0x0000000080015cf8       0xf8 /usr/local/xenon/usr/lib/libxenon.a(tcp_out.o)
                0x0000000080015cf8                tcp_rst
 .text.tcp_rexmit_rto
                0x0000000080015df0       0x48 /usr/local/xenon/usr/lib/libxenon.a(tcp_out.o)
                0x0000000080015df0                tcp_rexmit_rto
 .text.tcp_rexmit
                0x0000000080015e38       0x64 /usr/local/xenon/usr/lib/libxenon.a(tcp_out.o)
                0x0000000080015e38                tcp_rexmit
 .text.tcp_rexmit_fast
                0x0000000080015e9c       0x98 /usr/local/xenon/usr/lib/libxenon.a(tcp_out.o)
                0x0000000080015e9c                tcp_rexmit_fast
 .text.tcp_keepalive
                0x0000000080015f34       0x90 /usr/local/xenon/usr/lib/libxenon.a(tcp_out.o)
                0x0000000080015f34                tcp_keepalive
 .text.tcp_zero_window_probe
                0x0000000080015fc4      0x11c /usr/local/xenon/usr/lib/libxenon.a(tcp_out.o)
                0x0000000080015fc4                tcp_zero_window_probe
 .text.udp_input
                0x00000000800160e0      0x340 /usr/local/xenon/usr/lib/libxenon.a(udp.o)
                0x00000000800160e0                udp_input
 .text.udp_bind
                0x0000000080016420      0x138 /usr/local/xenon/usr/lib/libxenon.a(udp.o)
                0x0000000080016420                udp_bind
 .text.udp_sendto_if
                0x0000000080016558      0x1a4 /usr/local/xenon/usr/lib/libxenon.a(udp.o)
                0x0000000080016558                udp_sendto_if
 .text.udp_connect
                0x00000000800166fc       0xa0 /usr/local/xenon/usr/lib/libxenon.a(udp.o)
                0x00000000800166fc                udp_connect
 .text.udp_recv
                0x000000008001679c        0xc /usr/local/xenon/usr/lib/libxenon.a(udp.o)
                0x000000008001679c                udp_recv
 .text.udp_remove
                0x00000000800167a8       0x6c /usr/local/xenon/usr/lib/libxenon.a(udp.o)
                0x00000000800167a8                udp_remove
 .text.udp_new  0x0000000080016814       0x44 /usr/local/xenon/usr/lib/libxenon.a(udp.o)
                0x0000000080016814                udp_new
 .text.etharp_send_ip
                0x0000000080016858       0x80 /usr/local/xenon/usr/lib/libxenon.a(etharp.o)
 .text.free_entry
                0x00000000800168d8       0xd8 /usr/local/xenon/usr/lib/libxenon.a(etharp.o)
 .text.find_entry
                0x00000000800169b0      0x230 /usr/local/xenon/usr/lib/libxenon.a(etharp.o)
 .text.update_arp_entry
                0x0000000080016be0      0x124 /usr/local/xenon/usr/lib/libxenon.a(etharp.o)
 .text.etharp_ip_input
                0x0000000080016d04       0x78 /usr/local/xenon/usr/lib/libxenon.a(etharp.o)
                0x0000000080016d04                etharp_ip_input
 .text.etharp_arp_input
                0x0000000080016d7c      0x218 /usr/local/xenon/usr/lib/libxenon.a(etharp.o)
                0x0000000080016d7c                etharp_arp_input
 .text.etharp_request
                0x0000000080016f94      0x174 /usr/local/xenon/usr/lib/libxenon.a(etharp.o)
                0x0000000080016f94                etharp_request
 .text.etharp_query
                0x0000000080017108      0x2ac /usr/local/xenon/usr/lib/libxenon.a(etharp.o)
                0x0000000080017108                etharp_query
 .text.etharp_output
                0x00000000800173b4      0x17c /usr/local/xenon/usr/lib/libxenon.a(etharp.o)
                0x00000000800173b4                etharp_output
 .text.dhcp_set_state
                0x0000000080017530       0x24 /usr/local/xenon/usr/lib/libxenon.a(dhcp.o)
 .text.dhcp_option_trailer
                0x0000000080017554      0x104 /usr/local/xenon/usr/lib/libxenon.a(dhcp.o)
 .text.dhcp_check
                0x0000000080017658       0x54 /usr/local/xenon/usr/lib/libxenon.a(dhcp.o)
 .text.dhcp_bind
                0x00000000800176ac      0x190 /usr/local/xenon/usr/lib/libxenon.a(dhcp.o)
 .text.dhcp_option
                0x000000008001783c       0x74 /usr/local/xenon/usr/lib/libxenon.a(dhcp.o)
 .text.dhcp_option_byte
                0x00000000800178b0       0x5c /usr/local/xenon/usr/lib/libxenon.a(dhcp.o)
 .text.dhcp_option_short
                0x000000008001790c       0x74 /usr/local/xenon/usr/lib/libxenon.a(dhcp.o)
 .text.dhcp_option_long
                0x0000000080017980       0xa4 /usr/local/xenon/usr/lib/libxenon.a(dhcp.o)
 .text.dhcp_create_msg
                0x0000000080017a24      0x2b0 /usr/local/xenon/usr/lib/libxenon.a(dhcp.o)
 .text.dhcp_delete_msg
                0x0000000080017cd4       0xac /usr/local/xenon/usr/lib/libxenon.a(dhcp.o)
 .text.dhcp_reboot
                0x0000000080017d80       0xf8 /usr/local/xenon/usr/lib/libxenon.a(dhcp.o)
 .text.dhcp_discover
                0x0000000080017e78      0x144 /usr/local/xenon/usr/lib/libxenon.a(dhcp.o)
 .text.dhcp_select
                0x0000000080017fbc      0x1d4 /usr/local/xenon/usr/lib/libxenon.a(dhcp.o)
 .text.dhcp_rebind
                0x0000000080018190      0x148 /usr/local/xenon/usr/lib/libxenon.a(dhcp.o)
 .text.dhcp_recv
                0x00000000800182d8      0x858 /usr/local/xenon/usr/lib/libxenon.a(dhcp.o)
 .text.dhcp_arp_reply
                0x0000000080018b30      0x100 /usr/local/xenon/usr/lib/libxenon.a(dhcp.o)
                0x0000000080018b30                dhcp_arp_reply
 .text.dhcp_renew
                0x0000000080018c30      0x144 /usr/local/xenon/usr/lib/libxenon.a(dhcp.o)
                0x0000000080018c30                dhcp_renew
 .text.dhcp_coarse_tmr
                0x0000000080018d74       0xb4 /usr/local/xenon/usr/lib/libxenon.a(dhcp.o)
                0x0000000080018d74                dhcp_coarse_tmr
 .text.dhcp_release
                0x0000000080018e28      0x114 /usr/local/xenon/usr/lib/libxenon.a(dhcp.o)
                0x0000000080018e28                dhcp_release
 .text.dhcp_fine_tmr
                0x0000000080018f3c      0x128 /usr/local/xenon/usr/lib/libxenon.a(dhcp.o)
                0x0000000080018f3c                dhcp_fine_tmr
 .text.dhcp_stop
                0x0000000080019064       0xc0 /usr/local/xenon/usr/lib/libxenon.a(dhcp.o)
                0x0000000080019064                dhcp_stop
 .text.dhcp_start
                0x0000000080019124      0x1a0 /usr/local/xenon/usr/lib/libxenon.a(dhcp.o)
                0x0000000080019124                dhcp_start
 .text.raw_input
                0x00000000800192c4       0xe8 /usr/local/xenon/usr/lib/libxenon.a(raw.o)
                0x00000000800192c4                raw_input
 .text.tcp_timer_needed
                0x00000000800193ac        0x4 /usr/local/xenon/usr/lib/libxenon.a(timers.o)
                0x00000000800193ac                tcp_timer_needed
 .text.storage_read_sectors
                0x00000000800193b0      0x168 /usr/local/xenon/usr/lib/libxenon.a(disk_rb.o)
                0x00000000800193b0                storage_read_sectors
 .text.disk_init
                0x0000000080019518      0x100 /usr/local/xenon/usr/lib/libxenon.a(disk_rb.o)
                0x0000000080019518                disk_init
 .text.disk_mount
                0x0000000080019618       0xf0 /usr/local/xenon/usr/lib/libxenon.a(disk_rb.o)
                0x0000000080019618                disk_mount
 .text.storage_write_sectors
                0x0000000080019708       0x6c /usr/local/xenon/usr/lib/libxenon.a(disk_rb.o)
                0x0000000080019708                storage_write_sectors
 .text.q_enqueue
                0x0000000080019774       0x18 /usr/local/xenon/usr/lib/libxenon.a(lib_queue.o)
                0x0000000080019774                q_enqueue
 .text.q_deqnext
                0x000000008001978c       0x30 /usr/local/xenon/usr/lib/libxenon.a(lib_queue.o)
                0x000000008001978c                q_deqnext
 .text.usbctrl_queue_intreq
                0x00000000800197bc       0x48 /usr/local/xenon/usr/lib/libxenon.a(usbctrl.o)
 .text.usbctrl_set_led_callback
                0x0000000080019804       0x3c /usr/local/xenon/usr/lib/libxenon.a(usbctrl.o)
 .text.usbctrl_detach
                0x0000000080019840       0x88 /usr/local/xenon/usr/lib/libxenon.a(usbctrl.o)
 .text.usbctrl_set_leds
                0x00000000800198c8      0x118 /usr/local/xenon/usr/lib/libxenon.a(usbctrl.o)
                0x00000000800198c8                usbctrl_set_leds
 .text.usbctrl_ireq_callback
                0x00000000800199e0      0x29c /usr/local/xenon/usr/lib/libxenon.a(usbctrl.o)
 .text.usbctrl_poll
                0x0000000080019c7c       0xb0 /usr/local/xenon/usr/lib/libxenon.a(usbctrl.o)
                0x0000000080019c7c                usbctrl_poll
 .text.usbctrl_attach
                0x0000000080019d2c      0x338 /usr/local/xenon/usr/lib/libxenon.a(usbctrl.o)
 .text.getstringmaybe
                0x000000008001a064       0x6c /usr/local/xenon/usr/lib/libxenon.a(usbdebug.o)
 .text.usb_dbg_dumpportstatus
                0x000000008001a0d0      0x25c /usr/local/xenon/usr/lib/libxenon.a(usbdebug.o)
                0x000000008001a0d0                usb_dbg_dumpportstatus
 .text.usb_dbg_dumpdescriptors
                0x000000008001a32c      0x678 /usr/local/xenon/usr/lib/libxenon.a(usbdebug.o)
                0x000000008001a32c                usb_dbg_dumpdescriptors
 .text.unlikely.tcp_oos_insert_segment
                0x000000008001a9a4       0xd0 /usr/local/xenon/usr/lib/libxenon.a(tcp_in.o)
 .text.unlikely.tcp_receive
                0x000000008001aa74      0xde4 /usr/local/xenon/usr/lib/libxenon.a(tcp_in.o)
 .text.tcp_parseopt.isra.0
                0x000000008001b858       0xc0 /usr/local/xenon/usr/lib/libxenon.a(tcp_in.o)
 .text.tcp_input
                0x000000008001b918      0xe60 /usr/local/xenon/usr/lib/libxenon.a(tcp_in.o)
                0x000000008001b918                tcp_input
 .text.lwip_standard_chksum
                0x000000008001c778       0xb0 /usr/local/xenon/usr/lib/libxenon.a(inet_chksum.o)
 .text.inet_chksum_pseudo
                0x000000008001c828       0xec /usr/local/xenon/usr/lib/libxenon.a(inet_chksum.o)
                0x000000008001c828                inet_chksum_pseudo
 .text.inet_chksum
                0x000000008001c914       0x28 /usr/local/xenon/usr/lib/libxenon.a(inet_chksum.o)
                0x000000008001c914                inet_chksum
 .text.inet_chksum_pbuf
                0x000000008001c93c       0x94 /usr/local/xenon/usr/lib/libxenon.a(inet_chksum.o)
                0x000000008001c93c                inet_chksum_pbuf
 .text.ip4_addr_isbroadcast
                0x000000008001c9d0       0x64 /usr/local/xenon/usr/lib/libxenon.a(ip_addr.o)
                0x000000008001c9d0                ip4_addr_isbroadcast
 .text.icmp_send_response.isra.0
                0x000000008001ca34       0xf0 /usr/local/xenon/usr/lib/libxenon.a(icmp.o)
 .text.icmp_input
                0x000000008001cb24      0x368 /usr/local/xenon/usr/lib/libxenon.a(icmp.o)
                0x000000008001cb24                icmp_input
 .text.icmp_dest_unreach
                0x000000008001ce8c       0x10 /usr/local/xenon/usr/lib/libxenon.a(icmp.o)
                0x000000008001ce8c                icmp_dest_unreach
 .text.icmp_time_exceeded
                0x000000008001ce9c       0x10 /usr/local/xenon/usr/lib/libxenon.a(icmp.o)
                0x000000008001ce9c                icmp_time_exceeded
 .text.set_controller_data
                0x000000008001ceac       0x54 /usr/local/xenon/usr/lib/libxenon.a(input.o)
                0x000000008001ceac                set_controller_data
 .text          0x000000008001cf00       0x4c /usr/local/xenon/lib/gcc/xenon/4.6.1/32/libgcc.a(crtsavgpr.o)
                0x000000008001cf00                _savegpr_14
                0x000000008001cf04                _savegpr_15
                0x000000008001cf08                _savegpr_16
                0x000000008001cf0c                _savegpr_17
                0x000000008001cf10                _savegpr_18
                0x000000008001cf14                _savegpr_19
                0x000000008001cf18                _savegpr_20
                0x000000008001cf1c                _savegpr_21
                0x000000008001cf20                _savegpr_22
                0x000000008001cf24                _savegpr_23
                0x000000008001cf28                _savegpr_24
                0x000000008001cf2c                _savegpr_25
                0x000000008001cf30                _savegpr_26
                0x000000008001cf34                _savegpr_27
                0x000000008001cf38                _savegpr_28
                0x000000008001cf3c                _savegpr_29
                0x000000008001cf40                _savegpr_30
                0x000000008001cf44                _savegpr_31
 .text          0x000000008001cf4c       0x58 /usr/local/xenon/lib/gcc/xenon/4.6.1/32/libgcc.a(crtresxgpr.o)
                0x000000008001cf4c                _restgpr_14_x
                0x000000008001cf50                _restgpr_15_x
                0x000000008001cf54                _restgpr_16_x
                0x000000008001cf58                _restgpr_17_x
                0x000000008001cf5c                _restgpr_18_x
                0x000000008001cf60                _restgpr_19_x
                0x000000008001cf64                _restgpr_20_x
                0x000000008001cf68                _restgpr_21_x
                0x000000008001cf6c                _restgpr_22_x
                0x000000008001cf70                _restgpr_23_x
                0x000000008001cf74                _restgpr_24_x
                0x000000008001cf78                _restgpr_25_x
                0x000000008001cf7c                _restgpr_26_x
                0x000000008001cf80                _restgpr_27_x
                0x000000008001cf84                _restgpr_28_x
                0x000000008001cf88                _restgpr_29_x
                0x000000008001cf8c                _restgpr_30_x
                0x000000008001cf90                _restgpr_31_x
 *fill*         0x000000008001cfa4        0x4 00
 .text          0x000000008001cfa8     0x1ae0 /usr/local/xenon/lib/gcc/xenon/4.6.1/32/libgcc.a(unwind-dw2-fde-glibc.o)
                0x000000008001e524                __register_frame_info_bases
                0x000000008001e598                __register_frame_info
                0x000000008001e5c0                __register_frame
                0x000000008001e60c                __register_frame_info_table_bases
                0x000000008001e670                __register_frame_info_table
                0x000000008001e698                __register_frame_table
                0x000000008001e6dc                __deregister_frame_info_bases
                0x000000008001e828                __deregister_frame_info
                0x000000008001e848                __deregister_frame
                0x000000008001e87c                _Unwind_Find_FDE
 .text          0x000000008001ea88       0x1c /usr/local/xenon/xenon/lib/32/libc.a(lib_a-abort.o)
                0x000000008001ea88                abort
 *fill*         0x000000008001eaa4        0x4 00
 .text          0x000000008001eaa8       0x88 /usr/local/xenon/xenon/lib/32/libc.a(lib_a-assert.o)
                0x000000008001eaac                __assert_func
                0x000000008001eb18                __assert
 .text          0x000000008001eb30       0x50 /usr/local/xenon/xenon/lib/32/libc.a(lib_a-atoi.o)
                0x000000008001eb30                atoi
                0x000000008001eb58                _atoi_r
 .text          0x000000008001eb80       0x40 /usr/local/xenon/xenon/lib/32/libc.a(lib_a-errno.o)
                0x000000008001eb84                __errno
 .text          0x000000008001ebc0       0x58 /usr/local/xenon/xenon/lib/32/libc.a(lib_a-exit.o)
                0x000000008001ebc4                exit
 .text          0x000000008001ec18      0x130 /usr/local/xenon/xenon/lib/32/libc.a(lib_a-fiprintf.o)
                0x000000008001ec18                _fiprintf_r
                0x000000008001ec9c                fiprintf
 .text          0x000000008001ed48       0x4c /usr/local/xenon/xenon/lib/32/libc.a(lib_a-malign.o)
                0x000000008001ed4c                memalign
 *fill*         0x000000008001ed94        0x4 00
 .text          0x000000008001ed98      0x21c /usr/local/xenon/xenon/lib/32/libc.a(lib_a-malignr.o)
                0x000000008001ed98                _memalign_r
 *fill*         0x000000008001efb4        0x4 00
 .text          0x000000008001efb8       0x90 /usr/local/xenon/xenon/lib/32/libc.a(lib_a-malloc.o)
                0x000000008001efbc                malloc
                0x000000008001f004                free
 .text          0x000000008001f048      0x890 /usr/local/xenon/xenon/lib/32/libc.a(lib_a-mallocr.o)
                0x000000008001f04c                _malloc_r
 .text          0x000000008001f8d8      0x130 /usr/local/xenon/xenon/lib/32/libc.a(lib_a-memchr.o)
                0x000000008001f8d8                memchr
 .text          0x000000008001fa08       0xe0 /usr/local/xenon/xenon/lib/32/libc.a(lib_a-memcmp.o)
                0x000000008001fa08                memcmp
 .text          0x000000008001fae8      0x128 /usr/local/xenon/xenon/lib/32/libc.a(lib_a-memcpy.o)
                0x000000008001fae8                memcpy
 .text          0x000000008001fc10      0x134 /usr/local/xenon/xenon/lib/32/libc.a(lib_a-memset.o)
                0x000000008001fc10                memset
 *fill*         0x000000008001fd44        0x4 00
 .text          0x000000008001fd48        0xc /usr/local/xenon/xenon/lib/32/libc.a(lib_a-mlock.o)
                0x000000008001fd48                __malloc_lock
                0x000000008001fd50                __malloc_unlock
 *fill*         0x000000008001fd54        0x4 00
 .text          0x000000008001fd58      0x138 /usr/local/xenon/xenon/lib/32/libc.a(lib_a-printf.o)
                0x000000008001fd58                _printf_r
                0x000000008001fde4                printf
 .text          0x000000008001fe90       0x74 /usr/local/xenon/xenon/lib/32/libc.a(lib_a-putchar.o)
                0x000000008001fe90                _putchar_r
                0x000000008001febc                putchar
 *fill*         0x000000008001ff04        0x4 00
 .text          0x000000008001ff08      0x204 /usr/local/xenon/xenon/lib/32/libc.a(lib_a-putc.o)
                0x000000008001ff08                _putc_r
                0x000000008001ffec                putc
 *fill*         0x000000008002010c        0x4 00
 .text          0x0000000080020110      0x128 /usr/local/xenon/xenon/lib/32/libc.a(lib_a-puts.o)
                0x0000000080020114                _puts_r
                0x00000000800201f4                puts
 .text          0x0000000080020238       0x94 /usr/local/xenon/xenon/lib/32/libc.a(lib_a-sbrkr.o)
                0x000000008002023c                _sbrk_r
 *fill*         0x00000000800202cc        0x4 00
 .text          0x00000000800202d0      0x408 /usr/local/xenon/xenon/lib/32/libc.a(lib_a-signal.o)
                0x00000000800202d0                _init_signal_r
                0x0000000080020370                _signal_r
                0x0000000080020400                _raise_r
                0x00000000800204f0                __sigtramp_r
                0x00000000800205b4                raise
                0x00000000800205fc                signal
                0x000000008002064c                _init_signal
                0x0000000080020694                __sigtramp
 .text          0x00000000800206d8       0xc0 /usr/local/xenon/xenon/lib/32/libc.a(lib_a-signalr.o)
                0x00000000800206dc                _kill_r
                0x0000000080020778                _getpid_r
 .text          0x0000000080020798      0x240 /usr/local/xenon/xenon/lib/32/libc.a(lib_a-snprintf.o)
                0x0000000080020798                _snprintf_r
                0x00000000800208ac                snprintf
 .text          0x00000000800209d8      0x1a8 /usr/local/xenon/xenon/lib/32/libc.a(lib_a-sprintf.o)
                0x00000000800209d8                _sprintf_r
                0x0000000080020a9c                sprintf
 .text          0x0000000080020b80      0x108 /usr/local/xenon/xenon/lib/32/libc.a(lib_a-strcasecmp.o)
                0x0000000080020b84                strcasecmp
 .text          0x0000000080020c88       0xb0 /usr/local/xenon/xenon/lib/32/libc.a(lib_a-strcat.o)
                0x0000000080020c88                strcat
 .text          0x0000000080020d38      0x238 /usr/local/xenon/xenon/lib/32/libc.a(lib_a-strchr.o)
                0x0000000080020d38                strchr
 .text          0x0000000080020f70      0x10c /usr/local/xenon/xenon/lib/32/libc.a(lib_a-strcmp.o)
                0x0000000080020f70                strcmp
 *fill*         0x000000008002107c        0x4 00
 .text          0x0000000080021080       0xa4 /usr/local/xenon/xenon/lib/32/libc.a(lib_a-strcpy.o)
                0x0000000080021080                strcpy
 *fill*         0x0000000080021124        0x4 00
 .text          0x0000000080021128       0x88 /usr/local/xenon/xenon/lib/32/libc.a(lib_a-strlcpy.o)
                0x0000000080021128                strlcpy
 .text          0x00000000800211b0      0x100 /usr/local/xenon/xenon/lib/32/libc.a(lib_a-strlen.o)
                0x00000000800211b0                strlen
 .text          0x00000000800212b0       0xe8 /usr/local/xenon/xenon/lib/32/libc.a(lib_a-strncasecmp.o)
                0x00000000800212b4                strncasecmp
 .text          0x0000000080021398      0x18c /usr/local/xenon/xenon/lib/32/libc.a(lib_a-strncmp.o)
                0x0000000080021398                strncmp
 *fill*         0x0000000080021524        0x4 00
 .text          0x0000000080021528       0xec /usr/local/xenon/xenon/lib/32/libc.a(lib_a-strncpy.o)
                0x0000000080021528                strncpy
 *fill*         0x0000000080021614        0x4 00
 .text          0x0000000080021618       0x94 /usr/local/xenon/xenon/lib/32/libc.a(lib_a-strrchr.o)
                0x0000000080021618                strrchr
 *fill*         0x00000000800216ac        0x4 00
 .text          0x00000000800216b0      0x11c /usr/local/xenon/xenon/lib/32/libc.a(lib_a-strtok_r.o)
                0x00000000800216b0                __strtok_r
                0x00000000800217a8                strtok_r
 *fill*         0x00000000800217cc        0x4 00
 .text          0x00000000800217d0      0x2b4 /usr/local/xenon/xenon/lib/32/libc.a(lib_a-strtol.o)
                0x00000000800217d4                _strtol_r
                0x0000000080021a34                strtol
 *fill*         0x0000000080021a84        0x4 00
 .text          0x0000000080021a88     0x2318 /usr/local/xenon/xenon/lib/32/libc.a(lib_a-svfprintf.o)
                0x0000000080021d6c                _svfprintf_r
 .text          0x0000000080023da0     0x153c /usr/local/xenon/xenon/lib/32/libc.a(lib_a-vfiprintf.o)
                0x0000000080023e0c                _vfiprintf_r
                0x000000008002528c                vfiprintf
 *fill*         0x00000000800252dc        0x4 00
 .text          0x00000000800252e0     0x21e4 /usr/local/xenon/xenon/lib/32/libc.a(lib_a-vfprintf.o)
                0x000000008002534c                _vfprintf_r
                0x0000000080027474                vfprintf
 *fill*         0x00000000800274c4        0x4 00
 .text          0x00000000800274c8      0x21c /usr/local/xenon/xenon/lib/32/libc.a(lib_a-wbuf.o)
                0x00000000800274c8                __swbuf_r
                0x000000008002769c                __swbuf
 *fill*         0x00000000800276e4        0x4 00
 .text          0x00000000800276e8      0x1b0 /usr/local/xenon/xenon/lib/32/libc.a(lib_a-wsetup.o)
                0x00000000800276ec                __swsetup_r
 .text          0x0000000080027898      0x1f8 /usr/local/xenon/xenon/lib/32/libc.a(lib_a-__call_atexit.o)
                0x000000008002789c                __call_exitprocs
 .text          0x0000000080027a90     0x14dc /usr/local/xenon/xenon/lib/32/libc.a(lib_a-dtoa.o)
                0x0000000080027ce4                _dtoa_r
 *fill*         0x0000000080028f6c        0x4 00
 .text          0x0000000080028f70      0x334 /usr/local/xenon/xenon/lib/32/libc.a(lib_a-fflush.o)
                0x0000000080028f70                _fflush_r
                0x0000000080029234                fflush
 *fill*         0x00000000800292a4        0x4 00
 .text          0x00000000800292a8      0x48c /usr/local/xenon/xenon/lib/32/libc.a(lib_a-findfp.o)
                0x00000000800292bc                _cleanup_r
                0x0000000080029398                __sfmoreglue
                0x000000008002941c                _cleanup
                0x0000000080029460                __sfp_lock_acquire
                0x0000000080029468                __sfp_lock_release
                0x0000000080029470                __sinit_lock_acquire
                0x0000000080029478                __sinit_lock_release
                0x0000000080029484                __sinit
                0x0000000080029534                __sfp
                0x000000008002969c                __fp_lock_all
                0x00000000800296ec                __fp_unlock_all
 *fill*         0x0000000080029734        0x4 00
 .text          0x0000000080029738      0x418 /usr/local/xenon/xenon/lib/32/libc.a(lib_a-freer.o)
                0x000000008002973c                _malloc_trim_r
                0x0000000080029894                _free_r
 .text          0x0000000080029b50      0x57c /usr/local/xenon/xenon/lib/32/libc.a(lib_a-fvwrite.o)
                0x0000000080029b50                __sfvwrite_r
 *fill*         0x000000008002a0cc        0x4 00
 .text          0x000000008002a0d0      0x19c /usr/local/xenon/xenon/lib/32/libc.a(lib_a-fwalk.o)
                0x000000008002a0d0                _fwalk
                0x000000008002a198                _fwalk_reent
 *fill*         0x000000008002a26c        0x4 00
 .text          0x000000008002a270      0x1cc /usr/local/xenon/xenon/lib/32/libc.a(lib_a-locale.o)
                0x000000008002a274                _setlocale_r
                0x000000008002a32c                __locale_charset
                0x000000008002a36c                _localeconv_r
                0x000000008002a3ac                setlocale
                0x000000008002a3fc                localeconv
 *fill*         0x000000008002a43c        0x4 00
 .text          0x000000008002a440      0x220 /usr/local/xenon/xenon/lib/32/libc.a(lib_a-makebuf.o)
                0x000000008002a444                __smakebuf_r
 .text          0x000000008002a660      0x198 /usr/local/xenon/xenon/lib/32/libc.a(lib_a-memmove.o)
                0x000000008002a660                memmove
 .text          0x000000008002a7f8     0x1308 /usr/local/xenon/xenon/lib/32/libc.a(lib_a-mprec.o)
                0x000000008002a7f8                _Balloc
                0x000000008002a8c0                _Bfree
                0x000000008002a8e8                __multadd
                0x000000008002aa10                __s2b
                0x000000008002ab60                __hi0bits
                0x000000008002abd8                __lo0bits
                0x000000008002acb8                __i2b
                0x000000008002acf8                __multiply
                0x000000008002af5c                __pow5mult
                0x000000008002b0b0                __lshift
                0x000000008002b230                __mcmp
                0x000000008002b290                __mdiff
                0x000000008002b478                __ulp
                0x000000008002b510                __b2d
                0x000000008002b690                __d2b
                0x000000008002b830                __ratio
                0x000000008002b91c                _mprec_log10
                0x000000008002b998                __copybits
                0x000000008002ba20                __any_on
 .text          0x000000008002bb00      0x630 /usr/local/xenon/xenon/lib/32/libc.a(lib_a-reallocr.o)
                0x000000008002bb04                _realloc_r
 .text          0x000000008002c130       0x44 /usr/local/xenon/xenon/lib/32/libc.a(lib_a-s_isinfd.o)
                0x000000008002c130                __isinfd
 *fill*         0x000000008002c174        0x4 00
 .text          0x000000008002c178       0x38 /usr/local/xenon/xenon/lib/32/libc.a(lib_a-s_isnand.o)
                0x000000008002c178                __isnand
 .text          0x000000008002c1b0      0x1a8 /usr/local/xenon/xenon/lib/32/libc.a(lib_a-stdio.o)
                0x000000008002c1b0                __sread
                0x000000008002c218                __swrite
                0x000000008002c2c0                __sseek
                0x000000008002c330                __sclose
 .text          0x000000008002c358       0x9c /usr/local/xenon/xenon/lib/32/libc.a(lib_a-writer.o)
                0x000000008002c35c                _write_r
 *fill*         0x000000008002c3f4        0x4 00
 .text          0x000000008002c3f8       0xc8 /usr/local/xenon/xenon/lib/32/libc.a(lib_a-callocr.o)
                0x000000008002c3f8                _calloc_r
 .text          0x000000008002c4c0       0x94 /usr/local/xenon/xenon/lib/32/libc.a(lib_a-closer.o)
                0x000000008002c4c4                _close_r
 *fill*         0x000000008002c554        0x4 00
 .text          0x000000008002c558      0x1c0 /usr/local/xenon/xenon/lib/32/libc.a(lib_a-fclose.o)
                0x000000008002c558                _fclose_r
                0x000000008002c6d4                fclose
 .text          0x000000008002c718       0x9c /usr/local/xenon/xenon/lib/32/libc.a(lib_a-fstatr.o)
                0x000000008002c71c                _fstat_r
 *fill*         0x000000008002c7b4        0x4 00
 .text          0x000000008002c7b8       0x94 /usr/local/xenon/xenon/lib/32/libc.a(lib_a-isattyr.o)
                0x000000008002c7bc                _isatty_r
 *fill*         0x000000008002c84c        0x4 00
 .text          0x000000008002c850       0x9c /usr/local/xenon/xenon/lib/32/libc.a(lib_a-lseekr.o)
                0x000000008002c854                _lseek_r
 *fill*         0x000000008002c8ec        0x4 00
 .text          0x000000008002c8f0       0x9c /usr/local/xenon/xenon/lib/32/libc.a(lib_a-readr.o)
                0x000000008002c8f4                _read_r
 *fill*         0x000000008002c98c        0x4 00
 .text          0x000000008002c990      0x434 /usr/local/xenon/lib/gcc/xenon/4.6.1/32/libgcc.a(_udivdi3.o)
                0x000000008002c990                __udivdi3
 *fill*         0x000000008002cdc4        0x4 00
 .text          0x000000008002cdc8      0x3f0 /usr/local/xenon/lib/gcc/xenon/4.6.1/32/libgcc.a(_umoddi3.o)
                0x000000008002cdc8                __umoddi3
 *(.init*)

.glink          0x000000008002d1b8        0x0
 .glink         0x0000000000000000        0x0 /usr/local/xenon/lib/gcc/xenon/4.6.1/../../../../xenon/lib/../lib/crt1.o

.elfldr         0x000000008002d1b8        0x0
                0x000000008002d1b8                elfldr_start = .
 *(.elfldr)
                0x000000008002d1b8                elfldr_end = .

.data           0x000000008002d1b8     0x5768
 *(.data*)
 .data.console_color
                0x000000008002d1b8        0x8 /usr/local/xenon/usr/lib/libxenon.a(console.o)
 .data.mounts   0x000000008002d1c0      0x480 /usr/local/xenon/usr/lib/libxenon.a(newlib.o)
 .data.vfs_console_ops
                0x000000008002d640       0x18 /usr/local/xenon/usr/lib/libxenon.a(newlib.o)
                0x000000008002d640                vfs_console_ops
 .data.vfs_console_mount_ops
                0x000000008002d658       0x10 /usr/local/xenon/usr/lib/libxenon.a(newlib.o)
                0x000000008002d658                vfs_console_mount_ops
 .data.fd_array
                0x000000008002d668      0xc00 /usr/local/xenon/usr/lib/libxenon.a(newlib.o)
 .data.first_access
                0x000000008002e268        0x4 /usr/local/xenon/usr/lib/libxenon.a(tinyehci.o)
 .data.__lun    0x000000008002e26c        0x1 /usr/local/xenon/usr/lib/libxenon.a(tinyehci.o)
 *fill*         0x000000008002e26d        0x3 00
 .data.ana_1024x768
                0x000000008002e270      0x400 /usr/local/xenon/usr/lib/libxenon.a(xenos.o)
                0x000000008002e270                ana_1024x768
 .data.ana_ntsc_480i
                0x000000008002e670      0x400 /usr/local/xenon/usr/lib/libxenon.a(xenos.o)
                0x000000008002e670                ana_ntsc_480i
 .data.ana_yuv_480p
                0x000000008002ea70      0x400 /usr/local/xenon/usr/lib/libxenon.a(xenos.o)
                0x000000008002ea70                ana_yuv_480p
 .data.ana_1280x1024
                0x000000008002ee70      0x400 /usr/local/xenon/usr/lib/libxenon.a(xenos.o)
                0x000000008002ee70                ana_1280x1024
 .data.ana_pal  0x000000008002f270      0x400 /usr/local/xenon/usr/lib/libxenon.a(xenos.o)
                0x000000008002f270                ana_pal
 .data.ana_1360x768
                0x000000008002f670      0x400 /usr/local/xenon/usr/lib/libxenon.a(xenos.o)
                0x000000008002f670                ana_1360x768
 .data.ana_640_480_composite
                0x000000008002fa70      0x400 /usr/local/xenon/usr/lib/libxenon.a(xenos.o)
                0x000000008002fa70                ana_640_480_composite
 .data.ana_1440x900